Archive member included because of file (symbol)

/opt/altera/13.0sp1/nios2eds/bin/gnu/H-i686-pc-linux-gnu/bin/../lib/gcc/nios2-elf/4.1.2/mno-hw-mul/libgcc.a(_addsub_df.o)
                              obj/default/src/image_bare.o (__adddf3)
/opt/altera/13.0sp1/nios2eds/bin/gnu/H-i686-pc-linux-gnu/bin/../lib/gcc/nios2-elf/4.1.2/mno-hw-mul/libgcc.a(_mul_df.o)
                              obj/default/src/image_bare.o (__muldf3)
/opt/altera/13.0sp1/nios2eds/bin/gnu/H-i686-pc-linux-gnu/bin/../lib/gcc/nios2-elf/4.1.2/mno-hw-mul/libgcc.a(_si_to_df.o)
                              obj/default/src/image_bare.o (__floatsidf)
/opt/altera/13.0sp1/nios2eds/bin/gnu/H-i686-pc-linux-gnu/bin/../lib/gcc/nios2-elf/4.1.2/mno-hw-mul/libgcc.a(_df_to_sf.o)
                              obj/default/src/image_bare.o (__truncdfsf2)
/opt/altera/13.0sp1/nios2eds/bin/gnu/H-i686-pc-linux-gnu/bin/../lib/gcc/nios2-elf/4.1.2/mno-hw-mul/libgcc.a(_thenan_df.o)
                              /opt/altera/13.0sp1/nios2eds/bin/gnu/H-i686-pc-linux-gnu/bin/../lib/gcc/nios2-elf/4.1.2/mno-hw-mul/libgcc.a(_addsub_df.o) (__thenan_df)
/opt/altera/13.0sp1/nios2eds/bin/gnu/H-i686-pc-linux-gnu/bin/../lib/gcc/nios2-elf/4.1.2/mno-hw-mul/libgcc.a(lib2-divmod.o)
                              obj/default/src/image_bare.o (__divsi3)
/opt/altera/13.0sp1/nios2eds/bin/gnu/H-i686-pc-linux-gnu/bin/../lib/gcc/nios2-elf/4.1.2/mno-hw-mul/libgcc.a(lib2-mul.o)
                              obj/default/src/image_bare.o (__mulsi3)
/opt/altera/13.0sp1/nios2eds/bin/gnu/H-i686-pc-linux-gnu/bin/../lib/gcc/nios2-elf/4.1.2/mno-hw-mul/libgcc.a(_muldi3.o)
                              /opt/altera/13.0sp1/nios2eds/bin/gnu/H-i686-pc-linux-gnu/bin/../lib/gcc/nios2-elf/4.1.2/mno-hw-mul/libgcc.a(_mul_df.o) (__muldi3)
/opt/altera/13.0sp1/nios2eds/bin/gnu/H-i686-pc-linux-gnu/bin/../lib/gcc/nios2-elf/4.1.2/mno-hw-mul/libgcc.a(_clzsi2.o)
                              /opt/altera/13.0sp1/nios2eds/bin/gnu/H-i686-pc-linux-gnu/bin/../lib/gcc/nios2-elf/4.1.2/mno-hw-mul/libgcc.a(_si_to_df.o) (__clzsi2)
/opt/altera/13.0sp1/nios2eds/bin/gnu/H-i686-pc-linux-gnu/bin/../lib/gcc/nios2-elf/4.1.2/mno-hw-mul/libgcc.a(_make_sf.o)
                              /opt/altera/13.0sp1/nios2eds/bin/gnu/H-i686-pc-linux-gnu/bin/../lib/gcc/nios2-elf/4.1.2/mno-hw-mul/libgcc.a(_df_to_sf.o) (__make_fp)
/opt/altera/13.0sp1/nios2eds/bin/gnu/H-i686-pc-linux-gnu/bin/../lib/gcc/nios2-elf/4.1.2/mno-hw-mul/libgcc.a(_pack_df.o)
                              /opt/altera/13.0sp1/nios2eds/bin/gnu/H-i686-pc-linux-gnu/bin/../lib/gcc/nios2-elf/4.1.2/mno-hw-mul/libgcc.a(_addsub_df.o) (__pack_d)
/opt/altera/13.0sp1/nios2eds/bin/gnu/H-i686-pc-linux-gnu/bin/../lib/gcc/nios2-elf/4.1.2/mno-hw-mul/libgcc.a(_unpack_df.o)
                              /opt/altera/13.0sp1/nios2eds/bin/gnu/H-i686-pc-linux-gnu/bin/../lib/gcc/nios2-elf/4.1.2/mno-hw-mul/libgcc.a(_addsub_df.o) (__unpack_d)
/opt/altera/13.0sp1/nios2eds/bin/gnu/H-i686-pc-linux-gnu/bin/../lib/gcc/nios2-elf/4.1.2/mno-hw-mul/libgcc.a(_clz.o)
                              /opt/altera/13.0sp1/nios2eds/bin/gnu/H-i686-pc-linux-gnu/bin/../lib/gcc/nios2-elf/4.1.2/mno-hw-mul/libgcc.a(_clzsi2.o) (__clz_tab)
/opt/altera/13.0sp1/nios2eds/bin/gnu/H-i686-pc-linux-gnu/bin/../lib/gcc/nios2-elf/4.1.2/mno-hw-mul/libgcc.a(_pack_sf.o)
                              /opt/altera/13.0sp1/nios2eds/bin/gnu/H-i686-pc-linux-gnu/bin/../lib/gcc/nios2-elf/4.1.2/mno-hw-mul/libgcc.a(_make_sf.o) (__pack_f)
/opt/altera/13.0sp1/nios2eds/bin/gnu/H-i686-pc-linux-gnu/bin/../lib/gcc/nios2-elf/4.1.2/../../../../nios2-elf/lib/mno-hw-mul/libc.a(lib_a-malloc.o)
                              obj/default/src/image_bare.o (malloc)
/opt/altera/13.0sp1/nios2eds/bin/gnu/H-i686-pc-linux-gnu/bin/../lib/gcc/nios2-elf/4.1.2/../../../../nios2-elf/lib/mno-hw-mul/libc.a(lib_a-mallocr.o)
                              /opt/altera/13.0sp1/nios2eds/bin/gnu/H-i686-pc-linux-gnu/bin/../lib/gcc/nios2-elf/4.1.2/../../../../nios2-elf/lib/mno-hw-mul/libc.a(lib_a-malloc.o) (_malloc_r)
/opt/altera/13.0sp1/nios2eds/bin/gnu/H-i686-pc-linux-gnu/bin/../lib/gcc/nios2-elf/4.1.2/../../../../nios2-elf/lib/mno-hw-mul/libc.a(lib_a-memcpy.o)
                              obj/default/src/image_bare.o (memcpy)
/opt/altera/13.0sp1/nios2eds/bin/gnu/H-i686-pc-linux-gnu/bin/../lib/gcc/nios2-elf/4.1.2/../../../../nios2-elf/lib/mno-hw-mul/libc.a(lib_a-putchar.o)
                              obj/default/src/image_bare.o (putchar)
/opt/altera/13.0sp1/nios2eds/bin/gnu/H-i686-pc-linux-gnu/bin/../lib/gcc/nios2-elf/4.1.2/../../../../nios2-elf/lib/mno-hw-mul/libc.a(lib_a-puts.o)
                              obj/default/src/image_bare.o (puts)
/opt/altera/13.0sp1/nios2eds/bin/gnu/H-i686-pc-linux-gnu/bin/../lib/gcc/nios2-elf/4.1.2/../../../../nios2-elf/lib/mno-hw-mul/libc.a(lib_a-sbrkr.o)
                              /opt/altera/13.0sp1/nios2eds/bin/gnu/H-i686-pc-linux-gnu/bin/../lib/gcc/nios2-elf/4.1.2/../../../../nios2-elf/lib/mno-hw-mul/libc.a(lib_a-mallocr.o) (_sbrk_r)
[...]
Memory Configuration

Name             Origin             Length             Attributes
reset            0x00080000         0x00000020
sram             0x00080020         0x0007ffe0
shared_onchip    0x00102000         0x00002000
sdram            0x01000000         0x00800000
*default*        0x00000000         0xffffffff

Linker script and memory map

LOAD ../../bsp/mpsoc_hello_ucosii//obj/HAL/src/crt0.o
LOAD obj/default/src/image_bare.o
LOAD /opt/altera/13.0sp1/nios2eds/bin/gnu/H-i686-pc-linux-gnu/bin/../lib/gcc/nios2-elf/4.1.2/../../../../nios2-elf/lib/mno-hw-mul/libstdc++.a
LOAD /opt/altera/13.0sp1/nios2eds/bin/gnu/H-i686-pc-linux-gnu/bin/../lib/gcc/nios2-elf/4.1.2/../../../../nios2-elf/lib/mno-hw-mul/libm.a
LOAD /opt/altera/13.0sp1/nios2eds/bin/gnu/H-i686-pc-linux-gnu/bin/../lib/gcc/nios2-elf/4.1.2/mno-hw-mul/libgcc.a
START GROUP
LOAD /opt/altera/13.0sp1/nios2eds/bin/gnu/H-i686-pc-linux-gnu/bin/../lib/gcc/nios2-elf/4.1.2/../../../../nios2-elf/lib/mno-hw-mul/libc.a
LOAD /opt/altera/13.0sp1/nios2eds/bin/gnu/H-i686-pc-linux-gnu/bin/../lib/gcc/nios2-elf/4.1.2/mno-hw-mul/libgcc.a
LOAD ../../bsp/mpsoc_hello_ucosii//libucosii_bsp.a
END GROUP
LOAD /opt/altera/13.0sp1/nios2eds/bin/gnu/H-i686-pc-linux-gnu/bin/../lib/gcc/nios2-elf/4.1.2/mno-hw-mul/libgcc.a
                0x00080000                __alt_mem_sram = 0x80000
                0x00102000                __alt_mem_shared_onchip = 0x102000
                0x01000000                __alt_mem_sdram = 0x1000000

.entry          0x00080000       0x20
 *(.entry)
 .entry         0x00080000       0x20 ../../bsp/mpsoc_hello_ucosii//obj/HAL/src/crt0.o
                0x00080000                __reset

.exceptions     0x00080020      0x12c
                0x00080020                PROVIDE (__ram_exceptions_start, ABSOLUTE (.))
                0x00080020                . = ALIGN (0x20)
 *(.irq)
 *(.exceptions.entry.label)
 .exceptions.entry.label
                0x00080020        0x0 ../../bsp/mpsoc_hello_ucosii//libucosii_bsp.a(alt_irq_entry.o)
                0x00080020                alt_irq_entry
 .exceptions.entry.label
                0x00080020        0x0 ../../bsp/mpsoc_hello_ucosii//libucosii_bsp.a(alt_exception_entry.o)
                0x00080020                alt_exception
 *(.exceptions.entry.user)
 *(.exceptions.entry)
 .exceptions.entry
                0x00080020       0x54 ../../bsp/mpsoc_hello_ucosii//libucosii_bsp.a(alt_exception_entry.o)
 *(.exceptions.irqtest.user)
 *(.exceptions.irqtest)
 .exceptions.irqtest
                0x00080074       0x10 ../../bsp/mpsoc_hello_ucosii//libucosii_bsp.a(alt_irq_entry.o)
 *(.exceptions.irqhandler.user)
 *(.exceptions.irqhandler)
 .exceptions.irqhandler
                0x00080084        0x4 ../../bsp/mpsoc_hello_ucosii//libucosii_bsp.a(alt_irq_entry.o)
 *(.exceptions.irqreturn.user)
 *(.exceptions.irqreturn)
 .exceptions.irqreturn
                0x00080088        0x4 ../../bsp/mpsoc_hello_ucosii//libucosii_bsp.a(alt_irq_entry.o)
 *(.exceptions.notirq.label)
 .exceptions.notirq.label
                0x0008008c        0x0 ../../bsp/mpsoc_hello_ucosii//libucosii_bsp.a(alt_irq_entry.o)
 *(.exceptions.notirq.user)
 *(.exceptions.notirq)
 .exceptions.notirq
                0x0008008c        0x8 ../../bsp/mpsoc_hello_ucosii//libucosii_bsp.a(alt_exception_entry.o)
 *(.exceptions.soft.user)
 *(.exceptions.soft)
 *(.exceptions.unknown.user)
 *(.exceptions.unknown)
 .exceptions.unknown
                0x00080094        0x4 ../../bsp/mpsoc_hello_ucosii//libucosii_bsp.a(alt_exception_entry.o)
 *(.exceptions.exit.label)
 .exceptions.exit.label
                0x00080098        0x0 ../../bsp/mpsoc_hello_ucosii//libucosii_bsp.a(alt_irq_entry.o)
 .exceptions.exit.label
                0x00080098        0x0 ../../bsp/mpsoc_hello_ucosii//libucosii_bsp.a(alt_exception_entry.o)
 *(.exceptions.exit.user)
 *(.exceptions.exit)
 .exceptions.exit
                0x00080098       0x54 ../../bsp/mpsoc_hello_ucosii//libucosii_bsp.a(alt_exception_entry.o)
 *(.exceptions)
 .exceptions    0x000800ec       0x60 ../../bsp/mpsoc_hello_ucosii//libucosii_bsp.a(alt_irq_handler.o)
                0x000800ec                alt_irq_handler
                0x0008014c                PROVIDE (__ram_exceptions_end, ABSOLUTE (.))
                0x00080020                PROVIDE (__flash_exceptions_start, LOADADDR (.exceptions))

.text           0x0008014c    0x1195c
                0x0008014c                PROVIDE (stext, ABSOLUTE (.))
 *(.interp)
 *(.hash)
 *(.dynsym)
 *(.dynstr)
 *(.gnu.version)
 *(.gnu.version_d)
 *(.gnu.version_r)
 *(.rel.init)
 *(.rela.init)
 *(.rel.text .rel.text.* .rel.gnu.linkonce.t.*)
 *(.rela.text .rela.text.* .rela.gnu.linkonce.t.*)
 *(.rel.fini)
 *(.rela.fini)
 *(.rel.rodata .rel.rodata.* .rel.gnu.linkonce.r.*)
 *(.rela.rodata .rela.rodata.* .rela.gnu.linkonce.r.*)
 *(.rel.data .rel.data.* .rel.gnu.linkonce.d.*)
 *(.rela.data .rela.data.* .rela.gnu.linkonce.d.*)
 *(.rel.tdata .rel.tdata.* .rel.gnu.linkonce.td.*)
 *(.rela.tdata .rela.tdata.* .rela.gnu.linkonce.td.*)
 *(.rel.tbss .rel.tbss.* .rel.gnu.linkonce.tb.*)
 *(.rela.tbss .rela.tbss.* .rela.gnu.linkonce.tb.*)
 *(.rel.ctors)
 *(.rela.ctors)
 *(.rel.dtors)
 *(.rela.dtors)
 *(.rel.got)
 *(.rela.got)
 *(.rel.sdata .rel.sdata.* .rel.gnu.linkonce.s.*)
 *(.rela.sdata .rela.sdata.* .rela.gnu.linkonce.s.*)
 *(.rel.sbss .rel.sbss.* .rel.gnu.linkonce.sb.*)
 *(.rela.sbss .rela.sbss.* .rela.gnu.linkonce.sb.*)
 *(.rel.sdata2 .rel.sdata2.* .rel.gnu.linkonce.s2.*)
 *(.rela.sdata2 .rela.sdata2.* .rela.gnu.linkonce.s2.*)
 *(.rel.sbss2 .rel.sbss2.* .rel.gnu.linkonce.sb2.*)
 *(.rela.sbss2 .rela.sbss2.* .rela.gnu.linkonce.sb2.*)
 *(.rel.bss .rel.bss.* .rel.gnu.linkonce.b.*)
 *(.rela.bss .rela.bss.* .rela.gnu.linkonce.b.*)
 *(.rel.plt)
 *(.rela.plt)
 *(.rel.dyn)
 *(.init)
 *(.plt)
 *(.text .stub .text.* .gnu.linkonce.t.*)
 .text          0x0008014c       0x3c ../../bsp/mpsoc_hello_ucosii//obj/HAL/src/crt0.o
                0x0008014c                _start
 .text          0x00080188      0x714 obj/default/src/image_bare.o
                0x00080188                toGrayFloat
                0x000802e4                toAscii
                0x000803a4                resize
                0x00080478                task2
                0x00080494                task3
                0x000804c8                sram2sm_p3
                0x0008056c                toGrayInt
                0x0008065c                task1
                0x00080690                main
                0x00080830                printAscii
 .text          0x0008089c      0x504 /opt/altera/13.0sp1/nios2eds/bin/gnu/H-i686-pc-linux-gnu/bin/../lib/gcc/nios2-elf/4.1.2/mno-hw-mul/libgcc.a(_addsub_df.o)
                0x00080cac                __subdf3
                0x00080d2c                __adddf3
 .text          0x00080da0      0x3c4 /opt/altera/13.0sp1/nios2eds/bin/gnu/H-i686-pc-linux-gnu/bin/../lib/gcc/nios2-elf/4.1.2/mno-hw-mul/libgcc.a(_mul_df.o)
                0x00080da0                __muldf3
 .text          0x00081164       0xf8 /opt/altera/13.0sp1/nios2eds/bin/gnu/H-i686-pc-linux-gnu/bin/../lib/gcc/nios2-elf/4.1.2/mno-hw-mul/libgcc.a(_si_to_df.o)
                0x00081164                __floatsidf
 .text          0x0008125c       0x74 /opt/altera/13.0sp1/nios2eds/bin/gnu/H-i686-pc-linux-gnu/bin/../lib/gcc/nios2-elf/4.1.2/mno-hw-mul/libgcc.a(_df_to_sf.o)
                0x0008125c                __truncdfsf2
 .text          0x000812d0        0x0 /opt/altera/13.0sp1/nios2eds/bin/gnu/H-i686-pc-linux-gnu/bin/../lib/gcc/nios2-elf/4.1.2/mno-hw-mul/libgcc.a(_thenan_df.o)
 .text          0x000812d0      0x14c /opt/altera/13.0sp1/nios2eds/bin/gnu/H-i686-pc-linux-gnu/bin/../lib/gcc/nios2-elf/4.1.2/mno-hw-mul/libgcc.a(lib2-divmod.o)
                0x0008134c                __divsi3
                0x000813ac                __modsi3
                0x0008140c                __udivsi3
                0x00081414                __umodsi3
 .text          0x0008141c       0x38 /opt/altera/13.0sp1/nios2eds/bin/gnu/H-i686-pc-linux-gnu/bin/../lib/gcc/nios2-elf/4.1.2/mno-hw-mul/libgcc.a(lib2-mul.o)
                0x0008141c                __mulsi3
 .text          0x00081454      0x124 /opt/altera/13.0sp1/nios2eds/bin/gnu/H-i686-pc-linux-gnu/bin/../lib/gcc/nios2-elf/4.1.2/mno-hw-mul/libgcc.a(_muldi3.o)
                0x00081454                __muldi3
 .text          0x00081578       0x80 /opt/altera/13.0sp1/nios2eds/bin/gnu/H-i686-pc-linux-gnu/bin/../lib/gcc/nios2-elf/4.1.2/mno-hw-mul/libgcc.a(_clzsi2.o)
                0x00081578                __clzsi2
 .text          0x000815f8       0x2c /opt/altera/13.0sp1/nios2eds/bin/gnu/H-i686-pc-linux-gnu/bin/../lib/gcc/nios2-elf/4.1.2/mno-hw-mul/libgcc.a(_make_sf.o)
                0x000815f8                __make_fp
 .text          0x00081624      0x314 /opt/altera/13.0sp1/nios2eds/bin/gnu/H-i686-pc-linux-gnu/bin/../lib/gcc/nios2-elf/4.1.2/mno-hw-mul/libgcc.a(_pack_df.o)
                0x00081624                __pack_d
 .text          0x00081938      0x138 /opt/altera/13.0sp1/nios2eds/bin/gnu/H-i686-pc-linux-gnu/bin/../lib/gcc/nios2-elf/4.1.2/mno-hw-mul/libgcc.a(_unpack_df.o)
                0x00081938                __unpack_d
 .text          0x00081a70        0x0 /opt/altera/13.0sp1/nios2eds/bin/gnu/H-i686-pc-linux-gnu/bin/../lib/gcc/nios2-elf/4.1.2/mno-hw-mul/libgcc.a(_clz.o)
 .text          0x00081a70      0x160 /opt/altera/13.0sp1/nios2eds/bin/gnu/H-i686-pc-linux-gnu/bin/../lib/gcc/nios2-elf/4.1.2/mno-hw-mul/libgcc.a(_pack_sf.o)
                0x00081a70                __pack_f
 .text          0x00081bd0       0x28 /opt/altera/13.0sp1/nios2eds/bin/gnu/H-i686-pc-linux-gnu/bin/../lib/gcc/nios2-elf/4.1.2/../../../../nios2-elf/lib/mno-hw-mul/libc.a(lib_a-malloc.o)
                0x00081bd0                free
                0x00081be4                malloc
 .text          0x00081bf8      0x740 /opt/altera/13.0sp1/nios2eds/bin/gnu/H-i686-pc-linux-gnu/bin/../lib/gcc/nios2-elf/4.1.2/../../../../nios2-elf/lib/mno-hw-mul/libc.a(lib_a-mallocr.o)
                0x00081bf8                _malloc_r
 .text          0x00082338       0xa0 /opt/altera/13.0sp1/nios2eds/bin/gnu/H-i686-pc-linux-gnu/bin/../lib/gcc/nios2-elf/4.1.2/../../../../nios2-elf/lib/mno-hw-mul/libc.a(lib_a-memcpy.o)
                0x00082338                memcpy
 .text          0x000823d8       0x24 /opt/altera/13.0sp1/nios2eds/bin/gnu/H-i686-pc-linux-gnu/bin/../lib/gcc/nios2-elf/4.1.2/../../../../nios2-elf/lib/mno-hw-mul/libc.a(lib_a-putchar.o)
                0x000823d8                putchar
                0x000823f4                _putchar_r
 .text          0x000823fc       0xb4 /opt/altera/13.0sp1/nios2eds/bin/gnu/H-i686-pc-linux-gnu/bin/../lib/gcc/nios2-elf/4.1.2/../../../../nios2-elf/lib/mno-hw-mul/libc.a(lib_a-puts.o)
                0x000823fc                _puts_r
                0x0008249c                puts
 .text          0x000824b0       0x70 /opt/altera/13.0sp1/nios2eds/bin/gnu/H-i686-pc-linux-gnu/bin/../lib/gcc/nios2-elf/4.1.2/../../../../nios2-elf/lib/mno-hw-mul/libc.a(lib_a-sbrkr.o)
                0x000824b0                _sbrk_r
 .text          0x00082520       0x74 /opt/altera/13.0sp1/nios2eds/bin/gnu/H-i686-pc-linux-gnu/bin/../lib/gcc/nios2-elf/4.1.2/../../../../nios2-elf/lib/mno-hw-mul/libc.a(lib_a-strlen.o)
                0x00082520                strlen
 .text          0x00082594      0x440 /opt/altera/13.0sp1/nios2eds/bin/gnu/H-i686-pc-linux-gnu/bin/../lib/gcc/nios2-elf/4.1.2/../../../../nios2-elf/lib/mno-hw-mul/libc.a(lib_a-freer.o)
                0x00082594                _malloc_trim_r
                0x000826c0                _free_r
 .text          0x000829d4      0x49c /opt/altera/13.0sp1/nios2eds/bin/gnu/H-i686-pc-linux-gnu/bin/../lib/gcc/nios2-elf/4.1.2/../../../../nios2-elf/lib/mno-hw-mul/libc.a(lib_a-fvwrite.o)
                0x000829d4                __sfvwrite_r
 .text          0x00082e70        0x0 /opt/altera/13.0sp1/nios2eds/bin/gnu/H-i686-pc-linux-gnu/bin/../lib/gcc/nios2-elf/4.1.2/../../../../nios2-elf/lib/mno-hw-mul/libc.a(lib_a-impure.o)
 .text          0x00082e70        0x0 /opt/altera/13.0sp1/nios2eds/bin/gnu/H-i686-pc-linux-gnu/bin/../lib/gcc/nios2-elf/4.1.2/../../../../nios2-elf/lib/mno-hw-mul/libc.a(lib_a-int_errno.o)
 .text          0x00082e70       0xe4 /opt/altera/13.0sp1/nios2eds/bin/gnu/H-i686-pc-linux-gnu/bin/../lib/gcc/nios2-elf/4.1.2/../../../../nios2-elf/lib/mno-hw-mul/libc.a(lib_a-memchr.o)
                0x00082e70                memchr
 .text          0x00082f54       0xe0 /opt/altera/13.0sp1/nios2eds/bin/gnu/H-i686-pc-linux-gnu/bin/../lib/gcc/nios2-elf/4.1.2/../../../../nios2-elf/lib/mno-hw-mul/libc.a(lib_a-memmove.o)
                0x00082f54                memmove
 .text          0x00083034      0x1ec /opt/altera/13.0sp1/nios2eds/bin/gnu/H-i686-pc-linux-gnu/bin/../lib/gcc/nios2-elf/4.1.2/../../../../nios2-elf/lib/mno-hw-mul/libc.a(lib_a-putc.o)
                0x00083034                putc
                0x00083138                _putc_r
 .text          0x00083220      0x5f4 /opt/altera/13.0sp1/nios2eds/bin/gnu/H-i686-pc-linux-gnu/bin/../lib/gcc/nios2-elf/4.1.2/../../../../nios2-elf/lib/mno-hw-mul/libc.a(lib_a-reallocr.o)
                0x00083220                _realloc_r
 .text          0x00083814      0x14c /opt/altera/13.0sp1/nios2eds/bin/gnu/H-i686-pc-linux-gnu/bin/../lib/gcc/nios2-elf/4.1.2/../../../../nios2-elf/lib/mno-hw-mul/libc.a(lib_a-wbuf.o)
                0x00083814                __swbuf_r
                0x00083944                __swbuf
 .text          0x00083960      0x13c /opt/altera/13.0sp1/nios2eds/bin/gnu/H-i686-pc-linux-gnu/bin/../lib/gcc/nios2-elf/4.1.2/../../../../nios2-elf/lib/mno-hw-mul/libc.a(lib_a-wsetup.o)
                0x00083960                __swsetup_r
 .text          0x00083a9c      0x230 /opt/altera/13.0sp1/nios2eds/bin/gnu/H-i686-pc-linux-gnu/bin/../lib/gcc/nios2-elf/4.1.2/../../../../nios2-elf/lib/mno-hw-mul/libc.a(lib_a-fflush.o)
                0x00083a9c                _fflush_r
                0x00083c98                fflush
 .text          0x00083ccc      0x2f4 /opt/altera/13.0sp1/nios2eds/bin/gnu/H-i686-pc-linux-gnu/bin/../lib/gcc/nios2-elf/4.1.2/../../../../nios2-elf/lib/mno-hw-mul/libc.a(lib_a-findfp.o)
                0x00083d24                __sfp_lock_acquire
                0x00083d28                __sfp_lock_release
                0x00083d2c                __sinit_lock_acquire
                0x00083d30                __sinit_lock_release
                0x00083d34                __sinit
                0x00083de8                __fp_unlock_all
                0x00083e00                __fp_lock_all
                0x00083e18                _cleanup_r
                0x00083e24                _cleanup
                0x00083e34                __sfmoreglue
                0x00083ed0                __sfp
 .text          0x00083fc0      0x180 /opt/altera/13.0sp1/nios2eds/bin/gnu/H-i686-pc-linux-gnu/bin/../lib/gcc/nios2-elf/4.1.2/../../../../nios2-elf/lib/mno-hw-mul/libc.a(lib_a-fwalk.o)
                0x00083fc0                _fwalk_reent
                0x00084088                _fwalk
 .text          0x00084140      0x194 /opt/altera/13.0sp1/nios2eds/bin/gnu/H-i686-pc-linux-gnu/bin/../lib/gcc/nios2-elf/4.1.2/../../../../nios2-elf/lib/mno-hw-mul/libc.a(lib_a-makebuf.o)
                0x00084140                __smakebuf_r
 .text          0x000842d4       0x98 /opt/altera/13.0sp1/nios2eds/bin/gnu/H-i686-pc-linux-gnu/bin/../lib/gcc/nios2-elf/4.1.2/../../../../nios2-elf/lib/mno-hw-mul/libc.a(lib_a-memset.o)
                0x000842d4                memset
 .text          0x0008436c      0x14c /opt/altera/13.0sp1/nios2eds/bin/gnu/H-i686-pc-linux-gnu/bin/../lib/gcc/nios2-elf/4.1.2/../../../../nios2-elf/lib/mno-hw-mul/libc.a(lib_a-stdio.o)
                0x0008436c                __sclose
                0x00084374                __sseek
                0x000843dc                __swrite
                0x00084458                __sread
 .text          0x000844b8       0x78 /opt/altera/13.0sp1/nios2eds/bin/gnu/H-i686-pc-linux-gnu/bin/../lib/gcc/nios2-elf/4.1.2/../../../../nios2-elf/lib/mno-hw-mul/libc.a(lib_a-writer.o)
                0x000844b8                _write_r
 .text          0x00084530       0x70 /opt/altera/13.0sp1/nios2eds/bin/gnu/H-i686-pc-linux-gnu/bin/../lib/gcc/nios2-elf/4.1.2/../../../../nios2-elf/lib/mno-hw-mul/libc.a(lib_a-closer.o)
                0x00084530                _close_r
 .text          0x000845a0      0x124 /opt/altera/13.0sp1/nios2eds/bin/gnu/H-i686-pc-linux-gnu/bin/../lib/gcc/nios2-elf/4.1.2/../../../../nios2-elf/lib/mno-hw-mul/libc.a(lib_a-fclose.o)
                0x000845a0                _fclose_r
                0x000846b0                fclose
 .text          0x000846c4       0x74 /opt/altera/13.0sp1/nios2eds/bin/gnu/H-i686-pc-linux-gnu/bin/../lib/gcc/nios2-elf/4.1.2/../../../../nios2-elf/lib/mno-hw-mul/libc.a(lib_a-fstatr.o)
                0x000846c4                _fstat_r
 .text          0x00084738       0x70 /opt/altera/13.0sp1/nios2eds/bin/gnu/H-i686-pc-linux-gnu/bin/../lib/gcc/nios2-elf/4.1.2/../../../../nios2-elf/lib/mno-hw-mul/libc.a(lib_a-isattyr.o)
                0x00084738                _isatty_r
 .text          0x000847a8       0x78 /opt/altera/13.0sp1/nios2eds/bin/gnu/H-i686-pc-linux-gnu/bin/../lib/gcc/nios2-elf/4.1.2/../../../../nios2-elf/lib/mno-hw-mul/libc.a(lib_a-lseekr.o)
                0x000847a8                _lseek_r
 .text          0x00084820       0x78 /opt/altera/13.0sp1/nios2eds/bin/gnu/H-i686-pc-linux-gnu/bin/../lib/gcc/nios2-elf/4.1.2/../../../../nios2-elf/lib/mno-hw-mul/libc.a(lib_a-readr.o)
                0x00084820                _read_r
 .text          0x00084898       0xbc ../../bsp/mpsoc_hello_ucosii//libucosii_bsp.a(alt_close.o)
                0x000848b8                close
 .text          0x00084954        0x8 ../../bsp/mpsoc_hello_ucosii//libucosii_bsp.a(alt_dev.o)
 .text          0x0008495c        0x0 ../../bsp/mpsoc_hello_ucosii//libucosii_bsp.a(alt_errno.o)
 .text          0x0008495c       0x9c ../../bsp/mpsoc_hello_ucosii//libucosii_bsp.a(alt_fstat.o)
                0x0008495c                fstat
 .text          0x000849f8       0x94 ../../bsp/mpsoc_hello_ucosii//libucosii_bsp.a(alt_isatty.o)
                0x000849f8                isatty
 .text          0x00084a8c       0x8c ../../bsp/mpsoc_hello_ucosii//libucosii_bsp.a(alt_load.o)
                0x00084aac                alt_load
 .text          0x00084b18       0xb8 ../../bsp/mpsoc_hello_ucosii//libucosii_bsp.a(alt_lseek.o)
                0x00084b18                lseek
 .text          0x00084bd0       0xa8 ../../bsp/mpsoc_hello_ucosii//libucosii_bsp.a(alt_main.o)
                0x00084bd0                alt_main
 .text          0x00084c78       0xd8 ../../bsp/mpsoc_hello_ucosii//libucosii_bsp.a(alt_read.o)
                0x00084c98                read
 .text          0x00084d50       0x5c ../../bsp/mpsoc_hello_ucosii//libucosii_bsp.a(alt_release_fd.o)
                0x00084d50                alt_release_fd
 .text          0x00084dac       0x50 ../../bsp/mpsoc_hello_ucosii//libucosii_bsp.a(alt_sbrk.o)
                0x00084dac                sbrk
 .text          0x00084dfc       0xd4 ../../bsp/mpsoc_hello_ucosii//libucosii_bsp.a(alt_write.o)
                0x00084e1c                write
 .text          0x00084ed0       0xa8 ../../bsp/mpsoc_hello_ucosii//libucosii_bsp.a(alt_env_lock.o)
                0x00084ed0                __env_unlock
                0x00084ef8                __env_lock
 .text          0x00084f78      0x110 ../../bsp/mpsoc_hello_ucosii//libucosii_bsp.a(alt_malloc_lock.o)
                0x00084f78                __malloc_unlock
                0x00084fd4                __malloc_lock
 .text          0x00085088     0x1118 ../../bsp/mpsoc_hello_ucosii//libucosii_bsp.a(os_core.o)
                0x00085088                OSVersion
                0x00085090                OS_Dummy
                0x00085094                OS_EventTaskWait
                0x00085118                OS_EventTaskWaitMulti
                0x000851b8                OS_EventTaskRemove
                0x00085204                OS_EventTaskRemoveMulti
                0x00085260                OS_EventTaskRdy
                0x00085354                OS_EventWaitListInit
                0x00085370                OS_MemClr
                0x0008538c                OS_MemCopy
                0x000853b0                OS_StrCopy
                0x000853dc                OS_StrLen
                0x000853fc                OS_TaskStatStkChk
                0x00085480                OS_Sched
                0x00085538                OSStart
                0x000855a4                OSInit
                0x00085784                OSEventNameGet
                0x0008583c                OSEventPendMulti
                0x00085b94                OSIntEnter
                0x00085bd0                OSSchedLock
                0x00085c14                OSSchedUnlock
                0x00085c68                OSStatInit
                0x00085ccc                OSTimeTick
                0x00085dd8                OS_TaskIdle
                0x00085e08                OS_TaskStat
                0x00085e8c                OS_TCBInit
                0x00086010                OSIntExit
                0x000860e4                OSEventNameSet
 .text          0x000861a0        0x4 ../../bsp/mpsoc_hello_ucosii//libucosii_bsp.a(os_dbg.o)
                0x000861a0                OSDebugInit
 .text          0x000861a4      0xc5c ../../bsp/mpsoc_hello_ucosii//libucosii_bsp.a(os_flag.o)
                0x0008625c                OS_FlagUnlink
                0x00086328                OS_FlagInit
                0x00086398                OSFlagQuery
                0x000863f4                OSFlagAccept
                0x00086564                OSFlagCreate
                0x000865ec                OSFlagDel
                0x0008674c                OSFlagNameGet
                0x0008680c                OSFlagNameSet
                0x000868e0                OSFlagPend
                0x00086be0                OSFlagPendGetFlagsRdy
                0x00086c0c                OSFlagPost
 .text          0x00086e00      0x3b8 ../../bsp/mpsoc_hello_ucosii//libucosii_bsp.a(os_mem.o)
                0x00086e00                OS_MemInit
                0x00086e68                OSMemQuery
                0x00086ecc                OSMemCreate
                0x00086f9c                OSMemGet
                0x00087008                OSMemNameGet
                0x000870a4                OSMemNameSet
                0x00087160                OSMemPut
 .text          0x000871b8      0x9c4 ../../bsp/mpsoc_hello_ucosii//libucosii_bsp.a(os_q.o)
                0x000871b8                OS_QInit
                0x00087208                OSQQuery
                0x000872a0                OSQAccept
                0x0008733c                OSQCreate
                0x0008743c                OSQDel
                0x000875c0                OSQFlush
                0x00087610                OSQPend
                0x000877d0                OSQPendAbort
                0x000878b8                OSQPost
                0x00087974                OSQPostFront
                0x00087a38                OSQPostOpt
 .text          0x00087b7c      0x5e0 ../../bsp/mpsoc_hello_ucosii//libucosii_bsp.a(os_sem.o)
                0x00087b7c                OSSemSet
                0x00087be0                OSSemAccept
                0x00087c24                OSSemCreate
                0x00087cb0                OSSemDel
                0x00087e04                OSSemPend
                0x00087f6c                OSSemPendAbort
                0x00088058                OSSemPost
                0x000880f4                OSSemQuery
 .text          0x0008815c      0xe74 ../../bsp/mpsoc_hello_ucosii//libucosii_bsp.a(os_task.o)
                0x0008815c                OS_TaskStkClr
                0x0008818c                OSTaskQuery
                0x00088254                OSTaskChangePrio
                0x000884f0                OSTaskCreate
                0x000885fc                OSTaskCreateExt
                0x00088774                OSTaskDel
                0x000889c0                OSTaskDelReq
                0x00088a74                OSTaskNameGet
                0x00088b7c                OSTaskNameSet
                0x00088c98                OSTaskResume
                0x00088d9c                OSTaskStkChk
                0x00088e8c                OSTaskSuspend
 .text          0x00088fd0      0x378 ../../bsp/mpsoc_hello_ucosii//libucosii_bsp.a(os_time.o)
                0x00088fd0                OSTimeSet
                0x00088ff4                OSTimeDly
                0x0008908c                OSTimeDlyHMSM
                0x0008922c                OSTimeDlyResume
                0x00089324                OSTimeGet
 .text          0x00089348      0xb94 ../../bsp/mpsoc_hello_ucosii//libucosii_bsp.a(os_tmr.o)
                0x000894b4                OSTmr_Init
                0x00089710                OSTmrStop
                0x0008986c                OSTmrStart
                0x00089970                OSTmrStateGet
                0x00089a18                OSTmrRemainGet
                0x00089b30                OSTmrDel
                0x00089c2c                OSTmrSignal
                0x00089c54                OSTmrNameGet
                0x00089d40                OSTmrCreate
 .text          0x00089edc      0x168 ../../bsp/mpsoc_hello_ucosii//libucosii_bsp.a(alt_sys_init.o)
                0x00089f64                alt_sys_init
                0x0008a024                alt_irq_init
 .text          0x0008a044       0x3c ../../bsp/mpsoc_hello_ucosii//libucosii_bsp.a(altera_avalon_jtag_uart_fd.o)
                0x0008a044                altera_avalon_jtag_uart_ioctl_fd
                0x0008a050                altera_avalon_jtag_uart_close_fd
                0x0008a060                altera_avalon_jtag_uart_write_fd
                0x0008a070                altera_avalon_jtag_uart_read_fd
 .text          0x0008a080      0x2e0 ../../bsp/mpsoc_hello_ucosii//libucosii_bsp.a(altera_avalon_jtag_uart_init.o)
                0x0008a080                altera_avalon_jtag_uart_close
                0x0008a140                altera_avalon_jtag_uart_init
 .text          0x0008a360       0x7c ../../bsp/mpsoc_hello_ucosii//libucosii_bsp.a(altera_avalon_jtag_uart_ioctl.o)
                0x0008a360                altera_avalon_jtag_uart_ioctl
 .text          0x0008a3dc      0x1ac ../../bsp/mpsoc_hello_ucosii//libucosii_bsp.a(altera_avalon_jtag_uart_read.o)
                0x0008a3dc                altera_avalon_jtag_uart_read
 .text          0x0008a588      0x1b8 ../../bsp/mpsoc_hello_ucosii//libucosii_bsp.a(altera_avalon_jtag_uart_write.o)
                0x0008a588                altera_avalon_jtag_uart_write
 .text          0x0008a740      0x188 ../../bsp/mpsoc_hello_ucosii//libucosii_bsp.a(altera_avalon_mutex.o)
                0x0008a740                altera_avalon_mutex_close
                0x0008a744                altera_avalon_mutex_first_lock
                0x0008a754                altera_avalon_mutex_is_mine
                0x0008a7a4                altera_avalon_mutex_unlock
                0x0008a7c8                altera_avalon_mutex_trylock
                0x0008a824                altera_avalon_mutex_open
                0x0008a87c                altera_avalon_mutex_lock
 .text          0x0008a8c8       0x6c ../../bsp/mpsoc_hello_ucosii//libucosii_bsp.a(altera_avalon_timer_sc.o)
                0x0008a8c8                alt_avalon_timer_sc_init
 .text          0x0008a934      0x1e0 ../../bsp/mpsoc_hello_ucosii//libucosii_bsp.a(perf_print_formatted_report.o)
                0x0008a934                perf_print_formatted_report
 .text          0x0008ab14       0x90 ../../bsp/mpsoc_hello_ucosii//libucosii_bsp.a(alt_alarm_start.o)
                0x0008ab14                alt_alarm_start
 .text          0x0008aba4        0x4 ../../bsp/mpsoc_hello_ucosii//libucosii_bsp.a(alt_dcache_flush_all.o)
                0x0008aba4                alt_dcache_flush_all
 .text          0x0008aba8       0x70 ../../bsp/mpsoc_hello_ucosii//libucosii_bsp.a(alt_dev_llist_insert.o)
                0x0008aba8                alt_dev_llist_insert
 .text          0x0008ac18       0x40 ../../bsp/mpsoc_hello_ucosii//libucosii_bsp.a(alt_do_ctors.o)
                0x0008ac18                _do_ctors
 .text          0x0008ac58       0x40 ../../bsp/mpsoc_hello_ucosii//libucosii_bsp.a(alt_do_dtors.o)
                0x0008ac58                _do_dtors
 .text          0x0008ac98       0x70 ../../bsp/mpsoc_hello_ucosii//libucosii_bsp.a(alt_find_dev.o)
                0x0008ac98                alt_find_dev
 .text          0x0008ad08        0x4 ../../bsp/mpsoc_hello_ucosii//libucosii_bsp.a(alt_icache_flush_all.o)
                0x0008ad08                alt_icache_flush_all
 .text          0x0008ad0c      0x114 ../../bsp/mpsoc_hello_ucosii//libucosii_bsp.a(alt_io_redirect.o)
                0x0008ad94                alt_io_redirect
 .text          0x0008ae20       0xa0 ../../bsp/mpsoc_hello_ucosii//libucosii_bsp.a(alt_irq_register.o)
                0x0008ae20                alt_irq_register
 .text          0x0008aec0        0x0 ../../bsp/mpsoc_hello_ucosii//libucosii_bsp.a(alt_irq_vars.o)
 .text          0x0008aec0      0x17c ../../bsp/mpsoc_hello_ucosii//libucosii_bsp.a(alt_open.o)
                0x0008aec0                open
 .text          0x0008b03c       0xe0 ../../bsp/mpsoc_hello_ucosii//libucosii_bsp.a(alt_tick.o)
                0x0008b03c                alt_alarm_stop
                0x0008b070                alt_tick
 .text          0x0008b11c        0x8 ../../bsp/mpsoc_hello_ucosii//libucosii_bsp.a(altera_nios2_qsys_irq.o)
                0x0008b11c                altera_nios2_qsys_irq_init
 .text          0x0008b124       0xd0 ../../bsp/mpsoc_hello_ucosii//libucosii_bsp.a(os_cpu_a.o)
                0x0008b124                OSCtxSw
                0x0008b124                OSIntCtxSw
                0x0008b1b0                OSStartHighRdy
                0x0008b1d0                OSStartTsk
 .text          0x0008b1f4      0x228 ../../bsp/mpsoc_hello_ucosii//libucosii_bsp.a(os_cpu_c.o)
                0x0008b1f4                OSTaskCreateHook
                0x0008b1f8                OSTaskDelHook
                0x0008b1fc                OSTaskSwHook
                0x0008b200                OSTaskStatHook
                0x0008b204                OSInitHookBegin
                0x0008b20c                OSInitHookEnd
                0x0008b210                OSTaskIdleHook
                0x0008b214                OSTCBInitHook
                0x0008b218                OSTimeTickHook
                0x0008b270                OSTaskStkInit
 .text          0x0008b41c       0x60 ../../bsp/mpsoc_hello_ucosii//libucosii_bsp.a(altera_avalon_performance_counter.o)
                0x0008b41c                alt_get_performance_counter_base
                0x0008b428                alt_get_cpu_freq
                0x0008b434                perf_get_num_starts
                0x0008b444                perf_get_section_time
                0x0008b474                perf_get_total_time
 .text          0x0008b47c       0x9c ../../bsp/mpsoc_hello_ucosii//libucosii_bsp.a(alt_find_file.o)
                0x0008b47c                alt_find_file
 .text          0x0008b518       0xa4 ../../bsp/mpsoc_hello_ucosii//libucosii_bsp.a(alt_get_fd.o)
                0x0008b518                alt_get_fd
 .text          0x0008b5bc        0x0 ../../bsp/mpsoc_hello_ucosii//libucosii_bsp.a(alt_irq_entry.o)
 .text          0x0008b5bc        0x0 ../../bsp/mpsoc_hello_ucosii//libucosii_bsp.a(alt_irq_handler.o)
 .text          0x0008b5bc        0x0 ../../bsp/mpsoc_hello_ucosii//libucosii_bsp.a(alt_exception_entry.o)
 .text          0x0008b5bc       0x14 /opt/altera/13.0sp1/nios2eds/bin/gnu/H-i686-pc-linux-gnu/bin/../lib/gcc/nios2-elf/4.1.2/../../../../nios2-elf/lib/mno-hw-mul/libc.a(lib_a-atexit.o)
                0x0008b5bc                atexit
 .text          0x0008b5d0       0x38 /opt/altera/13.0sp1/nios2eds/bin/gnu/H-i686-pc-linux-gnu/bin/../lib/gcc/nios2-elf/4.1.2/../../../../nios2-elf/lib/mno-hw-mul/libc.a(lib_a-exit.o)
                0x0008b5d0                exit
 .text          0x0008b608       0x74 /opt/altera/13.0sp1/nios2eds/bin/gnu/H-i686-pc-linux-gnu/bin/../lib/gcc/nios2-elf/4.1.2/../../../../nios2-elf/lib/mno-hw-mul/libc.a(lib_a-memcmp.o)
                0x0008b608                memcmp
 .text          0x0008b67c       0x78 /opt/altera/13.0sp1/nios2eds/bin/gnu/H-i686-pc-linux-gnu/bin/../lib/gcc/nios2-elf/4.1.2/../../../../nios2-elf/lib/mno-hw-mul/libc.a(lib_a-printf.o)
                0x0008b67c                printf
                0x0008b6c0                _printf_r
 .text          0x0008b6f4     0x1f40 /opt/altera/13.0sp1/nios2eds/bin/gnu/H-i686-pc-linux-gnu/bin/../lib/gcc/nios2-elf/4.1.2/../../../../nios2-elf/lib/mno-hw-mul/libc.a(lib_a-vfprintf.o)
                0x0008b74c                ___vfprintf_internal_r
                0x0008d610                __vfprintf_internal
 .text          0x0008d634      0x134 /opt/altera/13.0sp1/nios2eds/bin/gnu/H-i686-pc-linux-gnu/bin/../lib/gcc/nios2-elf/4.1.2/../../../../nios2-elf/lib/mno-hw-mul/libc.a(lib_a-__atexit.o)
                0x0008d634                __register_exitproc
 .text          0x0008d768      0x1b4 /opt/altera/13.0sp1/nios2eds/bin/gnu/H-i686-pc-linux-gnu/bin/../lib/gcc/nios2-elf/4.1.2/../../../../nios2-elf/lib/mno-hw-mul/libc.a(lib_a-__call_atexit.o)
                0x0008d76c                __call_exitprocs
 .text          0x0008d91c     0x17f8 /opt/altera/13.0sp1/nios2eds/bin/gnu/H-i686-pc-linux-gnu/bin/../lib/gcc/nios2-elf/4.1.2/../../../../nios2-elf/lib/mno-hw-mul/libc.a(lib_a-dtoa.o)
                0x0008db60                _dtoa_r
 .text          0x0008f114       0xc4 /opt/altera/13.0sp1/nios2eds/bin/gnu/H-i686-pc-linux-gnu/bin/../lib/gcc/nios2-elf/4.1.2/../../../../nios2-elf/lib/mno-hw-mul/libc.a(lib_a-locale.o)
                0x0008f114                __locale_charset
                0x0008f11c                _localeconv_r
                0x0008f128                localeconv
                0x0008f138                _setlocale_r
                0x0008f1bc                setlocale
 .text          0x0008f1d8     0x108c /opt/altera/13.0sp1/nios2eds/bin/gnu/H-i686-pc-linux-gnu/bin/../lib/gcc/nios2-elf/4.1.2/../../../../nios2-elf/lib/mno-hw-mul/libc.a(lib_a-mprec.o)
                0x0008f1d8                _Bfree
                0x0008f200                __hi0bits
                0x0008f270                __lo0bits
                0x0008f334                __mcmp
                0x0008f394                __ulp
                0x0008f414                __b2d
                0x0008f534                __ratio
                0x0008f5e4                _mprec_log10
                0x0008f678                __copybits
                0x0008f6d0                __any_on
                0x0008f758                _Balloc
                0x0008f814                __d2b
                0x0008f990                __mdiff
                0x0008fb1c                __lshift
                0x0008fc68                __multiply
                0x0008febc                __i2b
                0x0008fef8                __multadd
                0x00090024                __pow5mult
                0x00090144                __s2b
 .text          0x00090264       0x40 /opt/altera/13.0sp1/nios2eds/bin/gnu/H-i686-pc-linux-gnu/bin/../lib/gcc/nios2-elf/4.1.2/../../../../nios2-elf/lib/mno-hw-mul/libc.a(lib_a-s_isinfd.o)
                0x00090264                __isinfd
 .text          0x000902a4       0x30 /opt/altera/13.0sp1/nios2eds/bin/gnu/H-i686-pc-linux-gnu/bin/../lib/gcc/nios2-elf/4.1.2/../../../../nios2-elf/lib/mno-hw-mul/libc.a(lib_a-s_isnand.o)
                0x000902a4                __isnand
 .text          0x000902d4       0xbc /opt/altera/13.0sp1/nios2eds/bin/gnu/H-i686-pc-linux-gnu/bin/../lib/gcc/nios2-elf/4.1.2/../../../../nios2-elf/lib/mno-hw-mul/libc.a(lib_a-strcmp.o)
                0x000902d4                strcmp
 .text          0x00090390       0xc8 /opt/altera/13.0sp1/nios2eds/bin/gnu/H-i686-pc-linux-gnu/bin/../lib/gcc/nios2-elf/4.1.2/../../../../nios2-elf/lib/mno-hw-mul/libc.a(lib_a-callocr.o)
                0x00090390                _calloc_r
 .text          0x00090458       0xa4 /opt/altera/13.0sp1/nios2eds/bin/gnu/H-i686-pc-linux-gnu/bin/../lib/gcc/nios2-elf/4.1.2/mno-hw-mul/libgcc.a(_fixunsdfsi.o)
                0x00090458                __fixunsdfsi
 .text          0x000904fc       0x88 /opt/altera/13.0sp1/nios2eds/bin/gnu/H-i686-pc-linux-gnu/bin/../lib/gcc/nios2-elf/4.1.2/mno-hw-mul/libgcc.a(_floatundidf.o)
                0x000904fc                __floatundidf
 .text          0x00090584      0x66c /opt/altera/13.0sp1/nios2eds/bin/gnu/H-i686-pc-linux-gnu/bin/../lib/gcc/nios2-elf/4.1.2/mno-hw-mul/libgcc.a(_udivdi3.o)
                0x00090584                __udivdi3
 .text          0x00090bf0      0x660 /opt/altera/13.0sp1/nios2eds/bin/gnu/H-i686-pc-linux-gnu/bin/../lib/gcc/nios2-elf/4.1.2/mno-hw-mul/libgcc.a(_umoddi3.o)
                0x00090bf0                __umoddi3
 .text          0x00091250      0x258 /opt/altera/13.0sp1/nios2eds/bin/gnu/H-i686-pc-linux-gnu/bin/../lib/gcc/nios2-elf/4.1.2/mno-hw-mul/libgcc.a(_div_df.o)
                0x00091250                __divdf3
 .text          0x000914a8       0x88 /opt/altera/13.0sp1/nios2eds/bin/gnu/H-i686-pc-linux-gnu/bin/../lib/gcc/nios2-elf/4.1.2/mno-hw-mul/libgcc.a(_eq_df.o)
                0x000914a8                __eqdf2
 .text          0x00091530       0x88 /opt/altera/13.0sp1/nios2eds/bin/gnu/H-i686-pc-linux-gnu/bin/../lib/gcc/nios2-elf/4.1.2/mno-hw-mul/libgcc.a(_ne_df.o)
                0x00091530                __nedf2
 .text          0x000915b8       0x88 /opt/altera/13.0sp1/nios2eds/bin/gnu/H-i686-pc-linux-gnu/bin/../lib/gcc/nios2-elf/4.1.2/mno-hw-mul/libgcc.a(_gt_df.o)
                0x000915b8                __gtdf2
 .text          0x00091640       0x88 /opt/altera/13.0sp1/nios2eds/bin/gnu/H-i686-pc-linux-gnu/bin/../lib/gcc/nios2-elf/4.1.2/mno-hw-mul/libgcc.a(_ge_df.o)
                0x00091640                __gedf2
 .text          0x000916c8       0x88 /opt/altera/13.0sp1/nios2eds/bin/gnu/H-i686-pc-linux-gnu/bin/../lib/gcc/nios2-elf/4.1.2/mno-hw-mul/libgcc.a(_lt_df.o)
                0x000916c8                __ltdf2
 .text          0x00091750       0xd8 /opt/altera/13.0sp1/nios2eds/bin/gnu/H-i686-pc-linux-gnu/bin/../lib/gcc/nios2-elf/4.1.2/mno-hw-mul/libgcc.a(_df_to_si.o)
                0x00091750                __fixdfsi
 .text          0x00091828      0x194 /opt/altera/13.0sp1/nios2eds/bin/gnu/H-i686-pc-linux-gnu/bin/../lib/gcc/nios2-elf/4.1.2/mno-hw-mul/libgcc.a(_usi_to_df.o)
                0x00091828                __floatunsidf
 .text          0x000919bc       0xc8 /opt/altera/13.0sp1/nios2eds/bin/gnu/H-i686-pc-linux-gnu/bin/../lib/gcc/nios2-elf/4.1.2/mno-hw-mul/libgcc.a(_fpcmp_parts_df.o)
                0x000919bc                __fpcmp_parts_d
 .text          0x00091a84       0x20 ../../bsp/mpsoc_hello_ucosii//libucosii_bsp.a(alt_exit.o)
                0x00091a84                _exit
 *(.gnu.warning.*)
 *(.fini)
                0x00091aa4                PROVIDE (__etext, ABSOLUTE (.))
                0x00091aa4                PROVIDE (_etext, ABSOLUTE (.))
                0x00091aa4                PROVIDE (etext, ABSOLUTE (.))
 *(.eh_frame_hdr)
                0x00091aa4                . = ALIGN (0x4)
                0x00091aa4                PROVIDE (__preinit_array_start, ABSOLUTE (.))
 *(.preinit_array)
                0x00091aa4                PROVIDE (__preinit_array_end, ABSOLUTE (.))
                0x00091aa4                PROVIDE (__init_array_start, ABSOLUTE (.))
 *(.init_array)
                0x00091aa4                PROVIDE (__init_array_end, ABSOLUTE (.))
                0x00091aa4                PROVIDE (__fini_array_start, ABSOLUTE (.))
 *(.fini_array)
                0x00091aa4                PROVIDE (__fini_array_end, ABSOLUTE (.))
 *(.eh_frame)
 *(.gcc_except_table)
 *(.dynamic)
                0x00091aa4                PROVIDE (__CTOR_LIST__, ABSOLUTE (.))
 *(.ctors)
 *(SORT(.ctors.*))
 .ctors.65535   0x00091aa4        0x4 /opt/altera/13.0sp1/nios2eds/bin/gnu/H-i686-pc-linux-gnu/bin/../lib/gcc/nios2-elf/4.1.2/../../../../nios2-elf/lib/mno-hw-mul/libc.a(lib_a-__call_atexit.o)
                0x00091aa8                PROVIDE (__CTOR_END__, ABSOLUTE (.))
                0x00091aa8                PROVIDE (__DTOR_LIST__, ABSOLUTE (.))
 *(.dtors)
 *(SORT(.dtors.*))
                0x00091aa8                PROVIDE (__DTOR_END__, ABSOLUTE (.))
 *(.jcr)
                0x00091aa8                . = ALIGN (0x4)

.rodata         0x00091aa8      0x674
                0x00091aa8                PROVIDE (__ram_rodata_start, ABSOLUTE (.))
                0x00091aa8                . = ALIGN (0x4)
 *(.rodata .rodata.* .gnu.linkonce.r.*)
 .rodata.str1.4
                0x00091aa8       0x5b obj/default/src/image_bare.o
                                 0x5c (size before relaxing)
 .rodata        0x00091b03       0x10 obj/default/src/image_bare.o
 *fill*         0x00091b13        0x1 00
 .rodata        0x00091b14       0x14 /opt/altera/13.0sp1/nios2eds/bin/gnu/H-i686-pc-linux-gnu/bin/../lib/gcc/nios2-elf/4.1.2/mno-hw-mul/libgcc.a(_thenan_df.o)
                0x00091b14                __thenan_df
 .rodata        0x00091b28      0x100 /opt/altera/13.0sp1/nios2eds/bin/gnu/H-i686-pc-linux-gnu/bin/../lib/gcc/nios2-elf/4.1.2/mno-hw-mul/libgcc.a(_clz.o)
                0x00091b28                __clz_tab
 .rodata.str1.4
                0x00091c28        0x2 /opt/altera/13.0sp1/nios2eds/bin/gnu/H-i686-pc-linux-gnu/bin/../lib/gcc/nios2-elf/4.1.2/../../../../nios2-elf/lib/mno-hw-mul/libc.a(lib_a-puts.o)
                                  0x4 (size before relaxing)
 *fill*         0x00091c2a        0x2 00
 .rodata.str1.4
                0x00091c2c        0x2 /opt/altera/13.0sp1/nios2eds/bin/gnu/H-i686-pc-linux-gnu/bin/../lib/gcc/nios2-elf/4.1.2/../../../../nios2-elf/lib/mno-hw-mul/libc.a(lib_a-impure.o)
                                  0x4 (size before relaxing)
 *fill*         0x00091c2e        0x2 00
 .rodata.str1.4
                0x00091c30        0xa ../../bsp/mpsoc_hello_ucosii//libucosii_bsp.a(alt_dev.o)
                                  0xc (size before relaxing)
 *fill*         0x00091c3a        0x2 00
 .rodata.str1.4
                0x00091c3c       0x11 ../../bsp/mpsoc_hello_ucosii//libucosii_bsp.a(alt_main.o)
                                 0x14 (size before relaxing)
 *fill*         0x00091c4d        0x3 00
 .rodata.str1.4
                0x00091c50       0x1e ../../bsp/mpsoc_hello_ucosii//libucosii_bsp.a(os_core.o)
                                 0x20 (size before relaxing)
 .rodata        0x00091c6e      0x100 ../../bsp/mpsoc_hello_ucosii//libucosii_bsp.a(os_core.o)
                0x00091c6e                OSUnMapTbl
 *fill*         0x00091d6e        0x2 00
 .rodata.str1.4
                0x00091d70       0x35 ../../bsp/mpsoc_hello_ucosii//libucosii_bsp.a(os_tmr.o)
                                 0x38 (size before relaxing)
 *fill*         0x00091da5        0x3 00
 .rodata.str1.4
                0x00091da8       0x7f ../../bsp/mpsoc_hello_ucosii//libucosii_bsp.a(alt_sys_init.o)
                                 0x94 (size before relaxing)
 *fill*         0x00091e27        0x1 00
 .rodata.str1.4
                0x00091e28      0x100 ../../bsp/mpsoc_hello_ucosii//libucosii_bsp.a(perf_print_formatted_report.o)
 .rodata.str1.4
                0x00000000        0x4 ../../bsp/mpsoc_hello_ucosii//libucosii_bsp.a(os_cpu_c.o)
 .rodata.str1.4
                0x00091f28       0x5e /opt/altera/13.0sp1/nios2eds/bin/gnu/H-i686-pc-linux-gnu/bin/../lib/gcc/nios2-elf/4.1.2/../../../../nios2-elf/lib/mno-hw-mul/libc.a(lib_a-vfprintf.o)
                                 0x60 (size before relaxing)
 .rodata        0x00091f86       0x20 /opt/altera/13.0sp1/nios2eds/bin/gnu/H-i686-pc-linux-gnu/bin/../lib/gcc/nios2-elf/4.1.2/../../../../nios2-elf/lib/mno-hw-mul/libc.a(lib_a-vfprintf.o)
 *fill*         0x00091fa6        0x2 00
 .rodata.str1.4
                0x00091fa8       0x10 /opt/altera/13.0sp1/nios2eds/bin/gnu/H-i686-pc-linux-gnu/bin/../lib/gcc/nios2-elf/4.1.2/../../../../nios2-elf/lib/mno-hw-mul/libc.a(lib_a-dtoa.o)
                                 0x14 (size before relaxing)
 .rodata.str1.4
                0x00091fb8       0x10 /opt/altera/13.0sp1/nios2eds/bin/gnu/H-i686-pc-linux-gnu/bin/../lib/gcc/nios2-elf/4.1.2/../../../../nios2-elf/lib/mno-hw-mul/libc.a(lib_a-locale.o)
                                 0x18 (size before relaxing)
 .rodata        0x00091fc8       0x30 /opt/altera/13.0sp1/nios2eds/bin/gnu/H-i686-pc-linux-gnu/bin/../lib/gcc/nios2-elf/4.1.2/../../../../nios2-elf/lib/mno-hw-mul/libc.a(lib_a-locale.o)
 .rodata        0x00091ff8      0x124 /opt/altera/13.0sp1/nios2eds/bin/gnu/H-i686-pc-linux-gnu/bin/../lib/gcc/nios2-elf/4.1.2/../../../../nios2-elf/lib/mno-hw-mul/libc.a(lib_a-mprec.o)
                0x00091ff8                __mprec_tens
                0x000920c0                __mprec_bigtens
                0x000920e8                __mprec_tinytens
 *(.rodata1)
                0x0009211c                . = ALIGN (0x4)
                0x0009211c                PROVIDE (__ram_rodata_end, ABSOLUTE (.))
                0x00091aa8                PROVIDE (__flash_rodata_start, LOADADDR (.rodata))

.rwdata         0x0009211c     0xdbf4 load address 0x0009fd10
                0x0009211c                PROVIDE (__ram_rwdata_start, ABSOLUTE (.))
                0x0009211c                . = ALIGN (0x4)
 *(.got.plt)
 *(.got)
 *(.data1)
 *(.data .data.* .gnu.linkonce.d.*)
 .data          0x0009211c        0x0 ../../bsp/mpsoc_hello_ucosii//obj/HAL/src/crt0.o
 .data          0x0009211c     0xc01c obj/default/src/image_bare.o
                0x0009211c                test_ppm_1
                0x0009511f                test_ppm_2
                0x00098122                test_ppm_3
                0x0009b125                test_ppm_4
                0x0009e128                image_sequence
 .data          0x0009e138        0x0 /opt/altera/13.0sp1/nios2eds/bin/gnu/H-i686-pc-linux-gnu/bin/../lib/gcc/nios2-elf/4.1.2/mno-hw-mul/libgcc.a(_addsub_df.o)
 .data          0x0009e138        0x0 /opt/altera/13.0sp1/nios2eds/bin/gnu/H-i686-pc-linux-gnu/bin/../lib/gcc/nios2-elf/4.1.2/mno-hw-mul/libgcc.a(_mul_df.o)
 .data          0x0009e138        0x0 /opt/altera/13.0sp1/nios2eds/bin/gnu/H-i686-pc-linux-gnu/bin/../lib/gcc/nios2-elf/4.1.2/mno-hw-mul/libgcc.a(_si_to_df.o)
 .data          0x0009e138        0x0 /opt/altera/13.0sp1/nios2eds/bin/gnu/H-i686-pc-linux-gnu/bin/../lib/gcc/nios2-elf/4.1.2/mno-hw-mul/libgcc.a(_df_to_sf.o)
 .data          0x0009e138        0x0 /opt/altera/13.0sp1/nios2eds/bin/gnu/H-i686-pc-linux-gnu/bin/../lib/gcc/nios2-elf/4.1.2/mno-hw-mul/libgcc.a(_thenan_df.o)
 .data          0x0009e138        0x0 /opt/altera/13.0sp1/nios2eds/bin/gnu/H-i686-pc-linux-gnu/bin/../lib/gcc/nios2-elf/4.1.2/mno-hw-mul/libgcc.a(lib2-divmod.o)
 .data          0x0009e138        0x0 /opt/altera/13.0sp1/nios2eds/bin/gnu/H-i686-pc-linux-gnu/bin/../lib/gcc/nios2-elf/4.1.2/mno-hw-mul/libgcc.a(lib2-mul.o)
 .data          0x0009e138        0x0 /opt/altera/13.0sp1/nios2eds/bin/gnu/H-i686-pc-linux-gnu/bin/../lib/gcc/nios2-elf/4.1.2/mno-hw-mul/libgcc.a(_muldi3.o)
 .data          0x0009e138        0x0 /opt/altera/13.0sp1/nios2eds/bin/gnu/H-i686-pc-linux-gnu/bin/../lib/gcc/nios2-elf/4.1.2/mno-hw-mul/libgcc.a(_clzsi2.o)
 .data          0x0009e138        0x0 /opt/altera/13.0sp1/nios2eds/bin/gnu/H-i686-pc-linux-gnu/bin/../lib/gcc/nios2-elf/4.1.2/mno-hw-mul/libgcc.a(_make_sf.o)
 .data          0x0009e138        0x0 /opt/altera/13.0sp1/nios2eds/bin/gnu/H-i686-pc-linux-gnu/bin/../lib/gcc/nios2-elf/4.1.2/mno-hw-mul/libgcc.a(_pack_df.o)
 .data          0x0009e138        0x0 /opt/altera/13.0sp1/nios2eds/bin/gnu/H-i686-pc-linux-gnu/bin/../lib/gcc/nios2-elf/4.1.2/mno-hw-mul/libgcc.a(_unpack_df.o)
 .data          0x0009e138        0x0 /opt/altera/13.0sp1/nios2eds/bin/gnu/H-i686-pc-linux-gnu/bin/../lib/gcc/nios2-elf/4.1.2/mno-hw-mul/libgcc.a(_clz.o)
 .data          0x0009e138        0x0 /opt/altera/13.0sp1/nios2eds/bin/gnu/H-i686-pc-linux-gnu/bin/../lib/gcc/nios2-elf/4.1.2/mno-hw-mul/libgcc.a(_pack_sf.o)
 .data          0x0009e138        0x0 /opt/altera/13.0sp1/nios2eds/bin/gnu/H-i686-pc-linux-gnu/bin/../lib/gcc/nios2-elf/4.1.2/../../../../nios2-elf/lib/mno-hw-mul/libc.a(lib_a-malloc.o)
 .data          0x0009e138      0x408 /opt/altera/13.0sp1/nios2eds/bin/gnu/H-i686-pc-linux-gnu/bin/../lib/gcc/nios2-elf/4.1.2/../../../../nios2-elf/lib/mno-hw-mul/libc.a(lib_a-mallocr.o)
                0x0009e138                __malloc_av_
 .data          0x0009e540        0x0 /opt/altera/13.0sp1/nios2eds/bin/gnu/H-i686-pc-linux-gnu/bin/../lib/gcc/nios2-elf/4.1.2/../../../../nios2-elf/lib/mno-hw-mul/libc.a(lib_a-memcpy.o)
 .data          0x0009e540        0x0 /opt/altera/13.0sp1/nios2eds/bin/gnu/H-i686-pc-linux-gnu/bin/../lib/gcc/nios2-elf/4.1.2/../../../../nios2-elf/lib/mno-hw-mul/libc.a(lib_a-putchar.o)
 .data          0x0009e540        0x0 /opt/altera/13.0sp1/nios2eds/bin/gnu/H-i686-pc-linux-gnu/bin/../lib/gcc/nios2-elf/4.1.2/../../../../nios2-elf/lib/mno-hw-mul/libc.a(lib_a-puts.o)
 .data          0x0009e540        0x0 /opt/altera/13.0sp1/nios2eds/bin/gnu/H-i686-pc-linux-gnu/bin/../lib/gcc/nios2-elf/4.1.2/../../../../nios2-elf/lib/mno-hw-mul/libc.a(lib_a-sbrkr.o)
 .data          0x0009e540        0x0 /opt/altera/13.0sp1/nios2eds/bin/gnu/H-i686-pc-linux-gnu/bin/../lib/gcc/nios2-elf/4.1.2/../../../../nios2-elf/lib/mno-hw-mul/libc.a(lib_a-strlen.o)
 .data          0x0009e540        0x0 /opt/altera/13.0sp1/nios2eds/bin/gnu/H-i686-pc-linux-gnu/bin/../lib/gcc/nios2-elf/4.1.2/../../../../nios2-elf/lib/mno-hw-mul/libc.a(lib_a-freer.o)
 .data          0x0009e540        0x0 /opt/altera/13.0sp1/nios2eds/bin/gnu/H-i686-pc-linux-gnu/bin/../lib/gcc/nios2-elf/4.1.2/../../../../nios2-elf/lib/mno-hw-mul/libc.a(lib_a-fvwrite.o)
 .data          0x0009e540      0x400 /opt/altera/13.0sp1/nios2eds/bin/gnu/H-i686-pc-linux-gnu/bin/../lib/gcc/nios2-elf/4.1.2/../../../../nios2-elf/lib/mno-hw-mul/libc.a(lib_a-impure.o)
 .data          0x0009e940        0x0 /opt/altera/13.0sp1/nios2eds/bin/gnu/H-i686-pc-linux-gnu/bin/../lib/gcc/nios2-elf/4.1.2/../../../../nios2-elf/lib/mno-hw-mul/libc.a(lib_a-int_errno.o)
 .data          0x0009e940        0x0 /opt/altera/13.0sp1/nios2eds/bin/gnu/H-i686-pc-linux-gnu/bin/../lib/gcc/nios2-elf/4.1.2/../../../../nios2-elf/lib/mno-hw-mul/libc.a(lib_a-memchr.o)
 .data          0x0009e940        0x0 /opt/altera/13.0sp1/nios2eds/bin/gnu/H-i686-pc-linux-gnu/bin/../lib/gcc/nios2-elf/4.1.2/../../../../nios2-elf/lib/mno-hw-mul/libc.a(lib_a-memmove.o)
 .data          0x0009e940        0x0 /opt/altera/13.0sp1/nios2eds/bin/gnu/H-i686-pc-linux-gnu/bin/../lib/gcc/nios2-elf/4.1.2/../../../../nios2-elf/lib/mno-hw-mul/libc.a(lib_a-putc.o)
 .data          0x0009e940        0x0 /opt/altera/13.0sp1/nios2eds/bin/gnu/H-i686-pc-linux-gnu/bin/../lib/gcc/nios2-elf/4.1.2/../../../../nios2-elf/lib/mno-hw-mul/libc.a(lib_a-reallocr.o)
 .data          0x0009e940        0x0 /opt/altera/13.0sp1/nios2eds/bin/gnu/H-i686-pc-linux-gnu/bin/../lib/gcc/nios2-elf/4.1.2/../../../../nios2-elf/lib/mno-hw-mul/libc.a(lib_a-wbuf.o)
 .data          0x0009e940        0x0 /opt/altera/13.0sp1/nios2eds/bin/gnu/H-i686-pc-linux-gnu/bin/../lib/gcc/nios2-elf/4.1.2/../../../../nios2-elf/lib/mno-hw-mul/libc.a(lib_a-wsetup.o)
 .data          0x0009e940        0x0 /opt/altera/13.0sp1/nios2eds/bin/gnu/H-i686-pc-linux-gnu/bin/../lib/gcc/nios2-elf/4.1.2/../../../../nios2-elf/lib/mno-hw-mul/libc.a(lib_a-fflush.o)
 .data          0x0009e940        0x0 /opt/altera/13.0sp1/nios2eds/bin/gnu/H-i686-pc-linux-gnu/bin/../lib/gcc/nios2-elf/4.1.2/../../../../nios2-elf/lib/mno-hw-mul/libc.a(lib_a-findfp.o)
 .data          0x0009e940        0x0 /opt/altera/13.0sp1/nios2eds/bin/gnu/H-i686-pc-linux-gnu/bin/../lib/gcc/nios2-elf/4.1.2/../../../../nios2-elf/lib/mno-hw-mul/libc.a(lib_a-fwalk.o)
 .data          0x0009e940        0x0 /opt/altera/13.0sp1/nios2eds/bin/gnu/H-i686-pc-linux-gnu/bin/../lib/gcc/nios2-elf/4.1.2/../../../../nios2-elf/lib/mno-hw-mul/libc.a(lib_a-makebuf.o)
 .data          0x0009e940        0x0 /opt/altera/13.0sp1/nios2eds/bin/gnu/H-i686-pc-linux-gnu/bin/../lib/gcc/nios2-elf/4.1.2/../../../../nios2-elf/lib/mno-hw-mul/libc.a(lib_a-memset.o)
 .data          0x0009e940        0x0 /opt/altera/13.0sp1/nios2eds/bin/gnu/H-i686-pc-linux-gnu/bin/../lib/gcc/nios2-elf/4.1.2/../../../../nios2-elf/lib/mno-hw-mul/libc.a(lib_a-stdio.o)
 .data          0x0009e940        0x0 /opt/altera/13.0sp1/nios2eds/bin/gnu/H-i686-pc-linux-gnu/bin/../lib/gcc/nios2-elf/4.1.2/../../../../nios2-elf/lib/mno-hw-mul/libc.a(lib_a-writer.o)
 .data          0x0009e940        0x0 /opt/altera/13.0sp1/nios2eds/bin/gnu/H-i686-pc-linux-gnu/bin/../lib/gcc/nios2-elf/4.1.2/../../../../nios2-elf/lib/mno-hw-mul/libc.a(lib_a-closer.o)
 .data          0x0009e940        0x0 /opt/altera/13.0sp1/nios2eds/bin/gnu/H-i686-pc-linux-gnu/bin/../lib/gcc/nios2-elf/4.1.2/../../../../nios2-elf/lib/mno-hw-mul/libc.a(lib_a-fclose.o)
 .data          0x0009e940        0x0 /opt/altera/13.0sp1/nios2eds/bin/gnu/H-i686-pc-linux-gnu/bin/../lib/gcc/nios2-elf/4.1.2/../../../../nios2-elf/lib/mno-hw-mul/libc.a(lib_a-fstatr.o)
 .data          0x0009e940        0x0 /opt/altera/13.0sp1/nios2eds/bin/gnu/H-i686-pc-linux-gnu/bin/../lib/gcc/nios2-elf/4.1.2/../../../../nios2-elf/lib/mno-hw-mul/libc.a(lib_a-isattyr.o)
 .data          0x0009e940        0x0 /opt/altera/13.0sp1/nios2eds/bin/gnu/H-i686-pc-linux-gnu/bin/../lib/gcc/nios2-elf/4.1.2/../../../../nios2-elf/lib/mno-hw-mul/libc.a(lib_a-lseekr.o)
 .data          0x0009e940        0x0 /opt/altera/13.0sp1/nios2eds/bin/gnu/H-i686-pc-linux-gnu/bin/../lib/gcc/nios2-elf/4.1.2/../../../../nios2-elf/lib/mno-hw-mul/libc.a(lib_a-readr.o)
 .data          0x0009e940        0x0 ../../bsp/mpsoc_hello_ucosii//libucosii_bsp.a(alt_close.o)
 .data          0x0009e940      0x1a8 ../../bsp/mpsoc_hello_ucosii//libucosii_bsp.a(alt_dev.o)
                0x0009e940                alt_dev_null
                0x0009e968                alt_fd_list
 .data          0x0009eae8        0x0 ../../bsp/mpsoc_hello_ucosii//libucosii_bsp.a(alt_errno.o)
 .data          0x0009eae8        0x0 ../../bsp/mpsoc_hello_ucosii//libucosii_bsp.a(alt_fstat.o)
 .data          0x0009eae8        0x0 ../../bsp/mpsoc_hello_ucosii//libucosii_bsp.a(alt_isatty.o)
 .data          0x0009eae8        0x0 ../../bsp/mpsoc_hello_ucosii//libucosii_bsp.a(alt_load.o)
 .data          0x0009eae8        0x0 ../../bsp/mpsoc_hello_ucosii//libucosii_bsp.a(alt_lseek.o)
 .data          0x0009eae8        0x0 ../../bsp/mpsoc_hello_ucosii//libucosii_bsp.a(alt_main.o)
 .data          0x0009eae8        0x0 ../../bsp/mpsoc_hello_ucosii//libucosii_bsp.a(alt_read.o)
 .data          0x0009eae8        0x0 ../../bsp/mpsoc_hello_ucosii//libucosii_bsp.a(alt_release_fd.o)
 .data          0x0009eae8        0x0 ../../bsp/mpsoc_hello_ucosii//libucosii_bsp.a(alt_sbrk.o)
 .data          0x0009eae8        0x0 ../../bsp/mpsoc_hello_ucosii//libucosii_bsp.a(alt_write.o)
 .data          0x0009eae8        0x0 ../../bsp/mpsoc_hello_ucosii//libucosii_bsp.a(alt_env_lock.o)
 .data          0x0009eae8        0x0 ../../bsp/mpsoc_hello_ucosii//libucosii_bsp.a(alt_malloc_lock.o)
 .data          0x0009eae8        0x0 ../../bsp/mpsoc_hello_ucosii//libucosii_bsp.a(os_core.o)
 .data          0x0009eae8        0x0 ../../bsp/mpsoc_hello_ucosii//libucosii_bsp.a(os_dbg.o)
 .data          0x0009eae8        0x0 ../../bsp/mpsoc_hello_ucosii//libucosii_bsp.a(os_flag.o)
 .data          0x0009eae8        0x0 ../../bsp/mpsoc_hello_ucosii//libucosii_bsp.a(os_mem.o)
 .data          0x0009eae8        0x0 ../../bsp/mpsoc_hello_ucosii//libucosii_bsp.a(os_q.o)
 .data          0x0009eae8        0x0 ../../bsp/mpsoc_hello_ucosii//libucosii_bsp.a(os_sem.o)
 .data          0x0009eae8        0x0 ../../bsp/mpsoc_hello_ucosii//libucosii_bsp.a(os_task.o)
 .data          0x0009eae8        0x0 ../../bsp/mpsoc_hello_ucosii//libucosii_bsp.a(os_time.o)
 .data          0x0009eae8        0x0 ../../bsp/mpsoc_hello_ucosii//libucosii_bsp.a(os_tmr.o)
 .data          0x0009eae8     0x1154 ../../bsp/mpsoc_hello_ucosii//libucosii_bsp.a(alt_sys_init.o)
 .data          0x0009fc3c        0x0 ../../bsp/mpsoc_hello_ucosii//libucosii_bsp.a(altera_avalon_jtag_uart_fd.o)
 .data          0x0009fc3c        0x0 ../../bsp/mpsoc_hello_ucosii//libucosii_bsp.a(altera_avalon_jtag_uart_init.o)
 .data          0x0009fc3c        0x0 ../../bsp/mpsoc_hello_ucosii//libucosii_bsp.a(altera_avalon_jtag_uart_ioctl.o)
 .data          0x0009fc3c        0x0 ../../bsp/mpsoc_hello_ucosii//libucosii_bsp.a(altera_avalon_jtag_uart_read.o)
 .data          0x0009fc3c        0x0 ../../bsp/mpsoc_hello_ucosii//libucosii_bsp.a(altera_avalon_jtag_uart_write.o)
 .data          0x0009fc3c        0x0 ../../bsp/mpsoc_hello_ucosii//libucosii_bsp.a(altera_avalon_mutex.o)
 .data          0x0009fc3c        0x0 ../../bsp/mpsoc_hello_ucosii//libucosii_bsp.a(altera_avalon_timer_sc.o)
 .data          0x0009fc3c        0x0 ../../bsp/mpsoc_hello_ucosii//libucosii_bsp.a(perf_print_formatted_report.o)
 .data          0x0009fc3c        0x0 ../../bsp/mpsoc_hello_ucosii//libucosii_bsp.a(alt_alarm_start.o)
 .data          0x0009fc3c        0x0 ../../bsp/mpsoc_hello_ucosii//libucosii_bsp.a(alt_dcache_flush_all.o)
 .data          0x0009fc3c        0x0 ../../bsp/mpsoc_hello_ucosii//libucosii_bsp.a(alt_dev_llist_insert.o)
 .data          0x0009fc3c        0x0 ../../bsp/mpsoc_hello_ucosii//libucosii_bsp.a(alt_do_ctors.o)
 .data          0x0009fc3c        0x0 ../../bsp/mpsoc_hello_ucosii//libucosii_bsp.a(alt_do_dtors.o)
 .data          0x0009fc3c        0x0 ../../bsp/mpsoc_hello_ucosii//libucosii_bsp.a(alt_find_dev.o)
 .data          0x0009fc3c        0x0 ../../bsp/mpsoc_hello_ucosii//libucosii_bsp.a(alt_icache_flush_all.o)
 .data          0x0009fc3c        0x0 ../../bsp/mpsoc_hello_ucosii//libucosii_bsp.a(alt_io_redirect.o)
 .data          0x0009fc3c        0x0 ../../bsp/mpsoc_hello_ucosii//libucosii_bsp.a(alt_irq_register.o)
 .data          0x0009fc3c        0x0 ../../bsp/mpsoc_hello_ucosii//libucosii_bsp.a(alt_irq_vars.o)
 .data          0x0009fc3c        0x0 ../../bsp/mpsoc_hello_ucosii//libucosii_bsp.a(alt_open.o)
 .data          0x0009fc3c        0x0 ../../bsp/mpsoc_hello_ucosii//libucosii_bsp.a(alt_tick.o)
 .data          0x0009fc3c        0x0 ../../bsp/mpsoc_hello_ucosii//libucosii_bsp.a(altera_nios2_qsys_irq.o)
 .data          0x0009fc3c        0x0 ../../bsp/mpsoc_hello_ucosii//libucosii_bsp.a(os_cpu_a.o)
 .data          0x0009fc3c        0x0 ../../bsp/mpsoc_hello_ucosii//libucosii_bsp.a(os_cpu_c.o)
 .data          0x0009fc3c        0x0 ../../bsp/mpsoc_hello_ucosii//libucosii_bsp.a(altera_avalon_performance_counter.o)
 .data          0x0009fc3c        0x0 ../../bsp/mpsoc_hello_ucosii//libucosii_bsp.a(alt_find_file.o)
 .data          0x0009fc3c        0x0 ../../bsp/mpsoc_hello_ucosii//libucosii_bsp.a(alt_get_fd.o)
 .data          0x0009fc3c        0x0 ../../bsp/mpsoc_hello_ucosii//libucosii_bsp.a(alt_irq_entry.o)
 .data          0x0009fc3c        0x0 ../../bsp/mpsoc_hello_ucosii//libucosii_bsp.a(alt_irq_handler.o)
 .data          0x0009fc3c        0x0 ../../bsp/mpsoc_hello_ucosii//libucosii_bsp.a(alt_exception_entry.o)
 .data          0x0009fc3c        0x0 /opt/altera/13.0sp1/nios2eds/bin/gnu/H-i686-pc-linux-gnu/bin/../lib/gcc/nios2-elf/4.1.2/../../../../nios2-elf/lib/mno-hw-mul/libc.a(lib_a-atexit.o)
 .data          0x0009fc3c        0x0 /opt/altera/13.0sp1/nios2eds/bin/gnu/H-i686-pc-linux-gnu/bin/../lib/gcc/nios2-elf/4.1.2/../../../../nios2-elf/lib/mno-hw-mul/libc.a(lib_a-exit.o)
 .data          0x0009fc3c        0x0 /opt/altera/13.0sp1/nios2eds/bin/gnu/H-i686-pc-linux-gnu/bin/../lib/gcc/nios2-elf/4.1.2/../../../../nios2-elf/lib/mno-hw-mul/libc.a(lib_a-memcmp.o)
 .data          0x0009fc3c        0x0 /opt/altera/13.0sp1/nios2eds/bin/gnu/H-i686-pc-linux-gnu/bin/../lib/gcc/nios2-elf/4.1.2/../../../../nios2-elf/lib/mno-hw-mul/libc.a(lib_a-printf.o)
 .data          0x0009fc3c        0x0 /opt/altera/13.0sp1/nios2eds/bin/gnu/H-i686-pc-linux-gnu/bin/../lib/gcc/nios2-elf/4.1.2/../../../../nios2-elf/lib/mno-hw-mul/libc.a(lib_a-vfprintf.o)
 .data          0x0009fc3c        0x0 /opt/altera/13.0sp1/nios2eds/bin/gnu/H-i686-pc-linux-gnu/bin/../lib/gcc/nios2-elf/4.1.2/../../../../nios2-elf/lib/mno-hw-mul/libc.a(lib_a-__atexit.o)
 .data          0x0009fc3c        0x0 /opt/altera/13.0sp1/nios2eds/bin/gnu/H-i686-pc-linux-gnu/bin/../lib/gcc/nios2-elf/4.1.2/../../../../nios2-elf/lib/mno-hw-mul/libc.a(lib_a-__call_atexit.o)
 .data          0x0009fc3c        0x0 /opt/altera/13.0sp1/nios2eds/bin/gnu/H-i686-pc-linux-gnu/bin/../lib/gcc/nios2-elf/4.1.2/../../../../nios2-elf/lib/mno-hw-mul/libc.a(lib_a-dtoa.o)
 .data          0x0009fc3c        0xc /opt/altera/13.0sp1/nios2eds/bin/gnu/H-i686-pc-linux-gnu/bin/../lib/gcc/nios2-elf/4.1.2/../../../../nios2-elf/lib/mno-hw-mul/libc.a(lib_a-locale.o)
                0x0009fc3c                __lc_ctype
 .data          0x0009fc48        0x0 /opt/altera/13.0sp1/nios2eds/bin/gnu/H-i686-pc-linux-gnu/bin/../lib/gcc/nios2-elf/4.1.2/../../../../nios2-elf/lib/mno-hw-mul/libc.a(lib_a-mprec.o)
 .data          0x0009fc48        0x0 /opt/altera/13.0sp1/nios2eds/bin/gnu/H-i686-pc-linux-gnu/bin/../lib/gcc/nios2-elf/4.1.2/../../../../nios2-elf/lib/mno-hw-mul/libc.a(lib_a-s_isinfd.o)
 .data          0x0009fc48        0x0 /opt/altera/13.0sp1/nios2eds/bin/gnu/H-i686-pc-linux-gnu/bin/../lib/gcc/nios2-elf/4.1.2/../../../../nios2-elf/lib/mno-hw-mul/libc.a(lib_a-s_isnand.o)
 .data          0x0009fc48        0x0 /opt/altera/13.0sp1/nios2eds/bin/gnu/H-i686-pc-linux-gnu/bin/../lib/gcc/nios2-elf/4.1.2/../../../../nios2-elf/lib/mno-hw-mul/libc.a(lib_a-strcmp.o)
 .data          0x0009fc48        0x0 /opt/altera/13.0sp1/nios2eds/bin/gnu/H-i686-pc-linux-gnu/bin/../lib/gcc/nios2-elf/4.1.2/../../../../nios2-elf/lib/mno-hw-mul/libc.a(lib_a-callocr.o)
 .data          0x0009fc48        0x0 /opt/altera/13.0sp1/nios2eds/bin/gnu/H-i686-pc-linux-gnu/bin/../lib/gcc/nios2-elf/4.1.2/mno-hw-mul/libgcc.a(_fixunsdfsi.o)
 .data          0x0009fc48        0x0 /opt/altera/13.0sp1/nios2eds/bin/gnu/H-i686-pc-linux-gnu/bin/../lib/gcc/nios2-elf/4.1.2/mno-hw-mul/libgcc.a(_floatundidf.o)
 .data          0x0009fc48        0x0 /opt/altera/13.0sp1/nios2eds/bin/gnu/H-i686-pc-linux-gnu/bin/../lib/gcc/nios2-elf/4.1.2/mno-hw-mul/libgcc.a(_udivdi3.o)
 .data          0x0009fc48        0x0 /opt/altera/13.0sp1/nios2eds/bin/gnu/H-i686-pc-linux-gnu/bin/../lib/gcc/nios2-elf/4.1.2/mno-hw-mul/libgcc.a(_umoddi3.o)
 .data          0x0009fc48        0x0 /opt/altera/13.0sp1/nios2eds/bin/gnu/H-i686-pc-linux-gnu/bin/../lib/gcc/nios2-elf/4.1.2/mno-hw-mul/libgcc.a(_div_df.o)
 .data          0x0009fc48        0x0 /opt/altera/13.0sp1/nios2eds/bin/gnu/H-i686-pc-linux-gnu/bin/../lib/gcc/nios2-elf/4.1.2/mno-hw-mul/libgcc.a(_eq_df.o)
 .data          0x0009fc48        0x0 /opt/altera/13.0sp1/nios2eds/bin/gnu/H-i686-pc-linux-gnu/bin/../lib/gcc/nios2-elf/4.1.2/mno-hw-mul/libgcc.a(_ne_df.o)
 .data          0x0009fc48        0x0 /opt/altera/13.0sp1/nios2eds/bin/gnu/H-i686-pc-linux-gnu/bin/../lib/gcc/nios2-elf/4.1.2/mno-hw-mul/libgcc.a(_gt_df.o)
 .data          0x0009fc48        0x0 /opt/altera/13.0sp1/nios2eds/bin/gnu/H-i686-pc-linux-gnu/bin/../lib/gcc/nios2-elf/4.1.2/mno-hw-mul/libgcc.a(_ge_df.o)
 .data          0x0009fc48        0x0 /opt/altera/13.0sp1/nios2eds/bin/gnu/H-i686-pc-linux-gnu/bin/../lib/gcc/nios2-elf/4.1.2/mno-hw-mul/libgcc.a(_lt_df.o)
 .data          0x0009fc48        0x0 /opt/altera/13.0sp1/nios2eds/bin/gnu/H-i686-pc-linux-gnu/bin/../lib/gcc/nios2-elf/4.1.2/mno-hw-mul/libgcc.a(_df_to_si.o)
 .data          0x0009fc48        0x0 /opt/altera/13.0sp1/nios2eds/bin/gnu/H-i686-pc-linux-gnu/bin/../lib/gcc/nios2-elf/4.1.2/mno-hw-mul/libgcc.a(_usi_to_df.o)
 .data          0x0009fc48        0x0 /opt/altera/13.0sp1/nios2eds/bin/gnu/H-i686-pc-linux-gnu/bin/../lib/gcc/nios2-elf/4.1.2/mno-hw-mul/libgcc.a(_fpcmp_parts_df.o)
 .data          0x0009fc48        0x0 ../../bsp/mpsoc_hello_ucosii//libucosii_bsp.a(alt_exit.o)
                0x000a7c48                _gp = ABSOLUTE ((. + 0x8000))
                0x000a7c48                PROVIDE (gp, _gp)
 *(.rwdata .rwdata.*)
 *(.sdata .sdata.* .gnu.linkonce.s.*)
 .sdata         0x0009fc48        0x1 obj/default/src/image_bare.o
                0x0009fc48                sequence_length
 *fill*         0x0009fc49        0x3 00
 .sdata         0x0009fc4c        0x8 /opt/altera/13.0sp1/nios2eds/bin/gnu/H-i686-pc-linux-gnu/bin/../lib/gcc/nios2-elf/4.1.2/../../../../nios2-elf/lib/mno-hw-mul/libc.a(lib_a-mallocr.o)
                0x0009fc4c                __malloc_trim_threshold
                0x0009fc50                __malloc_sbrk_base
 .sdata         0x0009fc54        0x8 /opt/altera/13.0sp1/nios2eds/bin/gnu/H-i686-pc-linux-gnu/bin/../lib/gcc/nios2-elf/4.1.2/../../../../nios2-elf/lib/mno-hw-mul/libc.a(lib_a-impure.o)
                0x0009fc54                _impure_ptr
                0x0009fc58                _global_impure_ptr
 .sdata         0x0009fc5c       0x14 ../../bsp/mpsoc_hello_ucosii//libucosii_bsp.a(alt_dev.o)
                0x0009fc5c                alt_fs_list
                0x0009fc64                alt_dev_list
                0x0009fc6c                alt_max_fd
 .sdata         0x0009fc70        0x4 ../../bsp/mpsoc_hello_ucosii//libucosii_bsp.a(alt_errno.o)
                0x0009fc70                alt_errno
 .sdata         0x0009fc74        0x4 ../../bsp/mpsoc_hello_ucosii//libucosii_bsp.a(alt_sbrk.o)
 .sdata         0x0009fc78        0x4 ../../bsp/mpsoc_hello_ucosii//libucosii_bsp.a(alt_env_lock.o)
 .sdata         0x0009fc7c        0x4 ../../bsp/mpsoc_hello_ucosii//libucosii_bsp.a(alt_malloc_lock.o)
 .sdata         0x0009fc80       0x74 ../../bsp/mpsoc_hello_ucosii//libucosii_bsp.a(os_dbg.o)
                0x0009fc80                OSDebugEn
                0x0009fc84                OSEndiannessTest
                0x0009fc88                OSEventEn
                0x0009fc8a                OSEventMax
                0x0009fc8c                OSEventNameSize
                0x0009fc8e                OSEventSize
                0x0009fc90                OSEventTblSize
                0x0009fc92                OSEventMultiEn
                0x0009fc94                OSFlagEn
                0x0009fc96                OSFlagGrpSize
                0x0009fc98                OSFlagNodeSize
                0x0009fc9a                OSFlagWidth
                0x0009fc9c                OSFlagMax
                0x0009fc9e                OSFlagNameSize
                0x0009fca0                OSLowestPrio
                0x0009fca2                OSMboxEn
                0x0009fca4                OSMemEn
                0x0009fca6                OSMemMax
                0x0009fca8                OSMemNameSize
                0x0009fcaa                OSMemSize
                0x0009fcac                OSMemTblSize
                0x0009fcae                OSMutexEn
                0x0009fcb0                OSPtrSize
                0x0009fcb2                OSQEn
                0x0009fcb4                OSQMax
                0x0009fcb6                OSQSize
                0x0009fcb8                OSRdyTblSize
                0x0009fcba                OSSemEn
                0x0009fcbc                OSStkWidth
                0x0009fcbe                OSTaskCreateEn
                0x0009fcc0                OSTaskCreateExtEn
                0x0009fcc2                OSTaskDelEn
                0x0009fcc4                OSTaskIdleStkSize
                0x0009fcc6                OSTaskProfileEn
                0x0009fcc8                OSTaskMax
                0x0009fcca                OSTaskNameSize
                0x0009fccc                OSTaskStatEn
                0x0009fcce                OSTaskStatStkSize
                0x0009fcd0                OSTaskStatStkChkEn
                0x0009fcd2                OSTaskSwHookEn
                0x0009fcd4                OSTCBPrioTblMax
                0x0009fcd6                OSTCBSize
                0x0009fcd8                OSTicksPerSec
                0x0009fcda                OSTimeTickHookEn
                0x0009fcdc                OSVersionNbr
                0x0009fcde                OSTmrEn
                0x0009fce0                OSTmrCfgMax
                0x0009fce2                OSTmrCfgNameSize
                0x0009fce4                OSTmrCfgWheelSize
                0x0009fce6                OSTmrCfgTicksPerSec
                0x0009fce8                OSTmrSize
                0x0009fcea                OSTmrTblSize
                0x0009fcec                OSTmrWheelSize
                0x0009fcee                OSTmrWheelTblSize
                0x0009fcf0                OSDataSize
 .sdata         0x0009fcf4        0x8 ../../bsp/mpsoc_hello_ucosii//libucosii_bsp.a(altera_avalon_mutex.o)
                0x0009fcf4                alt_mutex_list
 .sdata         0x0009fcfc        0x4 ../../bsp/mpsoc_hello_ucosii//libucosii_bsp.a(alt_irq_vars.o)
                0x0009fcfc                alt_priority_mask
 .sdata         0x0009fd00        0x8 ../../bsp/mpsoc_hello_ucosii//libucosii_bsp.a(alt_tick.o)
                0x0009fd00                alt_alarm_list
 .sdata         0x0009fd08        0x8 /opt/altera/13.0sp1/nios2eds/bin/gnu/H-i686-pc-linux-gnu/bin/../lib/gcc/nios2-elf/4.1.2/../../../../nios2-elf/lib/mno-hw-mul/libc.a(lib_a-locale.o)
                0x0009fd08                __mb_cur_max
 *(.sdata2 .sdata2.* .gnu.linkonce.s2.*)
                0x0009fd10                . = ALIGN (0x4)
                0x0009fd10                _edata = ABSOLUTE (.)
                0x0009fd10                PROVIDE (edata, ABSOLUTE (.))
                0x0009fd10                PROVIDE (__ram_rwdata_end, ABSOLUTE (.))
                0x0009fd10                PROVIDE (__flash_rwdata_start, LOADADDR (.rwdata))

.bss            0x000ad904     0x40e0
                0x000ad904                __bss_start = ABSOLUTE (.)
                0x000ad904                PROVIDE (__sbss_start, ABSOLUTE (.))
                0x000ad904                PROVIDE (___sbss_start, ABSOLUTE (.))
 *(.dynsbss)
 *(.sbss .sbss.* .gnu.linkonce.sb.*)
 .sbss          0x000ad904        0xc /opt/altera/13.0sp1/nios2eds/bin/gnu/H-i686-pc-linux-gnu/bin/../lib/gcc/nios2-elf/4.1.2/../../../../nios2-elf/lib/mno-hw-mul/libc.a(lib_a-mallocr.o)
                0x000ad904                __malloc_top_pad
                0x000ad908                __malloc_max_sbrked_mem
                0x000ad90c                __malloc_max_total_mem
 .sbss          0x000ad910        0x4 /opt/altera/13.0sp1/nios2eds/bin/gnu/H-i686-pc-linux-gnu/bin/../lib/gcc/nios2-elf/4.1.2/../../../../nios2-elf/lib/mno-hw-mul/libc.a(lib_a-int_errno.o)
                0x000ad910                errno
 .sbss          0x000ad914        0x4 ../../bsp/mpsoc_hello_ucosii//libucosii_bsp.a(alt_dev.o)
                0x000ad914                alt_fd_list_lock
 .sbss          0x000ad918        0xc ../../bsp/mpsoc_hello_ucosii//libucosii_bsp.a(alt_main.o)
                0x000ad918                alt_argc
                0x000ad91c                alt_argv
                0x000ad920                alt_envp
 .sbss          0x000ad924        0x8 ../../bsp/mpsoc_hello_ucosii//libucosii_bsp.a(alt_env_lock.o)
                0x000ad928                alt_envsem
 .sbss          0x000ad92c        0x8 ../../bsp/mpsoc_hello_ucosii//libucosii_bsp.a(alt_malloc_lock.o)
                0x000ad930                alt_heapsem
 .sbss          0x000ad934       0x68 ../../bsp/mpsoc_hello_ucosii//libucosii_bsp.a(os_core.o)
                0x000ad934                OSTmrFreeList
                0x000ad938                OSLockNesting
                0x000ad93c                OSTmrSemSignal
                0x000ad940                OSRunning
                0x000ad944                OSIdleCtr
                0x000ad948                OSTmrUsed
                0x000ad94a                OSPrioHighRdy
                0x000ad94b                OSPrioCur
                0x000ad94c                OSTCBList
                0x000ad950                OSTickStepState
                0x000ad954                OSCtxSwCtr
                0x000ad958                OSTmrFree
                0x000ad95c                OSIdleCtrMax
                0x000ad960                OSTCBFreeList
                0x000ad964                OSCPUUsage
                0x000ad965                OSTaskCtr
                0x000ad968                OSMemFreeList
                0x000ad96c                OSTCBHighRdy
                0x000ad970                OSQFreeList
                0x000ad974                OSRdyGrp
                0x000ad975                OSRdyTbl
                0x000ad978                OSEventFreeList
                0x000ad97c                OSIntNesting
                0x000ad980                OSTCBCur
                0x000ad984                OSTmrTime
                0x000ad988                OSTime
                0x000ad98c                OSTmrSem
                0x000ad990                OSFlagFreeList
                0x000ad994                OSStatRdy
                0x000ad998                OSIdleCtrRun
 .sbss          0x000ad99c        0x4 ../../bsp/mpsoc_hello_ucosii//libucosii_bsp.a(alt_irq_vars.o)
                0x000ad99c                alt_irq_active
 .sbss          0x000ad9a0        0x8 ../../bsp/mpsoc_hello_ucosii//libucosii_bsp.a(alt_tick.o)
                0x000ad9a0                _alt_tick_rate
                0x000ad9a4                _alt_nticks
 .sbss          0x000ad9a8        0x2 ../../bsp/mpsoc_hello_ucosii//libucosii_bsp.a(os_cpu_c.o)
 *fill*         0x000ad9aa        0x2 00
 .sbss          0x000ad9ac        0xc /opt/altera/13.0sp1/nios2eds/bin/gnu/H-i686-pc-linux-gnu/bin/../lib/gcc/nios2-elf/4.1.2/../../../../nios2-elf/lib/mno-hw-mul/libc.a(lib_a-locale.o)
                0x000ad9ac                __nlocale_changed
                0x000ad9b0                __mlocale_changed
                0x000ad9b4                _PathLocale
 *(.sbss2 .sbss2.* .gnu.linkonce.sb2.*)
 *(.scommon)
                0x000ad9b8                PROVIDE (__sbss_end, ABSOLUTE (.))
                0x000ad9b8                PROVIDE (___sbss_end, ABSOLUTE (.))
 *(.dynbss)
 *(.bss .bss.* .gnu.linkonce.b.*)
 .bss           0x000ad9b8        0x0 ../../bsp/mpsoc_hello_ucosii//obj/HAL/src/crt0.o
 .bss           0x000ad9b8        0x0 obj/default/src/image_bare.o
 .bss           0x000ad9b8        0x0 /opt/altera/13.0sp1/nios2eds/bin/gnu/H-i686-pc-linux-gnu/bin/../lib/gcc/nios2-elf/4.1.2/mno-hw-mul/libgcc.a(_addsub_df.o)
 .bss           0x000ad9b8        0x0 /opt/altera/13.0sp1/nios2eds/bin/gnu/H-i686-pc-linux-gnu/bin/../lib/gcc/nios2-elf/4.1.2/mno-hw-mul/libgcc.a(_mul_df.o)
 .bss           0x000ad9b8        0x0 /opt/altera/13.0sp1/nios2eds/bin/gnu/H-i686-pc-linux-gnu/bin/../lib/gcc/nios2-elf/4.1.2/mno-hw-mul/libgcc.a(_si_to_df.o)
 .bss           0x000ad9b8        0x0 /opt/altera/13.0sp1/nios2eds/bin/gnu/H-i686-pc-linux-gnu/bin/../lib/gcc/nios2-elf/4.1.2/mno-hw-mul/libgcc.a(_df_to_sf.o)
 .bss           0x000ad9b8        0x0 /opt/altera/13.0sp1/nios2eds/bin/gnu/H-i686-pc-linux-gnu/bin/../lib/gcc/nios2-elf/4.1.2/mno-hw-mul/libgcc.a(_thenan_df.o)
 .bss           0x000ad9b8        0x0 /opt/altera/13.0sp1/nios2eds/bin/gnu/H-i686-pc-linux-gnu/bin/../lib/gcc/nios2-elf/4.1.2/mno-hw-mul/libgcc.a(lib2-divmod.o)
 .bss           0x000ad9b8        0x0 /opt/altera/13.0sp1/nios2eds/bin/gnu/H-i686-pc-linux-gnu/bin/../lib/gcc/nios2-elf/4.1.2/mno-hw-mul/libgcc.a(lib2-mul.o)
 .bss           0x000ad9b8        0x0 /opt/altera/13.0sp1/nios2eds/bin/gnu/H-i686-pc-linux-gnu/bin/../lib/gcc/nios2-elf/4.1.2/mno-hw-mul/libgcc.a(_muldi3.o)
 .bss           0x000ad9b8        0x0 /opt/altera/13.0sp1/nios2eds/bin/gnu/H-i686-pc-linux-gnu/bin/../lib/gcc/nios2-elf/4.1.2/mno-hw-mul/libgcc.a(_clzsi2.o)
 .bss           0x000ad9b8        0x0 /opt/altera/13.0sp1/nios2eds/bin/gnu/H-i686-pc-linux-gnu/bin/../lib/gcc/nios2-elf/4.1.2/mno-hw-mul/libgcc.a(_make_sf.o)
 .bss           0x000ad9b8        0x0 /opt/altera/13.0sp1/nios2eds/bin/gnu/H-i686-pc-linux-gnu/bin/../lib/gcc/nios2-elf/4.1.2/mno-hw-mul/libgcc.a(_pack_df.o)
 .bss           0x000ad9b8        0x0 /opt/altera/13.0sp1/nios2eds/bin/gnu/H-i686-pc-linux-gnu/bin/../lib/gcc/nios2-elf/4.1.2/mno-hw-mul/libgcc.a(_unpack_df.o)
 .bss           0x000ad9b8        0x0 /opt/altera/13.0sp1/nios2eds/bin/gnu/H-i686-pc-linux-gnu/bin/../lib/gcc/nios2-elf/4.1.2/mno-hw-mul/libgcc.a(_clz.o)
 .bss           0x000ad9b8        0x0 /opt/altera/13.0sp1/nios2eds/bin/gnu/H-i686-pc-linux-gnu/bin/../lib/gcc/nios2-elf/4.1.2/mno-hw-mul/libgcc.a(_pack_sf.o)
 .bss           0x000ad9b8        0x0 /opt/altera/13.0sp1/nios2eds/bin/gnu/H-i686-pc-linux-gnu/bin/../lib/gcc/nios2-elf/4.1.2/../../../../nios2-elf/lib/mno-hw-mul/libc.a(lib_a-malloc.o)
 .bss           0x000ad9b8       0x28 /opt/altera/13.0sp1/nios2eds/bin/gnu/H-i686-pc-linux-gnu/bin/../lib/gcc/nios2-elf/4.1.2/../../../../nios2-elf/lib/mno-hw-mul/libc.a(lib_a-mallocr.o)
                0x000ad9b8                __malloc_current_mallinfo
 .bss           0x000ad9e0        0x0 /opt/altera/13.0sp1/nios2eds/bin/gnu/H-i686-pc-linux-gnu/bin/../lib/gcc/nios2-elf/4.1.2/../../../../nios2-elf/lib/mno-hw-mul/libc.a(lib_a-memcpy.o)
 .bss           0x000ad9e0        0x0 /opt/altera/13.0sp1/nios2eds/bin/gnu/H-i686-pc-linux-gnu/bin/../lib/gcc/nios2-elf/4.1.2/../../../../nios2-elf/lib/mno-hw-mul/libc.a(lib_a-putchar.o)
 .bss           0x000ad9e0        0x0 /opt/altera/13.0sp1/nios2eds/bin/gnu/H-i686-pc-linux-gnu/bin/../lib/gcc/nios2-elf/4.1.2/../../../../nios2-elf/lib/mno-hw-mul/libc.a(lib_a-puts.o)
 .bss           0x000ad9e0        0x0 /opt/altera/13.0sp1/nios2eds/bin/gnu/H-i686-pc-linux-gnu/bin/../lib/gcc/nios2-elf/4.1.2/../../../../nios2-elf/lib/mno-hw-mul/libc.a(lib_a-sbrkr.o)
 .bss           0x000ad9e0        0x0 /opt/altera/13.0sp1/nios2eds/bin/gnu/H-i686-pc-linux-gnu/bin/../lib/gcc/nios2-elf/4.1.2/../../../../nios2-elf/lib/mno-hw-mul/libc.a(lib_a-strlen.o)
 .bss           0x000ad9e0        0x0 /opt/altera/13.0sp1/nios2eds/bin/gnu/H-i686-pc-linux-gnu/bin/../lib/gcc/nios2-elf/4.1.2/../../../../nios2-elf/lib/mno-hw-mul/libc.a(lib_a-freer.o)
 .bss           0x000ad9e0        0x0 /opt/altera/13.0sp1/nios2eds/bin/gnu/H-i686-pc-linux-gnu/bin/../lib/gcc/nios2-elf/4.1.2/../../../../nios2-elf/lib/mno-hw-mul/libc.a(lib_a-fvwrite.o)
 .bss           0x000ad9e0        0x0 /opt/altera/13.0sp1/nios2eds/bin/gnu/H-i686-pc-linux-gnu/bin/../lib/gcc/nios2-elf/4.1.2/../../../../nios2-elf/lib/mno-hw-mul/libc.a(lib_a-impure.o)
 .bss           0x000ad9e0        0x0 /opt/altera/13.0sp1/nios2eds/bin/gnu/H-i686-pc-linux-gnu/bin/../lib/gcc/nios2-elf/4.1.2/../../../../nios2-elf/lib/mno-hw-mul/libc.a(lib_a-int_errno.o)
 .bss           0x000ad9e0        0x0 /opt/altera/13.0sp1/nios2eds/bin/gnu/H-i686-pc-linux-gnu/bin/../lib/gcc/nios2-elf/4.1.2/../../../../nios2-elf/lib/mno-hw-mul/libc.a(lib_a-memchr.o)
 .bss           0x000ad9e0        0x0 /opt/altera/13.0sp1/nios2eds/bin/gnu/H-i686-pc-linux-gnu/bin/../lib/gcc/nios2-elf/4.1.2/../../../../nios2-elf/lib/mno-hw-mul/libc.a(lib_a-memmove.o)
 .bss           0x000ad9e0        0x0 /opt/altera/13.0sp1/nios2eds/bin/gnu/H-i686-pc-linux-gnu/bin/../lib/gcc/nios2-elf/4.1.2/../../../../nios2-elf/lib/mno-hw-mul/libc.a(lib_a-putc.o)
 .bss           0x000ad9e0        0x0 /opt/altera/13.0sp1/nios2eds/bin/gnu/H-i686-pc-linux-gnu/bin/../lib/gcc/nios2-elf/4.1.2/../../../../nios2-elf/lib/mno-hw-mul/libc.a(lib_a-reallocr.o)
 .bss           0x000ad9e0        0x0 /opt/altera/13.0sp1/nios2eds/bin/gnu/H-i686-pc-linux-gnu/bin/../lib/gcc/nios2-elf/4.1.2/../../../../nios2-elf/lib/mno-hw-mul/libc.a(lib_a-wbuf.o)
 .bss           0x000ad9e0        0x0 /opt/altera/13.0sp1/nios2eds/bin/gnu/H-i686-pc-linux-gnu/bin/../lib/gcc/nios2-elf/4.1.2/../../../../nios2-elf/lib/mno-hw-mul/libc.a(lib_a-wsetup.o)
 .bss           0x000ad9e0        0x0 /opt/altera/13.0sp1/nios2eds/bin/gnu/H-i686-pc-linux-gnu/bin/../lib/gcc/nios2-elf/4.1.2/../../../../nios2-elf/lib/mno-hw-mul/libc.a(lib_a-fflush.o)
 .bss           0x000ad9e0        0x0 /opt/altera/13.0sp1/nios2eds/bin/gnu/H-i686-pc-linux-gnu/bin/../lib/gcc/nios2-elf/4.1.2/../../../../nios2-elf/lib/mno-hw-mul/libc.a(lib_a-findfp.o)
 .bss           0x000ad9e0        0x0 /opt/altera/13.0sp1/nios2eds/bin/gnu/H-i686-pc-linux-gnu/bin/../lib/gcc/nios2-elf/4.1.2/../../../../nios2-elf/lib/mno-hw-mul/libc.a(lib_a-fwalk.o)
 .bss           0x000ad9e0        0x0 /opt/altera/13.0sp1/nios2eds/bin/gnu/H-i686-pc-linux-gnu/bin/../lib/gcc/nios2-elf/4.1.2/../../../../nios2-elf/lib/mno-hw-mul/libc.a(lib_a-makebuf.o)
 .bss           0x000ad9e0        0x0 /opt/altera/13.0sp1/nios2eds/bin/gnu/H-i686-pc-linux-gnu/bin/../lib/gcc/nios2-elf/4.1.2/../../../../nios2-elf/lib/mno-hw-mul/libc.a(lib_a-memset.o)
 .bss           0x000ad9e0        0x0 /opt/altera/13.0sp1/nios2eds/bin/gnu/H-i686-pc-linux-gnu/bin/../lib/gcc/nios2-elf/4.1.2/../../../../nios2-elf/lib/mno-hw-mul/libc.a(lib_a-stdio.o)
 .bss           0x000ad9e0        0x0 /opt/altera/13.0sp1/nios2eds/bin/gnu/H-i686-pc-linux-gnu/bin/../lib/gcc/nios2-elf/4.1.2/../../../../nios2-elf/lib/mno-hw-mul/libc.a(lib_a-writer.o)
 .bss           0x000ad9e0        0x0 /opt/altera/13.0sp1/nios2eds/bin/gnu/H-i686-pc-linux-gnu/bin/../lib/gcc/nios2-elf/4.1.2/../../../../nios2-elf/lib/mno-hw-mul/libc.a(lib_a-closer.o)
 .bss           0x000ad9e0        0x0 /opt/altera/13.0sp1/nios2eds/bin/gnu/H-i686-pc-linux-gnu/bin/../lib/gcc/nios2-elf/4.1.2/../../../../nios2-elf/lib/mno-hw-mul/libc.a(lib_a-fclose.o)
 .bss           0x000ad9e0        0x0 /opt/altera/13.0sp1/nios2eds/bin/gnu/H-i686-pc-linux-gnu/bin/../lib/gcc/nios2-elf/4.1.2/../../../../nios2-elf/lib/mno-hw-mul/libc.a(lib_a-fstatr.o)
 .bss           0x000ad9e0        0x0 /opt/altera/13.0sp1/nios2eds/bin/gnu/H-i686-pc-linux-gnu/bin/../lib/gcc/nios2-elf/4.1.2/../../../../nios2-elf/lib/mno-hw-mul/libc.a(lib_a-isattyr.o)
 .bss           0x000ad9e0        0x0 /opt/altera/13.0sp1/nios2eds/bin/gnu/H-i686-pc-linux-gnu/bin/../lib/gcc/nios2-elf/4.1.2/../../../../nios2-elf/lib/mno-hw-mul/libc.a(lib_a-lseekr.o)
 .bss           0x000ad9e0        0x0 /opt/altera/13.0sp1/nios2eds/bin/gnu/H-i686-pc-linux-gnu/bin/../lib/gcc/nios2-elf/4.1.2/../../../../nios2-elf/lib/mno-hw-mul/libc.a(lib_a-readr.o)
 .bss           0x000ad9e0        0x0 ../../bsp/mpsoc_hello_ucosii//libucosii_bsp.a(alt_close.o)
 .bss           0x000ad9e0        0x0 ../../bsp/mpsoc_hello_ucosii//libucosii_bsp.a(alt_dev.o)
 .bss           0x000ad9e0        0x0 ../../bsp/mpsoc_hello_ucosii//libucosii_bsp.a(alt_errno.o)
 .bss           0x000ad9e0        0x0 ../../bsp/mpsoc_hello_ucosii//libucosii_bsp.a(alt_fstat.o)
 .bss           0x000ad9e0        0x0 ../../bsp/mpsoc_hello_ucosii//libucosii_bsp.a(alt_isatty.o)
 .bss           0x000ad9e0        0x0 ../../bsp/mpsoc_hello_ucosii//libucosii_bsp.a(alt_load.o)
 .bss           0x000ad9e0        0x0 ../../bsp/mpsoc_hello_ucosii//libucosii_bsp.a(alt_lseek.o)
 .bss           0x000ad9e0        0x0 ../../bsp/mpsoc_hello_ucosii//libucosii_bsp.a(alt_main.o)
 .bss           0x000ad9e0        0x0 ../../bsp/mpsoc_hello_ucosii//libucosii_bsp.a(alt_read.o)
 .bss           0x000ad9e0        0x0 ../../bsp/mpsoc_hello_ucosii//libucosii_bsp.a(alt_release_fd.o)
 .bss           0x000ad9e0        0x0 ../../bsp/mpsoc_hello_ucosii//libucosii_bsp.a(alt_sbrk.o)
 .bss           0x000ad9e0        0x0 ../../bsp/mpsoc_hello_ucosii//libucosii_bsp.a(alt_write.o)
 .bss           0x000ad9e0        0x0 ../../bsp/mpsoc_hello_ucosii//libucosii_bsp.a(alt_env_lock.o)
 .bss           0x000ad9e0        0x0 ../../bsp/mpsoc_hello_ucosii//libucosii_bsp.a(alt_malloc_lock.o)
 .bss           0x000ad9e0        0x0 ../../bsp/mpsoc_hello_ucosii//libucosii_bsp.a(os_core.o)
 .bss           0x000ad9e0        0x0 ../../bsp/mpsoc_hello_ucosii//libucosii_bsp.a(os_dbg.o)
 .bss           0x000ad9e0        0x0 ../../bsp/mpsoc_hello_ucosii//libucosii_bsp.a(os_flag.o)
 .bss           0x000ad9e0        0x0 ../../bsp/mpsoc_hello_ucosii//libucosii_bsp.a(os_mem.o)
 .bss           0x000ad9e0        0x0 ../../bsp/mpsoc_hello_ucosii//libucosii_bsp.a(os_q.o)
 .bss           0x000ad9e0        0x0 ../../bsp/mpsoc_hello_ucosii//libucosii_bsp.a(os_sem.o)
 .bss           0x000ad9e0        0x0 ../../bsp/mpsoc_hello_ucosii//libucosii_bsp.a(os_task.o)
 .bss           0x000ad9e0        0x0 ../../bsp/mpsoc_hello_ucosii//libucosii_bsp.a(os_time.o)
 .bss           0x000ad9e0        0x0 ../../bsp/mpsoc_hello_ucosii//libucosii_bsp.a(os_tmr.o)
 .bss           0x000ad9e0        0x0 ../../bsp/mpsoc_hello_ucosii//libucosii_bsp.a(alt_sys_init.o)
 .bss           0x000ad9e0        0x0 ../../bsp/mpsoc_hello_ucosii//libucosii_bsp.a(altera_avalon_jtag_uart_fd.o)
 .bss           0x000ad9e0        0x0 ../../bsp/mpsoc_hello_ucosii//libucosii_bsp.a(altera_avalon_jtag_uart_init.o)
 .bss           0x000ad9e0        0x0 ../../bsp/mpsoc_hello_ucosii//libucosii_bsp.a(altera_avalon_jtag_uart_ioctl.o)
 .bss           0x000ad9e0        0x0 ../../bsp/mpsoc_hello_ucosii//libucosii_bsp.a(altera_avalon_jtag_uart_read.o)
 .bss           0x000ad9e0        0x0 ../../bsp/mpsoc_hello_ucosii//libucosii_bsp.a(altera_avalon_jtag_uart_write.o)
 .bss           0x000ad9e0        0x0 ../../bsp/mpsoc_hello_ucosii//libucosii_bsp.a(altera_avalon_mutex.o)
 .bss           0x000ad9e0        0x0 ../../bsp/mpsoc_hello_ucosii//libucosii_bsp.a(altera_avalon_timer_sc.o)
 .bss           0x000ad9e0        0x0 ../../bsp/mpsoc_hello_ucosii//libucosii_bsp.a(perf_print_formatted_report.o)
 .bss           0x000ad9e0        0x0 ../../bsp/mpsoc_hello_ucosii//libucosii_bsp.a(alt_alarm_start.o)
 .bss           0x000ad9e0        0x0 ../../bsp/mpsoc_hello_ucosii//libucosii_bsp.a(alt_dcache_flush_all.o)
 .bss           0x000ad9e0        0x0 ../../bsp/mpsoc_hello_ucosii//libucosii_bsp.a(alt_dev_llist_insert.o)
 .bss           0x000ad9e0        0x0 ../../bsp/mpsoc_hello_ucosii//libucosii_bsp.a(alt_do_ctors.o)
 .bss           0x000ad9e0        0x0 ../../bsp/mpsoc_hello_ucosii//libucosii_bsp.a(alt_do_dtors.o)
 .bss           0x000ad9e0        0x0 ../../bsp/mpsoc_hello_ucosii//libucosii_bsp.a(alt_find_dev.o)
 .bss           0x000ad9e0        0x0 ../../bsp/mpsoc_hello_ucosii//libucosii_bsp.a(alt_icache_flush_all.o)
 .bss           0x000ad9e0        0x0 ../../bsp/mpsoc_hello_ucosii//libucosii_bsp.a(alt_io_redirect.o)
 .bss           0x000ad9e0        0x0 ../../bsp/mpsoc_hello_ucosii//libucosii_bsp.a(alt_irq_register.o)
 .bss           0x000ad9e0        0x0 ../../bsp/mpsoc_hello_ucosii//libucosii_bsp.a(alt_irq_vars.o)
 .bss           0x000ad9e0        0x0 ../../bsp/mpsoc_hello_ucosii//libucosii_bsp.a(alt_open.o)
 .bss           0x000ad9e0        0x0 ../../bsp/mpsoc_hello_ucosii//libucosii_bsp.a(alt_tick.o)
 .bss           0x000ad9e0        0x0 ../../bsp/mpsoc_hello_ucosii//libucosii_bsp.a(altera_nios2_qsys_irq.o)
 .bss           0x000ad9e0        0x0 ../../bsp/mpsoc_hello_ucosii//libucosii_bsp.a(os_cpu_a.o)
 .bss           0x000ad9e0        0x0 ../../bsp/mpsoc_hello_ucosii//libucosii_bsp.a(os_cpu_c.o)
 .bss           0x000ad9e0        0x0 ../../bsp/mpsoc_hello_ucosii//libucosii_bsp.a(altera_avalon_performance_counter.o)
 .bss           0x000ad9e0        0x0 ../../bsp/mpsoc_hello_ucosii//libucosii_bsp.a(alt_find_file.o)
 .bss           0x000ad9e0        0x0 ../../bsp/mpsoc_hello_ucosii//libucosii_bsp.a(alt_get_fd.o)
 .bss           0x000ad9e0        0x0 ../../bsp/mpsoc_hello_ucosii//libucosii_bsp.a(alt_irq_entry.o)
 .bss           0x000ad9e0        0x0 ../../bsp/mpsoc_hello_ucosii//libucosii_bsp.a(alt_irq_handler.o)
 .bss           0x000ad9e0        0x0 ../../bsp/mpsoc_hello_ucosii//libucosii_bsp.a(alt_exception_entry.o)
 .bss           0x000ad9e0        0x0 /opt/altera/13.0sp1/nios2eds/bin/gnu/H-i686-pc-linux-gnu/bin/../lib/gcc/nios2-elf/4.1.2/../../../../nios2-elf/lib/mno-hw-mul/libc.a(lib_a-atexit.o)
 .bss           0x000ad9e0        0x0 /opt/altera/13.0sp1/nios2eds/bin/gnu/H-i686-pc-linux-gnu/bin/../lib/gcc/nios2-elf/4.1.2/../../../../nios2-elf/lib/mno-hw-mul/libc.a(lib_a-exit.o)
 .bss           0x000ad9e0        0x0 /opt/altera/13.0sp1/nios2eds/bin/gnu/H-i686-pc-linux-gnu/bin/../lib/gcc/nios2-elf/4.1.2/../../../../nios2-elf/lib/mno-hw-mul/libc.a(lib_a-memcmp.o)
 .bss           0x000ad9e0        0x0 /opt/altera/13.0sp1/nios2eds/bin/gnu/H-i686-pc-linux-gnu/bin/../lib/gcc/nios2-elf/4.1.2/../../../../nios2-elf/lib/mno-hw-mul/libc.a(lib_a-printf.o)
 .bss           0x000ad9e0        0x0 /opt/altera/13.0sp1/nios2eds/bin/gnu/H-i686-pc-linux-gnu/bin/../lib/gcc/nios2-elf/4.1.2/../../../../nios2-elf/lib/mno-hw-mul/libc.a(lib_a-vfprintf.o)
 .bss           0x000ad9e0        0x0 /opt/altera/13.0sp1/nios2eds/bin/gnu/H-i686-pc-linux-gnu/bin/../lib/gcc/nios2-elf/4.1.2/../../../../nios2-elf/lib/mno-hw-mul/libc.a(lib_a-__atexit.o)
 .bss           0x000ad9e0        0x0 /opt/altera/13.0sp1/nios2eds/bin/gnu/H-i686-pc-linux-gnu/bin/../lib/gcc/nios2-elf/4.1.2/../../../../nios2-elf/lib/mno-hw-mul/libc.a(lib_a-__call_atexit.o)
 .bss           0x000ad9e0        0x0 /opt/altera/13.0sp1/nios2eds/bin/gnu/H-i686-pc-linux-gnu/bin/../lib/gcc/nios2-elf/4.1.2/../../../../nios2-elf/lib/mno-hw-mul/libc.a(lib_a-dtoa.o)
 .bss           0x000ad9e0        0x0 /opt/altera/13.0sp1/nios2eds/bin/gnu/H-i686-pc-linux-gnu/bin/../lib/gcc/nios2-elf/4.1.2/../../../../nios2-elf/lib/mno-hw-mul/libc.a(lib_a-locale.o)
 .bss           0x000ad9e0        0x0 /opt/altera/13.0sp1/nios2eds/bin/gnu/H-i686-pc-linux-gnu/bin/../lib/gcc/nios2-elf/4.1.2/../../../../nios2-elf/lib/mno-hw-mul/libc.a(lib_a-mprec.o)
 .bss           0x000ad9e0        0x0 /opt/altera/13.0sp1/nios2eds/bin/gnu/H-i686-pc-linux-gnu/bin/../lib/gcc/nios2-elf/4.1.2/../../../../nios2-elf/lib/mno-hw-mul/libc.a(lib_a-s_isinfd.o)
 .bss           0x000ad9e0        0x0 /opt/altera/13.0sp1/nios2eds/bin/gnu/H-i686-pc-linux-gnu/bin/../lib/gcc/nios2-elf/4.1.2/../../../../nios2-elf/lib/mno-hw-mul/libc.a(lib_a-s_isnand.o)
 .bss           0x000ad9e0        0x0 /opt/altera/13.0sp1/nios2eds/bin/gnu/H-i686-pc-linux-gnu/bin/../lib/gcc/nios2-elf/4.1.2/../../../../nios2-elf/lib/mno-hw-mul/libc.a(lib_a-strcmp.o)
 .bss           0x000ad9e0        0x0 /opt/altera/13.0sp1/nios2eds/bin/gnu/H-i686-pc-linux-gnu/bin/../lib/gcc/nios2-elf/4.1.2/../../../../nios2-elf/lib/mno-hw-mul/libc.a(lib_a-callocr.o)
 .bss           0x000ad9e0        0x0 /opt/altera/13.0sp1/nios2eds/bin/gnu/H-i686-pc-linux-gnu/bin/../lib/gcc/nios2-elf/4.1.2/mno-hw-mul/libgcc.a(_fixunsdfsi.o)
 .bss           0x000ad9e0        0x0 /opt/altera/13.0sp1/nios2eds/bin/gnu/H-i686-pc-linux-gnu/bin/../lib/gcc/nios2-elf/4.1.2/mno-hw-mul/libgcc.a(_floatundidf.o)
 .bss           0x000ad9e0        0x0 /opt/altera/13.0sp1/nios2eds/bin/gnu/H-i686-pc-linux-gnu/bin/../lib/gcc/nios2-elf/4.1.2/mno-hw-mul/libgcc.a(_udivdi3.o)
 .bss           0x000ad9e0        0x0 /opt/altera/13.0sp1/nios2eds/bin/gnu/H-i686-pc-linux-gnu/bin/../lib/gcc/nios2-elf/4.1.2/mno-hw-mul/libgcc.a(_umoddi3.o)
 .bss           0x000ad9e0        0x0 /opt/altera/13.0sp1/nios2eds/bin/gnu/H-i686-pc-linux-gnu/bin/../lib/gcc/nios2-elf/4.1.2/mno-hw-mul/libgcc.a(_div_df.o)
 .bss           0x000ad9e0        0x0 /opt/altera/13.0sp1/nios2eds/bin/gnu/H-i686-pc-linux-gnu/bin/../lib/gcc/nios2-elf/4.1.2/mno-hw-mul/libgcc.a(_eq_df.o)
 .bss           0x000ad9e0        0x0 /opt/altera/13.0sp1/nios2eds/bin/gnu/H-i686-pc-linux-gnu/bin/../lib/gcc/nios2-elf/4.1.2/mno-hw-mul/libgcc.a(_ne_df.o)
 .bss           0x000ad9e0        0x0 /opt/altera/13.0sp1/nios2eds/bin/gnu/H-i686-pc-linux-gnu/bin/../lib/gcc/nios2-elf/4.1.2/mno-hw-mul/libgcc.a(_gt_df.o)
 .bss           0x000ad9e0        0x0 /opt/altera/13.0sp1/nios2eds/bin/gnu/H-i686-pc-linux-gnu/bin/../lib/gcc/nios2-elf/4.1.2/mno-hw-mul/libgcc.a(_ge_df.o)
 .bss           0x000ad9e0        0x0 /opt/altera/13.0sp1/nios2eds/bin/gnu/H-i686-pc-linux-gnu/bin/../lib/gcc/nios2-elf/4.1.2/mno-hw-mul/libgcc.a(_lt_df.o)
 .bss           0x000ad9e0        0x0 /opt/altera/13.0sp1/nios2eds/bin/gnu/H-i686-pc-linux-gnu/bin/../lib/gcc/nios2-elf/4.1.2/mno-hw-mul/libgcc.a(_df_to_si.o)
 .bss           0x000ad9e0        0x0 /opt/altera/13.0sp1/nios2eds/bin/gnu/H-i686-pc-linux-gnu/bin/../lib/gcc/nios2-elf/4.1.2/mno-hw-mul/libgcc.a(_usi_to_df.o)
 .bss           0x000ad9e0        0x0 /opt/altera/13.0sp1/nios2eds/bin/gnu/H-i686-pc-linux-gnu/bin/../lib/gcc/nios2-elf/4.1.2/mno-hw-mul/libgcc.a(_fpcmp_parts_df.o)
 .bss           0x000ad9e0        0x0 ../../bsp/mpsoc_hello_ucosii//libucosii_bsp.a(alt_exit.o)
 *(COMMON)
 COMMON         0x000ad9e0     0x3d74 ../../bsp/mpsoc_hello_ucosii//libucosii_bsp.a(os_core.o)
                0x000ad9e0                OSTmrWheelTbl
                0x000ad9f0                OSFlagTbl
                0x000add60                OSTmrTbl
                0x000ae0a0                OSMemTbl
                0x000aecd0                OSTaskStatStk
                0x000af4d0                OSQTbl
                0x000af6b0                OSTmrTaskStk
                0x000afeb0                OSTaskIdleStk
                0x000b06b0                OSEventTbl
                0x000b11f0                OSTCBTbl
                0x000b1700                OSTCBPrioTbl
 COMMON         0x000b1754      0x100 ../../bsp/mpsoc_hello_ucosii//libucosii_bsp.a(alt_irq_handler.o)
                0x000b1754                alt_irq
 COMMON         0x000b1854      0x190 /opt/altera/13.0sp1/nios2eds/bin/gnu/H-i686-pc-linux-gnu/bin/../lib/gcc/nios2-elf/4.1.2/../../../../nios2-elf/lib/mno-hw-mul/libc.a(lib_a-atexit.o)
                0x000b1854                _atexit0
                0x000b19e4                . = ALIGN (0x4)
                0x000b19e4                __bss_end = ABSOLUTE (.)

.sram           0x000b19e4        0x0
                0x000b19e4                PROVIDE (_alt_partition_sram_start, ABSOLUTE (.))
 *(.sram. sram.*)
                0x000b19e4                . = ALIGN (0x4)
                0x000b19e4                PROVIDE (_alt_partition_sram_end, ABSOLUTE (.))