Archive member included because of file (symbol)

/opt/altera/13.0sp1/nios2eds/bin/gnu/H-i686-pc-linux-gnu/bin/../lib/gcc/nios2-elf/4.1.2/mno-hw-mul/libgcc.a(_div_df.o)
                              obj/default/src/hello_ucosii.o (__divdf3)
/opt/altera/13.0sp1/nios2eds/bin/gnu/H-i686-pc-linux-gnu/bin/../lib/gcc/nios2-elf/4.1.2/mno-hw-mul/libgcc.a(_thenan_df.o)
                              /opt/altera/13.0sp1/nios2eds/bin/gnu/H-i686-pc-linux-gnu/bin/../lib/gcc/nios2-elf/4.1.2/mno-hw-mul/libgcc.a(_div_df.o) (__thenan_df)
/opt/altera/13.0sp1/nios2eds/bin/gnu/H-i686-pc-linux-gnu/bin/../lib/gcc/nios2-elf/4.1.2/mno-hw-mul/libgcc.a(_usi_to_df.o)
                              obj/default/src/hello_ucosii.o (__floatunsidf)
/opt/altera/13.0sp1/nios2eds/bin/gnu/H-i686-pc-linux-gnu/bin/../lib/gcc/nios2-elf/4.1.2/mno-hw-mul/libgcc.a(lib2-divmod.o)
                              obj/default/src/hello_ucosii.o (__udivsi3)
/opt/altera/13.0sp1/nios2eds/bin/gnu/H-i686-pc-linux-gnu/bin/../lib/gcc/nios2-elf/4.1.2/mno-hw-mul/libgcc.a(lib2-mul.o)
                              obj/default/src/hello_ucosii.o (__mulsi3)
/opt/altera/13.0sp1/nios2eds/bin/gnu/H-i686-pc-linux-gnu/bin/../lib/gcc/nios2-elf/4.1.2/mno-hw-mul/libgcc.a(_clzsi2.o)
                              /opt/altera/13.0sp1/nios2eds/bin/gnu/H-i686-pc-linux-gnu/bin/../lib/gcc/nios2-elf/4.1.2/mno-hw-mul/libgcc.a(_usi_to_df.o) (__clzsi2)
/opt/altera/13.0sp1/nios2eds/bin/gnu/H-i686-pc-linux-gnu/bin/../lib/gcc/nios2-elf/4.1.2/mno-hw-mul/libgcc.a(_pack_df.o)
                              /opt/altera/13.0sp1/nios2eds/bin/gnu/H-i686-pc-linux-gnu/bin/../lib/gcc/nios2-elf/4.1.2/mno-hw-mul/libgcc.a(_div_df.o) (__pack_d)
/opt/altera/13.0sp1/nios2eds/bin/gnu/H-i686-pc-linux-gnu/bin/../lib/gcc/nios2-elf/4.1.2/mno-hw-mul/libgcc.a(_unpack_df.o)
                              /opt/altera/13.0sp1/nios2eds/bin/gnu/H-i686-pc-linux-gnu/bin/../lib/gcc/nios2-elf/4.1.2/mno-hw-mul/libgcc.a(_div_df.o) (__unpack_d)
/opt/altera/13.0sp1/nios2eds/bin/gnu/H-i686-pc-linux-gnu/bin/../lib/gcc/nios2-elf/4.1.2/mno-hw-mul/libgcc.a(_clz.o)
                              /opt/altera/13.0sp1/nios2eds/bin/gnu/H-i686-pc-linux-gnu/bin/../lib/gcc/nios2-elf/4.1.2/mno-hw-mul/libgcc.a(_clzsi2.o) (__clz_tab)
/opt/altera/13.0sp1/nios2eds/bin/gnu/H-i686-pc-linux-gnu/bin/../lib/gcc/nios2-elf/4.1.2/../../../../nios2-elf/lib/mno-hw-mul/libc.a(lib_a-printf.o)
                              obj/default/src/hello_ucosii.o (printf)
/opt/altera/13.0sp1/nios2eds/bin/gnu/H-i686-pc-linux-gnu/bin/../lib/gcc/nios2-elf/4.1.2/../../../../nios2-elf/lib/mno-hw-mul/libc.a(lib_a-puts.o)
                              obj/default/src/hello_ucosii.o (puts)
/opt/altera/13.0sp1/nios2eds/bin/gnu/H-i686-pc-linux-gnu/bin/../lib/gcc/nios2-elf/4.1.2/../../../../nios2-elf/lib/mno-hw-mul/libc.a(lib_a-strlen.o)
                              /opt/altera/13.0sp1/nios2eds/bin/gnu/H-i686-pc-linux-gnu/bin/../lib/gcc/nios2-elf/4.1.2/../../../../nios2-elf/lib/mno-hw-mul/libc.a(lib_a-puts.o) (strlen)
/opt/altera/13.0sp1/nios2eds/bin/gnu/H-i686-pc-linux-gnu/bin/../lib/gcc/nios2-elf/4.1.2/../../../../nios2-elf/lib/mno-hw-mul/libc.a(lib_a-vfprintf.o)
                              /opt/altera/13.0sp1/nios2eds/bin/gnu/H-i686-pc-linux-gnu/bin/../lib/gcc/nios2-elf/4.1.2/../../../../nios2-elf/lib/mno-hw-mul/libc.a(lib_a-printf.o) (___vfprintf_internal_r)
/opt/altera/13.0sp1/nios2eds/bin/gnu/H-i686-pc-linux-gnu/bin/../lib/gcc/nios2-elf/4.1.2/../../../../nios2-elf/lib/mno-hw-mul/libc.a(lib_a-wsetup.o)
                              /opt/altera/13.0sp1/nios2eds/bin/gnu/H-i686-pc-linux-gnu/bin/../lib/gcc/nios2-elf/4.1.2/../../../../nios2-elf/lib/mno-hw-mul/libc.a(lib_a-vfprintf.o) (__swsetup_r)
/opt/altera/13.0sp1/nios2eds/bin/gnu/H-i686-pc-linux-gnu/bin/../lib/gcc/nios2-elf/4.1.2/../../../../nios2-elf/lib/mno-hw-mul/libc.a(lib_a-dtoa.o)
                              /opt/altera/13.0sp1/nios2eds/bin/gnu/H-i686-pc-linux-gnu/bin/../lib/gcc/nios2-elf/4.1.2/../../../../nios2-elf/lib/mno-hw-mul/libc.a(lib_a-vfprintf.o) (_dtoa_r)
/opt/altera/13.0sp1/nios2eds/bin/gnu/H-i686-pc-linux-gnu/bin/../lib/gcc/nios2-elf/4.1.2/../../../../nios2-elf/lib/mno-hw-mul/libc.a(lib_a-fflush.o)
                              /opt/altera/13.0sp1/nios2eds/bin/gnu/H-i686-pc-linux-gnu/bin/../lib/gcc/nios2-elf/4.1.2/../../../../nios2-elf/lib/mno-hw-mul/libc.a(lib_a-vfprintf.o) (_fflush_r)
/opt/altera/13.0sp1/nios2eds/bin/gnu/H-i686-pc-linux-gnu/bin/../lib/gcc/nios2-elf/4.1.2/../../../../nios2-elf/lib/mno-hw-mul/libc.a(lib_a-findfp.o)
                              /opt/altera/13.0sp1/nios2eds/bin/gnu/H-i686-pc-linux-gnu/bin/../lib/gcc/nios2-elf/4.1.2/../../../../nios2-elf/lib/mno-hw-mul/libc.a(lib_a-vfprintf.o) (__sinit)
/opt/altera/13.0sp1/nios2eds/bin/gnu/H-i686-pc-linux-gnu/bin/../lib/gcc/nios2-elf/4.1.2/../../../../nios2-elf/lib/mno-hw-mul/libc.a(lib_a-freer.o)
[...]
Memory Configuration

Name             Origin             Length             Attributes
reset            0x00080000         0x00000020
sram             0x00080020         0x0007ffe0
shared_onchip    0x00102000         0x00002000
sdram            0x01000000         0x00800000
*default*        0x00000000         0xffffffff

Linker script and memory map

LOAD ../../bsp/mpsoc_hello_ucosii//obj/HAL/src/crt0.o
LOAD obj/default/src/hello_ucosii.o
LOAD /opt/altera/13.0sp1/nios2eds/bin/gnu/H-i686-pc-linux-gnu/bin/../lib/gcc/nios2-elf/4.1.2/../../../../nios2-elf/lib/mno-hw-mul/libstdc++.a
LOAD /opt/altera/13.0sp1/nios2eds/bin/gnu/H-i686-pc-linux-gnu/bin/../lib/gcc/nios2-elf/4.1.2/../../../../nios2-elf/lib/mno-hw-mul/libm.a
LOAD /opt/altera/13.0sp1/nios2eds/bin/gnu/H-i686-pc-linux-gnu/bin/../lib/gcc/nios2-elf/4.1.2/mno-hw-mul/libgcc.a
START GROUP
LOAD /opt/altera/13.0sp1/nios2eds/bin/gnu/H-i686-pc-linux-gnu/bin/../lib/gcc/nios2-elf/4.1.2/../../../../nios2-elf/lib/mno-hw-mul/libc.a
LOAD /opt/altera/13.0sp1/nios2eds/bin/gnu/H-i686-pc-linux-gnu/bin/../lib/gcc/nios2-elf/4.1.2/mno-hw-mul/libgcc.a
LOAD ../../bsp/mpsoc_hello_ucosii//libucosii_bsp.a
END GROUP
LOAD /opt/altera/13.0sp1/nios2eds/bin/gnu/H-i686-pc-linux-gnu/bin/../lib/gcc/nios2-elf/4.1.2/mno-hw-mul/libgcc.a
                0x00080000                __alt_mem_sram = 0x80000
                0x00102000                __alt_mem_shared_onchip = 0x102000
                0x01000000                __alt_mem_sdram = 0x1000000

.entry          0x00080000       0x20
 *(.entry)
 .entry         0x00080000       0x20 ../../bsp/mpsoc_hello_ucosii//obj/HAL/src/crt0.o
                0x00080000                __reset

.exceptions     0x00080020      0x12c
                0x00080020                PROVIDE (__ram_exceptions_start, ABSOLUTE (.))
                0x00080020                . = ALIGN (0x20)
 *(.irq)
 *(.exceptions.entry.label)
 .exceptions.entry.label
                0x00080020        0x0 ../../bsp/mpsoc_hello_ucosii//libucosii_bsp.a(alt_irq_entry.o)
                0x00080020                alt_irq_entry
 .exceptions.entry.label
                0x00080020        0x0 ../../bsp/mpsoc_hello_ucosii//libucosii_bsp.a(alt_exception_entry.o)
                0x00080020                alt_exception
 *(.exceptions.entry.user)
 *(.exceptions.entry)
 .exceptions.entry
                0x00080020       0x54 ../../bsp/mpsoc_hello_ucosii//libucosii_bsp.a(alt_exception_entry.o)
 *(.exceptions.irqtest.user)
 *(.exceptions.irqtest)
 .exceptions.irqtest
                0x00080074       0x10 ../../bsp/mpsoc_hello_ucosii//libucosii_bsp.a(alt_irq_entry.o)
 *(.exceptions.irqhandler.user)
 *(.exceptions.irqhandler)
 .exceptions.irqhandler
                0x00080084        0x4 ../../bsp/mpsoc_hello_ucosii//libucosii_bsp.a(alt_irq_entry.o)
 *(.exceptions.irqreturn.user)
 *(.exceptions.irqreturn)
 .exceptions.irqreturn
                0x00080088        0x4 ../../bsp/mpsoc_hello_ucosii//libucosii_bsp.a(alt_irq_entry.o)
 *(.exceptions.notirq.label)
 .exceptions.notirq.label
                0x0008008c        0x0 ../../bsp/mpsoc_hello_ucosii//libucosii_bsp.a(alt_irq_entry.o)
 *(.exceptions.notirq.user)
 *(.exceptions.notirq)
 .exceptions.notirq
                0x0008008c        0x8 ../../bsp/mpsoc_hello_ucosii//libucosii_bsp.a(alt_exception_entry.o)
 *(.exceptions.soft.user)
 *(.exceptions.soft)
 *(.exceptions.unknown.user)
 *(.exceptions.unknown)
 .exceptions.unknown
                0x00080094        0x4 ../../bsp/mpsoc_hello_ucosii//libucosii_bsp.a(alt_exception_entry.o)
 *(.exceptions.exit.label)
 .exceptions.exit.label
                0x00080098        0x0 ../../bsp/mpsoc_hello_ucosii//libucosii_bsp.a(alt_irq_entry.o)
 .exceptions.exit.label
                0x00080098        0x0 ../../bsp/mpsoc_hello_ucosii//libucosii_bsp.a(alt_exception_entry.o)
 *(.exceptions.exit.user)
 *(.exceptions.exit)
 .exceptions.exit
                0x00080098       0x54 ../../bsp/mpsoc_hello_ucosii//libucosii_bsp.a(alt_exception_entry.o)
 *(.exceptions)
 .exceptions    0x000800ec       0x60 ../../bsp/mpsoc_hello_ucosii//libucosii_bsp.a(alt_irq_handler.o)
                0x000800ec                alt_irq_handler
                0x0008014c                PROVIDE (__ram_exceptions_end, ABSOLUTE (.))
                0x00080020                PROVIDE (__flash_exceptions_start, LOADADDR (.exceptions))

.text           0x0008014c    0x10d6c
                0x0008014c                PROVIDE (stext, ABSOLUTE (.))
 *(.interp)
 *(.hash)
 *(.dynsym)
 *(.dynstr)
 *(.gnu.version)
 *(.gnu.version_d)
 *(.gnu.version_r)
 *(.rel.init)
 *(.rela.init)
 *(.rel.text .rel.text.* .rel.gnu.linkonce.t.*)
 *(.rela.text .rela.text.* .rela.gnu.linkonce.t.*)
 *(.rel.fini)
 *(.rela.fini)
 *(.rel.rodata .rel.rodata.* .rel.gnu.linkonce.r.*)
 *(.rela.rodata .rela.rodata.* .rela.gnu.linkonce.r.*)
 *(.rel.data .rel.data.* .rel.gnu.linkonce.d.*)
 *(.rela.data .rela.data.* .rela.gnu.linkonce.d.*)
 *(.rel.tdata .rel.tdata.* .rel.gnu.linkonce.td.*)
 *(.rela.tdata .rela.tdata.* .rela.gnu.linkonce.td.*)
 *(.rel.tbss .rel.tbss.* .rel.gnu.linkonce.tb.*)
 *(.rela.tbss .rela.tbss.* .rela.gnu.linkonce.tb.*)
 *(.rel.ctors)
 *(.rela.ctors)
 *(.rel.dtors)
 *(.rela.dtors)
 *(.rel.got)
 *(.rela.got)
 *(.rel.sdata .rel.sdata.* .rel.gnu.linkonce.s.*)
 *(.rela.sdata .rela.sdata.* .rela.gnu.linkonce.s.*)
 *(.rel.sbss .rel.sbss.* .rel.gnu.linkonce.sb.*)
 *(.rela.sbss .rela.sbss.* .rela.gnu.linkonce.sb.*)
 *(.rel.sdata2 .rel.sdata2.* .rel.gnu.linkonce.s2.*)
 *(.rela.sdata2 .rela.sdata2.* .rela.gnu.linkonce.s2.*)
 *(.rel.sbss2 .rel.sbss2.* .rel.gnu.linkonce.sb2.*)
 *(.rela.sbss2 .rela.sbss2.* .rela.gnu.linkonce.sb2.*)
 *(.rel.bss .rel.bss.* .rel.gnu.linkonce.b.*)
 *(.rela.bss .rela.bss.* .rela.gnu.linkonce.b.*)
 *(.rel.plt)
 *(.rela.plt)
 *(.rel.dyn)
 *(.init)
 *(.plt)
 *(.text .stub .text.* .gnu.linkonce.t.*)
 .text          0x0008014c       0x3c ../../bsp/mpsoc_hello_ucosii//obj/HAL/src/crt0.o
                0x0008014c                _start
 .text          0x00080188      0x370 obj/default/src/hello_ucosii.o
                0x00080188                main
                0x00080224                StartTask
                0x00080444                task2
                0x0008046c                task1
                0x00080494                Task2TmrCallback
                0x000804b8                Task1TmrCallback
                0x000804dc                alarm_handler
 .text          0x000804f8      0x258 /opt/altera/13.0sp1/nios2eds/bin/gnu/H-i686-pc-linux-gnu/bin/../lib/gcc/nios2-elf/4.1.2/mno-hw-mul/libgcc.a(_div_df.o)
                0x000804f8                __divdf3
 .text          0x00080750        0x0 /opt/altera/13.0sp1/nios2eds/bin/gnu/H-i686-pc-linux-gnu/bin/../lib/gcc/nios2-elf/4.1.2/mno-hw-mul/libgcc.a(_thenan_df.o)
 .text          0x00080750      0x194 /opt/altera/13.0sp1/nios2eds/bin/gnu/H-i686-pc-linux-gnu/bin/../lib/gcc/nios2-elf/4.1.2/mno-hw-mul/libgcc.a(_usi_to_df.o)
                0x00080750                __floatunsidf
 .text          0x000808e4      0x14c /opt/altera/13.0sp1/nios2eds/bin/gnu/H-i686-pc-linux-gnu/bin/../lib/gcc/nios2-elf/4.1.2/mno-hw-mul/libgcc.a(lib2-divmod.o)
                0x00080960                __divsi3
                0x000809c0                __modsi3
                0x00080a20                __udivsi3
                0x00080a28                __umodsi3
 .text          0x00080a30       0x38 /opt/altera/13.0sp1/nios2eds/bin/gnu/H-i686-pc-linux-gnu/bin/../lib/gcc/nios2-elf/4.1.2/mno-hw-mul/libgcc.a(lib2-mul.o)
                0x00080a30                __mulsi3
 .text          0x00080a68       0x80 /opt/altera/13.0sp1/nios2eds/bin/gnu/H-i686-pc-linux-gnu/bin/../lib/gcc/nios2-elf/4.1.2/mno-hw-mul/libgcc.a(_clzsi2.o)
                0x00080a68                __clzsi2
 .text          0x00080ae8      0x314 /opt/altera/13.0sp1/nios2eds/bin/gnu/H-i686-pc-linux-gnu/bin/../lib/gcc/nios2-elf/4.1.2/mno-hw-mul/libgcc.a(_pack_df.o)
                0x00080ae8                __pack_d
 .text          0x00080dfc      0x138 /opt/altera/13.0sp1/nios2eds/bin/gnu/H-i686-pc-linux-gnu/bin/../lib/gcc/nios2-elf/4.1.2/mno-hw-mul/libgcc.a(_unpack_df.o)
                0x00080dfc                __unpack_d
 .text          0x00080f34        0x0 /opt/altera/13.0sp1/nios2eds/bin/gnu/H-i686-pc-linux-gnu/bin/../lib/gcc/nios2-elf/4.1.2/mno-hw-mul/libgcc.a(_clz.o)
 .text          0x00080f34       0x78 /opt/altera/13.0sp1/nios2eds/bin/gnu/H-i686-pc-linux-gnu/bin/../lib/gcc/nios2-elf/4.1.2/../../../../nios2-elf/lib/mno-hw-mul/libc.a(lib_a-printf.o)
                0x00080f34                printf
                0x00080f78                _printf_r
 .text          0x00080fac       0xb4 /opt/altera/13.0sp1/nios2eds/bin/gnu/H-i686-pc-linux-gnu/bin/../lib/gcc/nios2-elf/4.1.2/../../../../nios2-elf/lib/mno-hw-mul/libc.a(lib_a-puts.o)
                0x00080fac                _puts_r
                0x0008104c                puts
 .text          0x00081060       0x74 /opt/altera/13.0sp1/nios2eds/bin/gnu/H-i686-pc-linux-gnu/bin/../lib/gcc/nios2-elf/4.1.2/../../../../nios2-elf/lib/mno-hw-mul/libc.a(lib_a-strlen.o)
                0x00081060                strlen
 .text          0x000810d4     0x1f40 /opt/altera/13.0sp1/nios2eds/bin/gnu/H-i686-pc-linux-gnu/bin/../lib/gcc/nios2-elf/4.1.2/../../../../nios2-elf/lib/mno-hw-mul/libc.a(lib_a-vfprintf.o)
                0x0008112c                ___vfprintf_internal_r
                0x00082ff0                __vfprintf_internal
 .text          0x00083014      0x13c /opt/altera/13.0sp1/nios2eds/bin/gnu/H-i686-pc-linux-gnu/bin/../lib/gcc/nios2-elf/4.1.2/../../../../nios2-elf/lib/mno-hw-mul/libc.a(lib_a-wsetup.o)
                0x00083014                __swsetup_r
 .text          0x00083150     0x17f8 /opt/altera/13.0sp1/nios2eds/bin/gnu/H-i686-pc-linux-gnu/bin/../lib/gcc/nios2-elf/4.1.2/../../../../nios2-elf/lib/mno-hw-mul/libc.a(lib_a-dtoa.o)
                0x00083394                _dtoa_r
 .text          0x00084948      0x230 /opt/altera/13.0sp1/nios2eds/bin/gnu/H-i686-pc-linux-gnu/bin/../lib/gcc/nios2-elf/4.1.2/../../../../nios2-elf/lib/mno-hw-mul/libc.a(lib_a-fflush.o)
                0x00084948                _fflush_r
                0x00084b44                fflush
 .text          0x00084b78      0x2f4 /opt/altera/13.0sp1/nios2eds/bin/gnu/H-i686-pc-linux-gnu/bin/../lib/gcc/nios2-elf/4.1.2/../../../../nios2-elf/lib/mno-hw-mul/libc.a(lib_a-findfp.o)
                0x00084bd0                __sfp_lock_acquire
                0x00084bd4                __sfp_lock_release
                0x00084bd8                __sinit_lock_acquire
                0x00084bdc                __sinit_lock_release
                0x00084be0                __sinit
                0x00084c94                __fp_unlock_all
                0x00084cac                __fp_lock_all
                0x00084cc4                _cleanup_r
                0x00084cd0                _cleanup
                0x00084ce0                __sfmoreglue
                0x00084d7c                __sfp
 .text          0x00084e6c      0x440 /opt/altera/13.0sp1/nios2eds/bin/gnu/H-i686-pc-linux-gnu/bin/../lib/gcc/nios2-elf/4.1.2/../../../../nios2-elf/lib/mno-hw-mul/libc.a(lib_a-freer.o)
                0x00084e6c                _malloc_trim_r
                0x00084f98                _free_r
 .text          0x000852ac      0x49c /opt/altera/13.0sp1/nios2eds/bin/gnu/H-i686-pc-linux-gnu/bin/../lib/gcc/nios2-elf/4.1.2/../../../../nios2-elf/lib/mno-hw-mul/libc.a(lib_a-fvwrite.o)
                0x000852ac                __sfvwrite_r
 .text          0x00085748      0x180 /opt/altera/13.0sp1/nios2eds/bin/gnu/H-i686-pc-linux-gnu/bin/../lib/gcc/nios2-elf/4.1.2/../../../../nios2-elf/lib/mno-hw-mul/libc.a(lib_a-fwalk.o)
                0x00085748                _fwalk_reent
                0x00085810                _fwalk
 .text          0x000858c8        0x0 /opt/altera/13.0sp1/nios2eds/bin/gnu/H-i686-pc-linux-gnu/bin/../lib/gcc/nios2-elf/4.1.2/../../../../nios2-elf/lib/mno-hw-mul/libc.a(lib_a-impure.o)
 .text          0x000858c8       0xc4 /opt/altera/13.0sp1/nios2eds/bin/gnu/H-i686-pc-linux-gnu/bin/../lib/gcc/nios2-elf/4.1.2/../../../../nios2-elf/lib/mno-hw-mul/libc.a(lib_a-locale.o)
                0x000858c8                __locale_charset
                0x000858d0                _localeconv_r
                0x000858dc                localeconv
                0x000858ec                _setlocale_r
                0x00085970                setlocale
 .text          0x0008598c      0x194 /opt/altera/13.0sp1/nios2eds/bin/gnu/H-i686-pc-linux-gnu/bin/../lib/gcc/nios2-elf/4.1.2/../../../../nios2-elf/lib/mno-hw-mul/libc.a(lib_a-makebuf.o)
                0x0008598c                __smakebuf_r
 .text          0x00085b20      0x740 /opt/altera/13.0sp1/nios2eds/bin/gnu/H-i686-pc-linux-gnu/bin/../lib/gcc/nios2-elf/4.1.2/../../../../nios2-elf/lib/mno-hw-mul/libc.a(lib_a-mallocr.o)
                0x00085b20                _malloc_r
 .text          0x00086260       0xe4 /opt/altera/13.0sp1/nios2eds/bin/gnu/H-i686-pc-linux-gnu/bin/../lib/gcc/nios2-elf/4.1.2/../../../../nios2-elf/lib/mno-hw-mul/libc.a(lib_a-memchr.o)
                0x00086260                memchr
 .text          0x00086344       0xa0 /opt/altera/13.0sp1/nios2eds/bin/gnu/H-i686-pc-linux-gnu/bin/../lib/gcc/nios2-elf/4.1.2/../../../../nios2-elf/lib/mno-hw-mul/libc.a(lib_a-memcpy.o)
                0x00086344                memcpy
 .text          0x000863e4       0xe0 /opt/altera/13.0sp1/nios2eds/bin/gnu/H-i686-pc-linux-gnu/bin/../lib/gcc/nios2-elf/4.1.2/../../../../nios2-elf/lib/mno-hw-mul/libc.a(lib_a-memmove.o)
                0x000863e4                memmove
 .text          0x000864c4       0x98 /opt/altera/13.0sp1/nios2eds/bin/gnu/H-i686-pc-linux-gnu/bin/../lib/gcc/nios2-elf/4.1.2/../../../../nios2-elf/lib/mno-hw-mul/libc.a(lib_a-memset.o)
                0x000864c4                memset
 .text          0x0008655c     0x108c /opt/altera/13.0sp1/nios2eds/bin/gnu/H-i686-pc-linux-gnu/bin/../lib/gcc/nios2-elf/4.1.2/../../../../nios2-elf/lib/mno-hw-mul/libc.a(lib_a-mprec.o)
                0x0008655c                _Bfree
                0x00086584                __hi0bits
                0x000865f4                __lo0bits
                0x000866b8                __mcmp
                0x00086718                __ulp
                0x00086798                __b2d
                0x000868b8                __ratio
                0x00086968                _mprec_log10
                0x000869fc                __copybits
                0x00086a54                __any_on
                0x00086adc                _Balloc
                0x00086b98                __d2b
                0x00086d14                __mdiff
                0x00086ea0                __lshift
                0x00086fec                __multiply
                0x00087240                __i2b
                0x0008727c                __multadd
                0x000873a8                __pow5mult
                0x000874c8                __s2b
 .text          0x000875e8      0x5f4 /opt/altera/13.0sp1/nios2eds/bin/gnu/H-i686-pc-linux-gnu/bin/../lib/gcc/nios2-elf/4.1.2/../../../../nios2-elf/lib/mno-hw-mul/libc.a(lib_a-reallocr.o)
                0x000875e8                _realloc_r
 .text          0x00087bdc       0x40 /opt/altera/13.0sp1/nios2eds/bin/gnu/H-i686-pc-linux-gnu/bin/../lib/gcc/nios2-elf/4.1.2/../../../../nios2-elf/lib/mno-hw-mul/libc.a(lib_a-s_isinfd.o)
                0x00087bdc                __isinfd
 .text          0x00087c1c       0x30 /opt/altera/13.0sp1/nios2eds/bin/gnu/H-i686-pc-linux-gnu/bin/../lib/gcc/nios2-elf/4.1.2/../../../../nios2-elf/lib/mno-hw-mul/libc.a(lib_a-s_isnand.o)
                0x00087c1c                __isnand
 .text          0x00087c4c       0x70 /opt/altera/13.0sp1/nios2eds/bin/gnu/H-i686-pc-linux-gnu/bin/../lib/gcc/nios2-elf/4.1.2/../../../../nios2-elf/lib/mno-hw-mul/libc.a(lib_a-sbrkr.o)
                0x00087c4c                _sbrk_r
 .text          0x00087cbc      0x14c /opt/altera/13.0sp1/nios2eds/bin/gnu/H-i686-pc-linux-gnu/bin/../lib/gcc/nios2-elf/4.1.2/../../../../nios2-elf/lib/mno-hw-mul/libc.a(lib_a-stdio.o)
                0x00087cbc                __sclose
                0x00087cc4                __sseek
                0x00087d2c                __swrite
                0x00087da8                __sread
 .text          0x00087e08       0xbc /opt/altera/13.0sp1/nios2eds/bin/gnu/H-i686-pc-linux-gnu/bin/../lib/gcc/nios2-elf/4.1.2/../../../../nios2-elf/lib/mno-hw-mul/libc.a(lib_a-strcmp.o)
                0x00087e08                strcmp
 .text          0x00087ec4       0x78 /opt/altera/13.0sp1/nios2eds/bin/gnu/H-i686-pc-linux-gnu/bin/../lib/gcc/nios2-elf/4.1.2/../../../../nios2-elf/lib/mno-hw-mul/libc.a(lib_a-writer.o)
                0x00087ec4                _write_r
 .text          0x00087f3c       0xc8 /opt/altera/13.0sp1/nios2eds/bin/gnu/H-i686-pc-linux-gnu/bin/../lib/gcc/nios2-elf/4.1.2/../../../../nios2-elf/lib/mno-hw-mul/libc.a(lib_a-callocr.o)
                0x00087f3c                _calloc_r
 .text          0x00088004       0x70 /opt/altera/13.0sp1/nios2eds/bin/gnu/H-i686-pc-linux-gnu/bin/../lib/gcc/nios2-elf/4.1.2/../../../../nios2-elf/lib/mno-hw-mul/libc.a(lib_a-closer.o)
                0x00088004                _close_r
 .text          0x00088074      0x124 /opt/altera/13.0sp1/nios2eds/bin/gnu/H-i686-pc-linux-gnu/bin/../lib/gcc/nios2-elf/4.1.2/../../../../nios2-elf/lib/mno-hw-mul/libc.a(lib_a-fclose.o)
                0x00088074                _fclose_r
                0x00088184                fclose
 .text          0x00088198       0x74 /opt/altera/13.0sp1/nios2eds/bin/gnu/H-i686-pc-linux-gnu/bin/../lib/gcc/nios2-elf/4.1.2/../../../../nios2-elf/lib/mno-hw-mul/libc.a(lib_a-fstatr.o)
                0x00088198                _fstat_r
 .text          0x0008820c        0x0 /opt/altera/13.0sp1/nios2eds/bin/gnu/H-i686-pc-linux-gnu/bin/../lib/gcc/nios2-elf/4.1.2/../../../../nios2-elf/lib/mno-hw-mul/libc.a(lib_a-int_errno.o)
 .text          0x0008820c       0x70 /opt/altera/13.0sp1/nios2eds/bin/gnu/H-i686-pc-linux-gnu/bin/../lib/gcc/nios2-elf/4.1.2/../../../../nios2-elf/lib/mno-hw-mul/libc.a(lib_a-isattyr.o)
                0x0008820c                _isatty_r
 .text          0x0008827c       0x78 /opt/altera/13.0sp1/nios2eds/bin/gnu/H-i686-pc-linux-gnu/bin/../lib/gcc/nios2-elf/4.1.2/../../../../nios2-elf/lib/mno-hw-mul/libc.a(lib_a-lseekr.o)
                0x0008827c                _lseek_r
 .text          0x000882f4       0x78 /opt/altera/13.0sp1/nios2eds/bin/gnu/H-i686-pc-linux-gnu/bin/../lib/gcc/nios2-elf/4.1.2/../../../../nios2-elf/lib/mno-hw-mul/libc.a(lib_a-readr.o)
                0x000882f4                _read_r
 .text          0x0008836c      0x66c /opt/altera/13.0sp1/nios2eds/bin/gnu/H-i686-pc-linux-gnu/bin/../lib/gcc/nios2-elf/4.1.2/mno-hw-mul/libgcc.a(_udivdi3.o)
                0x0008836c                __udivdi3
 .text          0x000889d8      0x660 /opt/altera/13.0sp1/nios2eds/bin/gnu/H-i686-pc-linux-gnu/bin/../lib/gcc/nios2-elf/4.1.2/mno-hw-mul/libgcc.a(_umoddi3.o)
                0x000889d8                __umoddi3
 .text          0x00089038      0x504 /opt/altera/13.0sp1/nios2eds/bin/gnu/H-i686-pc-linux-gnu/bin/../lib/gcc/nios2-elf/4.1.2/mno-hw-mul/libgcc.a(_addsub_df.o)
                0x00089448                __subdf3
                0x000894c8                __adddf3
 .text          0x0008953c      0x3c4 /opt/altera/13.0sp1/nios2eds/bin/gnu/H-i686-pc-linux-gnu/bin/../lib/gcc/nios2-elf/4.1.2/mno-hw-mul/libgcc.a(_mul_df.o)
                0x0008953c                __muldf3
 .text          0x00089900       0x88 /opt/altera/13.0sp1/nios2eds/bin/gnu/H-i686-pc-linux-gnu/bin/../lib/gcc/nios2-elf/4.1.2/mno-hw-mul/libgcc.a(_eq_df.o)
                0x00089900                __eqdf2
 .text          0x00089988       0x88 /opt/altera/13.0sp1/nios2eds/bin/gnu/H-i686-pc-linux-gnu/bin/../lib/gcc/nios2-elf/4.1.2/mno-hw-mul/libgcc.a(_ne_df.o)
                0x00089988                __nedf2
 .text          0x00089a10       0x88 /opt/altera/13.0sp1/nios2eds/bin/gnu/H-i686-pc-linux-gnu/bin/../lib/gcc/nios2-elf/4.1.2/mno-hw-mul/libgcc.a(_gt_df.o)
                0x00089a10                __gtdf2
 .text          0x00089a98       0x88 /opt/altera/13.0sp1/nios2eds/bin/gnu/H-i686-pc-linux-gnu/bin/../lib/gcc/nios2-elf/4.1.2/mno-hw-mul/libgcc.a(_ge_df.o)
                0x00089a98                __gedf2
 .text          0x00089b20       0x88 /opt/altera/13.0sp1/nios2eds/bin/gnu/H-i686-pc-linux-gnu/bin/../lib/gcc/nios2-elf/4.1.2/mno-hw-mul/libgcc.a(_lt_df.o)
                0x00089b20                __ltdf2
 .text          0x00089ba8       0xf8 /opt/altera/13.0sp1/nios2eds/bin/gnu/H-i686-pc-linux-gnu/bin/../lib/gcc/nios2-elf/4.1.2/mno-hw-mul/libgcc.a(_si_to_df.o)
                0x00089ba8                __floatsidf
 .text          0x00089ca0       0xd8 /opt/altera/13.0sp1/nios2eds/bin/gnu/H-i686-pc-linux-gnu/bin/../lib/gcc/nios2-elf/4.1.2/mno-hw-mul/libgcc.a(_df_to_si.o)
                0x00089ca0                __fixdfsi
 .text          0x00089d78      0x124 /opt/altera/13.0sp1/nios2eds/bin/gnu/H-i686-pc-linux-gnu/bin/../lib/gcc/nios2-elf/4.1.2/mno-hw-mul/libgcc.a(_muldi3.o)
                0x00089d78                __muldi3
 .text          0x00089e9c       0xc8 /opt/altera/13.0sp1/nios2eds/bin/gnu/H-i686-pc-linux-gnu/bin/../lib/gcc/nios2-elf/4.1.2/mno-hw-mul/libgcc.a(_fpcmp_parts_df.o)
                0x00089e9c                __fpcmp_parts_d
 .text          0x00089f64       0x90 ../../bsp/mpsoc_hello_ucosii//libucosii_bsp.a(alt_alarm_start.o)
                0x00089f64                alt_alarm_start
 .text          0x00089ff4       0xbc ../../bsp/mpsoc_hello_ucosii//libucosii_bsp.a(alt_close.o)
                0x0008a014                close
 .text          0x0008a0b0        0x8 ../../bsp/mpsoc_hello_ucosii//libucosii_bsp.a(alt_dev.o)
 .text          0x0008a0b8        0x0 ../../bsp/mpsoc_hello_ucosii//libucosii_bsp.a(alt_errno.o)
 .text          0x0008a0b8       0x9c ../../bsp/mpsoc_hello_ucosii//libucosii_bsp.a(alt_fstat.o)
                0x0008a0b8                fstat
 .text          0x0008a154       0x94 ../../bsp/mpsoc_hello_ucosii//libucosii_bsp.a(alt_isatty.o)
                0x0008a154                isatty
 .text          0x0008a1e8       0x8c ../../bsp/mpsoc_hello_ucosii//libucosii_bsp.a(alt_load.o)
                0x0008a208                alt_load
 .text          0x0008a274       0xb8 ../../bsp/mpsoc_hello_ucosii//libucosii_bsp.a(alt_lseek.o)
                0x0008a274                lseek
 .text          0x0008a32c       0xa8 ../../bsp/mpsoc_hello_ucosii//libucosii_bsp.a(alt_main.o)
                0x0008a32c                alt_main
 .text          0x0008a3d4       0xd8 ../../bsp/mpsoc_hello_ucosii//libucosii_bsp.a(alt_read.o)
                0x0008a3f4                read
 .text          0x0008a4ac       0x5c ../../bsp/mpsoc_hello_ucosii//libucosii_bsp.a(alt_release_fd.o)
                0x0008a4ac                alt_release_fd
 .text          0x0008a508       0x50 ../../bsp/mpsoc_hello_ucosii//libucosii_bsp.a(alt_sbrk.o)
                0x0008a508                sbrk
 .text          0x0008a558       0xe0 ../../bsp/mpsoc_hello_ucosii//libucosii_bsp.a(alt_tick.o)
                0x0008a558                alt_alarm_stop
                0x0008a58c                alt_tick
 .text          0x0008a638       0xd4 ../../bsp/mpsoc_hello_ucosii//libucosii_bsp.a(alt_write.o)
                0x0008a658                write
 .text          0x0008a70c       0xa8 ../../bsp/mpsoc_hello_ucosii//libucosii_bsp.a(alt_env_lock.o)
                0x0008a70c                __env_unlock
                0x0008a734                __env_lock
 .text          0x0008a7b4      0x110 ../../bsp/mpsoc_hello_ucosii//libucosii_bsp.a(alt_malloc_lock.o)
                0x0008a7b4                __malloc_unlock
                0x0008a810                __malloc_lock
 .text          0x0008a8c4     0x1118 ../../bsp/mpsoc_hello_ucosii//libucosii_bsp.a(os_core.o)
                0x0008a8c4                OSVersion
                0x0008a8cc                OS_Dummy
                0x0008a8d0                OS_EventTaskWait
                0x0008a954                OS_EventTaskWaitMulti
                0x0008a9f4                OS_EventTaskRemove
                0x0008aa40                OS_EventTaskRemoveMulti
                0x0008aa9c                OS_EventTaskRdy
                0x0008ab90                OS_EventWaitListInit
                0x0008abac                OS_MemClr
                0x0008abc8                OS_MemCopy
                0x0008abec                OS_StrCopy
                0x0008ac18                OS_StrLen
                0x0008ac38                OS_TaskStatStkChk
                0x0008acbc                OS_Sched
                0x0008ad74                OSStart
                0x0008ade0                OSInit
                0x0008afc0                OSEventNameGet
                0x0008b078                OSEventPendMulti
                0x0008b3d0                OSIntEnter
                0x0008b40c                OSSchedLock
                0x0008b450                OSSchedUnlock
                0x0008b4a4                OSStatInit
                0x0008b508                OSTimeTick
                0x0008b614                OS_TaskIdle
                0x0008b644                OS_TaskStat
                0x0008b6c8                OS_TCBInit
                0x0008b84c                OSIntExit
                0x0008b920                OSEventNameSet
 .text          0x0008b9dc        0x4 ../../bsp/mpsoc_hello_ucosii//libucosii_bsp.a(os_dbg.o)
                0x0008b9dc                OSDebugInit
 .text          0x0008b9e0      0xc5c ../../bsp/mpsoc_hello_ucosii//libucosii_bsp.a(os_flag.o)
                0x0008ba98                OS_FlagUnlink
                0x0008bb64                OS_FlagInit
                0x0008bbd4                OSFlagQuery
                0x0008bc30                OSFlagAccept
                0x0008bda0                OSFlagCreate
                0x0008be28                OSFlagDel
                0x0008bf88                OSFlagNameGet
                0x0008c048                OSFlagNameSet
                0x0008c11c                OSFlagPend
                0x0008c41c                OSFlagPendGetFlagsRdy
                0x0008c448                OSFlagPost
 .text          0x0008c63c      0x3b8 ../../bsp/mpsoc_hello_ucosii//libucosii_bsp.a(os_mem.o)
                0x0008c63c                OS_MemInit
                0x0008c6a4                OSMemQuery
                0x0008c708                OSMemCreate
                0x0008c7d8                OSMemGet
                0x0008c844                OSMemNameGet
                0x0008c8e0                OSMemNameSet
                0x0008c99c                OSMemPut
 .text          0x0008c9f4      0x9c4 ../../bsp/mpsoc_hello_ucosii//libucosii_bsp.a(os_q.o)
                0x0008c9f4                OS_QInit
                0x0008ca44                OSQQuery
                0x0008cadc                OSQAccept
                0x0008cb78                OSQCreate
                0x0008cc78                OSQDel
                0x0008cdfc                OSQFlush
                0x0008ce4c                OSQPend
                0x0008d00c                OSQPendAbort
                0x0008d0f4                OSQPost
                0x0008d1b0                OSQPostFront
                0x0008d274                OSQPostOpt
 .text          0x0008d3b8      0x5e0 ../../bsp/mpsoc_hello_ucosii//libucosii_bsp.a(os_sem.o)
                0x0008d3b8                OSSemSet
                0x0008d41c                OSSemAccept
                0x0008d460                OSSemCreate
                0x0008d4ec                OSSemDel
                0x0008d640                OSSemPend
                0x0008d7a8                OSSemPendAbort
                0x0008d894                OSSemPost
                0x0008d930                OSSemQuery
 .text          0x0008d998      0xe74 ../../bsp/mpsoc_hello_ucosii//libucosii_bsp.a(os_task.o)
                0x0008d998                OS_TaskStkClr
                0x0008d9c8                OSTaskQuery
                0x0008da90                OSTaskChangePrio
                0x0008dd2c                OSTaskCreate
                0x0008de38                OSTaskCreateExt
                0x0008dfb0                OSTaskDel
                0x0008e1fc                OSTaskDelReq
                0x0008e2b0                OSTaskNameGet
                0x0008e3b8                OSTaskNameSet
                0x0008e4d4                OSTaskResume
                0x0008e5d8                OSTaskStkChk
                0x0008e6c8                OSTaskSuspend
 .text          0x0008e80c      0x378 ../../bsp/mpsoc_hello_ucosii//libucosii_bsp.a(os_time.o)
                0x0008e80c                OSTimeSet
                0x0008e830                OSTimeDly
                0x0008e8c8                OSTimeDlyHMSM
                0x0008ea68                OSTimeDlyResume
                0x0008eb60                OSTimeGet
 .text          0x0008eb84      0xb94 ../../bsp/mpsoc_hello_ucosii//libucosii_bsp.a(os_tmr.o)
                0x0008ecf0                OSTmr_Init
                0x0008ef4c                OSTmrStop
                0x0008f0a8                OSTmrStart
                0x0008f1ac                OSTmrStateGet
                0x0008f254                OSTmrRemainGet
                0x0008f36c                OSTmrDel
                0x0008f468                OSTmrSignal
                0x0008f490                OSTmrNameGet
                0x0008f57c                OSTmrCreate
 .text          0x0008f718      0x168 ../../bsp/mpsoc_hello_ucosii//libucosii_bsp.a(alt_sys_init.o)
                0x0008f7a0                alt_sys_init
                0x0008f860                alt_irq_init
 .text          0x0008f880       0x3c ../../bsp/mpsoc_hello_ucosii//libucosii_bsp.a(altera_avalon_jtag_uart_fd.o)
                0x0008f880                altera_avalon_jtag_uart_ioctl_fd
                0x0008f88c                altera_avalon_jtag_uart_close_fd
                0x0008f89c                altera_avalon_jtag_uart_write_fd
                0x0008f8ac                altera_avalon_jtag_uart_read_fd
 .text          0x0008f8bc      0x2e0 ../../bsp/mpsoc_hello_ucosii//libucosii_bsp.a(altera_avalon_jtag_uart_init.o)
                0x0008f8bc                altera_avalon_jtag_uart_close
                0x0008f97c                altera_avalon_jtag_uart_init
 .text          0x0008fb9c       0x7c ../../bsp/mpsoc_hello_ucosii//libucosii_bsp.a(altera_avalon_jtag_uart_ioctl.o)
                0x0008fb9c                altera_avalon_jtag_uart_ioctl
 .text          0x0008fc18      0x1ac ../../bsp/mpsoc_hello_ucosii//libucosii_bsp.a(altera_avalon_jtag_uart_read.o)
                0x0008fc18                altera_avalon_jtag_uart_read
 .text          0x0008fdc4      0x1b8 ../../bsp/mpsoc_hello_ucosii//libucosii_bsp.a(altera_avalon_jtag_uart_write.o)
                0x0008fdc4                altera_avalon_jtag_uart_write
 .text          0x0008ff7c      0x188 ../../bsp/mpsoc_hello_ucosii//libucosii_bsp.a(altera_avalon_mutex.o)
                0x0008ff7c                altera_avalon_mutex_close
                0x0008ff80                altera_avalon_mutex_first_lock
                0x0008ff90                altera_avalon_mutex_is_mine
                0x0008ffe0                altera_avalon_mutex_unlock
                0x00090004                altera_avalon_mutex_trylock
                0x00090060                altera_avalon_mutex_open
                0x000900b8                altera_avalon_mutex_lock
 .text          0x00090104       0x6c ../../bsp/mpsoc_hello_ucosii//libucosii_bsp.a(altera_avalon_timer_sc.o)
                0x00090104                alt_avalon_timer_sc_init
 .text          0x00090170        0x4 ../../bsp/mpsoc_hello_ucosii//libucosii_bsp.a(alt_dcache_flush_all.o)
                0x00090170                alt_dcache_flush_all
 .text          0x00090174       0x70 ../../bsp/mpsoc_hello_ucosii//libucosii_bsp.a(alt_dev_llist_insert.o)
                0x00090174                alt_dev_llist_insert
 .text          0x000901e4       0x40 ../../bsp/mpsoc_hello_ucosii//libucosii_bsp.a(alt_do_ctors.o)
                0x000901e4                _do_ctors
 .text          0x00090224       0x40 ../../bsp/mpsoc_hello_ucosii//libucosii_bsp.a(alt_do_dtors.o)
                0x00090224                _do_dtors
 .text          0x00090264       0x70 ../../bsp/mpsoc_hello_ucosii//libucosii_bsp.a(alt_find_dev.o)
                0x00090264                alt_find_dev
 .text          0x000902d4        0x4 ../../bsp/mpsoc_hello_ucosii//libucosii_bsp.a(alt_icache_flush_all.o)
                0x000902d4                alt_icache_flush_all
 .text          0x000902d8      0x114 ../../bsp/mpsoc_hello_ucosii//libucosii_bsp.a(alt_io_redirect.o)
                0x00090360                alt_io_redirect
 .text          0x000903ec       0xa0 ../../bsp/mpsoc_hello_ucosii//libucosii_bsp.a(alt_irq_register.o)
                0x000903ec                alt_irq_register
 .text          0x0009048c        0x0 ../../bsp/mpsoc_hello_ucosii//libucosii_bsp.a(alt_irq_vars.o)
 .text          0x0009048c      0x17c ../../bsp/mpsoc_hello_ucosii//libucosii_bsp.a(alt_open.o)
                0x0009048c                open
 .text          0x00090608        0x8 ../../bsp/mpsoc_hello_ucosii//libucosii_bsp.a(altera_nios2_qsys_irq.o)
                0x00090608                altera_nios2_qsys_irq_init
 .text          0x00090610       0xd0 ../../bsp/mpsoc_hello_ucosii//libucosii_bsp.a(os_cpu_a.o)
                0x00090610                OSCtxSw
                0x00090610                OSIntCtxSw
                0x0009069c                OSStartHighRdy
                0x000906bc                OSStartTsk
 .text          0x000906e0      0x228 ../../bsp/mpsoc_hello_ucosii//libucosii_bsp.a(os_cpu_c.o)
                0x000906e0                OSTaskCreateHook
                0x000906e4                OSTaskDelHook
                0x000906e8                OSTaskSwHook
                0x000906ec                OSTaskStatHook
                0x000906f0                OSInitHookBegin
                0x000906f8                OSInitHookEnd
                0x000906fc                OSTaskIdleHook
                0x00090700                OSTCBInitHook
                0x00090704                OSTimeTickHook
                0x0009075c                OSTaskStkInit
 .text          0x00090908       0x9c ../../bsp/mpsoc_hello_ucosii//libucosii_bsp.a(alt_find_file.o)
                0x00090908                alt_find_file
 .text          0x000909a4       0xa4 ../../bsp/mpsoc_hello_ucosii//libucosii_bsp.a(alt_get_fd.o)
                0x000909a4                alt_get_fd
 .text          0x00090a48        0x0 ../../bsp/mpsoc_hello_ucosii//libucosii_bsp.a(alt_irq_entry.o)
 .text          0x00090a48        0x0 ../../bsp/mpsoc_hello_ucosii//libucosii_bsp.a(alt_irq_handler.o)
 .text          0x00090a48        0x0 ../../bsp/mpsoc_hello_ucosii//libucosii_bsp.a(alt_exception_entry.o)
 .text          0x00090a48       0x14 /opt/altera/13.0sp1/nios2eds/bin/gnu/H-i686-pc-linux-gnu/bin/../lib/gcc/nios2-elf/4.1.2/../../../../nios2-elf/lib/mno-hw-mul/libc.a(lib_a-atexit.o)
                0x00090a48                atexit
 .text          0x00090a5c       0x38 /opt/altera/13.0sp1/nios2eds/bin/gnu/H-i686-pc-linux-gnu/bin/../lib/gcc/nios2-elf/4.1.2/../../../../nios2-elf/lib/mno-hw-mul/libc.a(lib_a-exit.o)
                0x00090a5c                exit
 .text          0x00090a94       0x74 /opt/altera/13.0sp1/nios2eds/bin/gnu/H-i686-pc-linux-gnu/bin/../lib/gcc/nios2-elf/4.1.2/../../../../nios2-elf/lib/mno-hw-mul/libc.a(lib_a-memcmp.o)
                0x00090a94                memcmp
 .text          0x00090b08      0x134 /opt/altera/13.0sp1/nios2eds/bin/gnu/H-i686-pc-linux-gnu/bin/../lib/gcc/nios2-elf/4.1.2/../../../../nios2-elf/lib/mno-hw-mul/libc.a(lib_a-__atexit.o)
                0x00090b08                __register_exitproc
 .text          0x00090c3c      0x1b4 /opt/altera/13.0sp1/nios2eds/bin/gnu/H-i686-pc-linux-gnu/bin/../lib/gcc/nios2-elf/4.1.2/../../../../nios2-elf/lib/mno-hw-mul/libc.a(lib_a-__call_atexit.o)
                0x00090c40                __call_exitprocs
 .text          0x00090df0       0xa4 /opt/altera/13.0sp1/nios2eds/bin/gnu/H-i686-pc-linux-gnu/bin/../lib/gcc/nios2-elf/4.1.2/mno-hw-mul/libgcc.a(_fixunsdfsi.o)
                0x00090df0                __fixunsdfsi
 .text          0x00090e94       0x20 ../../bsp/mpsoc_hello_ucosii//libucosii_bsp.a(alt_exit.o)
                0x00090e94                _exit
 *(.gnu.warning.*)
 *(.fini)
                0x00090eb4                PROVIDE (__etext, ABSOLUTE (.))
                0x00090eb4                PROVIDE (_etext, ABSOLUTE (.))
                0x00090eb4                PROVIDE (etext, ABSOLUTE (.))
 *(.eh_frame_hdr)
                0x00090eb4                . = ALIGN (0x4)
                0x00090eb4                PROVIDE (__preinit_array_start, ABSOLUTE (.))
 *(.preinit_array)
                0x00090eb4                PROVIDE (__preinit_array_end, ABSOLUTE (.))
                0x00090eb4                PROVIDE (__init_array_start, ABSOLUTE (.))
 *(.init_array)
                0x00090eb4                PROVIDE (__init_array_end, ABSOLUTE (.))
                0x00090eb4                PROVIDE (__fini_array_start, ABSOLUTE (.))
 *(.fini_array)
                0x00090eb4                PROVIDE (__fini_array_end, ABSOLUTE (.))
 *(.eh_frame)
 *(.gcc_except_table)
 *(.dynamic)
                0x00090eb4                PROVIDE (__CTOR_LIST__, ABSOLUTE (.))
 *(.ctors)
 *(SORT(.ctors.*))
 .ctors.65535   0x00090eb4        0x4 /opt/altera/13.0sp1/nios2eds/bin/gnu/H-i686-pc-linux-gnu/bin/../lib/gcc/nios2-elf/4.1.2/../../../../nios2-elf/lib/mno-hw-mul/libc.a(lib_a-__call_atexit.o)
                0x00090eb8                PROVIDE (__CTOR_END__, ABSOLUTE (.))
                0x00090eb8                PROVIDE (__DTOR_LIST__, ABSOLUTE (.))
 *(.dtors)
 *(SORT(.dtors.*))
                0x00090eb8                PROVIDE (__DTOR_END__, ABSOLUTE (.))
 *(.jcr)
                0x00090eb8                . = ALIGN (0x4)

.rodata         0x00090eb8      0x65c
                0x00090eb8                PROVIDE (__ram_rodata_start, ABSOLUTE (.))
                0x00090eb8                . = ALIGN (0x4)
 *(.rodata .rodata.* .gnu.linkonce.r.*)
 .rodata.str1.4
                0x00090eb8      0x151 obj/default/src/hello_ucosii.o
                                0x154 (size before relaxing)
 *fill*         0x00091009        0x3 00
 .rodata        0x0009100c       0x14 /opt/altera/13.0sp1/nios2eds/bin/gnu/H-i686-pc-linux-gnu/bin/../lib/gcc/nios2-elf/4.1.2/mno-hw-mul/libgcc.a(_thenan_df.o)
                0x0009100c                __thenan_df
 .rodata        0x00091020      0x100 /opt/altera/13.0sp1/nios2eds/bin/gnu/H-i686-pc-linux-gnu/bin/../lib/gcc/nios2-elf/4.1.2/mno-hw-mul/libgcc.a(_clz.o)
                0x00091020                __clz_tab
 .rodata.str1.4
                0x00091120        0x2 /opt/altera/13.0sp1/nios2eds/bin/gnu/H-i686-pc-linux-gnu/bin/../lib/gcc/nios2-elf/4.1.2/../../../../nios2-elf/lib/mno-hw-mul/libc.a(lib_a-puts.o)
                                  0x4 (size before relaxing)
 *fill*         0x00091122        0x2 00
 .rodata.str1.4
                0x00091124       0x5e /opt/altera/13.0sp1/nios2eds/bin/gnu/H-i686-pc-linux-gnu/bin/../lib/gcc/nios2-elf/4.1.2/../../../../nios2-elf/lib/mno-hw-mul/libc.a(lib_a-vfprintf.o)
                                 0x60 (size before relaxing)
 .rodata        0x00091182       0x20 /opt/altera/13.0sp1/nios2eds/bin/gnu/H-i686-pc-linux-gnu/bin/../lib/gcc/nios2-elf/4.1.2/../../../../nios2-elf/lib/mno-hw-mul/libc.a(lib_a-vfprintf.o)
 *fill*         0x000911a2        0x2 00
 .rodata.str1.4
                0x000911a4       0x10 /opt/altera/13.0sp1/nios2eds/bin/gnu/H-i686-pc-linux-gnu/bin/../lib/gcc/nios2-elf/4.1.2/../../../../nios2-elf/lib/mno-hw-mul/libc.a(lib_a-dtoa.o)
                                 0x14 (size before relaxing)
 .rodata.str1.4
                0x000911b4        0x2 /opt/altera/13.0sp1/nios2eds/bin/gnu/H-i686-pc-linux-gnu/bin/../lib/gcc/nios2-elf/4.1.2/../../../../nios2-elf/lib/mno-hw-mul/libc.a(lib_a-impure.o)
                                  0x4 (size before relaxing)
 *fill*         0x000911b6        0x2 00
 .rodata.str1.4
                0x000911b8        0xf /opt/altera/13.0sp1/nios2eds/bin/gnu/H-i686-pc-linux-gnu/bin/../lib/gcc/nios2-elf/4.1.2/../../../../nios2-elf/lib/mno-hw-mul/libc.a(lib_a-locale.o)
                                 0x18 (size before relaxing)
 *fill*         0x000911c7        0x1 00
 .rodata        0x000911c8       0x30 /opt/altera/13.0sp1/nios2eds/bin/gnu/H-i686-pc-linux-gnu/bin/../lib/gcc/nios2-elf/4.1.2/../../../../nios2-elf/lib/mno-hw-mul/libc.a(lib_a-locale.o)
 .rodata        0x000911f8      0x124 /opt/altera/13.0sp1/nios2eds/bin/gnu/H-i686-pc-linux-gnu/bin/../lib/gcc/nios2-elf/4.1.2/../../../../nios2-elf/lib/mno-hw-mul/libc.a(lib_a-mprec.o)
                0x000911f8                __mprec_tens
                0x000912c0                __mprec_bigtens
                0x000912e8                __mprec_tinytens
 .rodata.str1.4
                0x0009131c        0xa ../../bsp/mpsoc_hello_ucosii//libucosii_bsp.a(alt_dev.o)
                                  0xc (size before relaxing)
 *fill*         0x00091326        0x2 00
 .rodata.str1.4
                0x00091328       0x11 ../../bsp/mpsoc_hello_ucosii//libucosii_bsp.a(alt_main.o)
                                 0x14 (size before relaxing)
 *fill*         0x00091339        0x3 00
 .rodata.str1.4
                0x0009133c       0x1e ../../bsp/mpsoc_hello_ucosii//libucosii_bsp.a(os_core.o)
                                 0x20 (size before relaxing)
 .rodata        0x0009135a      0x100 ../../bsp/mpsoc_hello_ucosii//libucosii_bsp.a(os_core.o)
                0x0009135a                OSUnMapTbl
 *fill*         0x0009145a        0x2 00
 .rodata.str1.4
                0x0009145c       0x35 ../../bsp/mpsoc_hello_ucosii//libucosii_bsp.a(os_tmr.o)
                                 0x38 (size before relaxing)
 *fill*         0x00091491        0x3 00
 .rodata.str1.4
                0x00091494       0x80 ../../bsp/mpsoc_hello_ucosii//libucosii_bsp.a(alt_sys_init.o)
                                 0x94 (size before relaxing)
 .rodata.str1.4
                0x00000000        0x4 ../../bsp/mpsoc_hello_ucosii//libucosii_bsp.a(os_cpu_c.o)
 *(.rodata1)
                0x00091514                . = ALIGN (0x4)
                0x00091514                PROVIDE (__ram_rodata_end, ABSOLUTE (.))
                0x00090eb8                PROVIDE (__flash_rodata_start, LOADADDR (.rodata))

.rwdata         0x00091514     0x1bd4 load address 0x000930e8
                0x00091514                PROVIDE (__ram_rwdata_start, ABSOLUTE (.))
                0x00091514                . = ALIGN (0x4)
 *(.got.plt)
 *(.got)
 *(.data1)
 *(.data .data.* .gnu.linkonce.d.*)
 .data          0x00091514        0x0 ../../bsp/mpsoc_hello_ucosii//obj/HAL/src/crt0.o
 .data          0x00091514        0x0 obj/default/src/hello_ucosii.o
 .data          0x00091514        0x0 /opt/altera/13.0sp1/nios2eds/bin/gnu/H-i686-pc-linux-gnu/bin/../lib/gcc/nios2-elf/4.1.2/mno-hw-mul/libgcc.a(_div_df.o)
 .data          0x00091514        0x0 /opt/altera/13.0sp1/nios2eds/bin/gnu/H-i686-pc-linux-gnu/bin/../lib/gcc/nios2-elf/4.1.2/mno-hw-mul/libgcc.a(_thenan_df.o)
 .data          0x00091514        0x0 /opt/altera/13.0sp1/nios2eds/bin/gnu/H-i686-pc-linux-gnu/bin/../lib/gcc/nios2-elf/4.1.2/mno-hw-mul/libgcc.a(_usi_to_df.o)
 .data          0x00091514        0x0 /opt/altera/13.0sp1/nios2eds/bin/gnu/H-i686-pc-linux-gnu/bin/../lib/gcc/nios2-elf/4.1.2/mno-hw-mul/libgcc.a(lib2-divmod.o)
 .data          0x00091514        0x0 /opt/altera/13.0sp1/nios2eds/bin/gnu/H-i686-pc-linux-gnu/bin/../lib/gcc/nios2-elf/4.1.2/mno-hw-mul/libgcc.a(lib2-mul.o)
 .data          0x00091514        0x0 /opt/altera/13.0sp1/nios2eds/bin/gnu/H-i686-pc-linux-gnu/bin/../lib/gcc/nios2-elf/4.1.2/mno-hw-mul/libgcc.a(_clzsi2.o)
 .data          0x00091514        0x0 /opt/altera/13.0sp1/nios2eds/bin/gnu/H-i686-pc-linux-gnu/bin/../lib/gcc/nios2-elf/4.1.2/mno-hw-mul/libgcc.a(_pack_df.o)
 .data          0x00091514        0x0 /opt/altera/13.0sp1/nios2eds/bin/gnu/H-i686-pc-linux-gnu/bin/../lib/gcc/nios2-elf/4.1.2/mno-hw-mul/libgcc.a(_unpack_df.o)
 .data          0x00091514        0x0 /opt/altera/13.0sp1/nios2eds/bin/gnu/H-i686-pc-linux-gnu/bin/../lib/gcc/nios2-elf/4.1.2/mno-hw-mul/libgcc.a(_clz.o)
 .data          0x00091514        0x0 /opt/altera/13.0sp1/nios2eds/bin/gnu/H-i686-pc-linux-gnu/bin/../lib/gcc/nios2-elf/4.1.2/../../../../nios2-elf/lib/mno-hw-mul/libc.a(lib_a-printf.o)
 .data          0x00091514        0x0 /opt/altera/13.0sp1/nios2eds/bin/gnu/H-i686-pc-linux-gnu/bin/../lib/gcc/nios2-elf/4.1.2/../../../../nios2-elf/lib/mno-hw-mul/libc.a(lib_a-puts.o)
 .data          0x00091514        0x0 /opt/altera/13.0sp1/nios2eds/bin/gnu/H-i686-pc-linux-gnu/bin/../lib/gcc/nios2-elf/4.1.2/../../../../nios2-elf/lib/mno-hw-mul/libc.a(lib_a-strlen.o)
 .data          0x00091514        0x0 /opt/altera/13.0sp1/nios2eds/bin/gnu/H-i686-pc-linux-gnu/bin/../lib/gcc/nios2-elf/4.1.2/../../../../nios2-elf/lib/mno-hw-mul/libc.a(lib_a-vfprintf.o)
 .data          0x00091514        0x0 /opt/altera/13.0sp1/nios2eds/bin/gnu/H-i686-pc-linux-gnu/bin/../lib/gcc/nios2-elf/4.1.2/../../../../nios2-elf/lib/mno-hw-mul/libc.a(lib_a-wsetup.o)
 .data          0x00091514        0x0 /opt/altera/13.0sp1/nios2eds/bin/gnu/H-i686-pc-linux-gnu/bin/../lib/gcc/nios2-elf/4.1.2/../../../../nios2-elf/lib/mno-hw-mul/libc.a(lib_a-dtoa.o)
 .data          0x00091514        0x0 /opt/altera/13.0sp1/nios2eds/bin/gnu/H-i686-pc-linux-gnu/bin/../lib/gcc/nios2-elf/4.1.2/../../../../nios2-elf/lib/mno-hw-mul/libc.a(lib_a-fflush.o)
 .data          0x00091514        0x0 /opt/altera/13.0sp1/nios2eds/bin/gnu/H-i686-pc-linux-gnu/bin/../lib/gcc/nios2-elf/4.1.2/../../../../nios2-elf/lib/mno-hw-mul/libc.a(lib_a-findfp.o)
 .data          0x00091514        0x0 /opt/altera/13.0sp1/nios2eds/bin/gnu/H-i686-pc-linux-gnu/bin/../lib/gcc/nios2-elf/4.1.2/../../../../nios2-elf/lib/mno-hw-mul/libc.a(lib_a-freer.o)
 .data          0x00091514        0x0 /opt/altera/13.0sp1/nios2eds/bin/gnu/H-i686-pc-linux-gnu/bin/../lib/gcc/nios2-elf/4.1.2/../../../../nios2-elf/lib/mno-hw-mul/libc.a(lib_a-fvwrite.o)
 .data          0x00091514        0x0 /opt/altera/13.0sp1/nios2eds/bin/gnu/H-i686-pc-linux-gnu/bin/../lib/gcc/nios2-elf/4.1.2/../../../../nios2-elf/lib/mno-hw-mul/libc.a(lib_a-fwalk.o)
 .data          0x00091514      0x400 /opt/altera/13.0sp1/nios2eds/bin/gnu/H-i686-pc-linux-gnu/bin/../lib/gcc/nios2-elf/4.1.2/../../../../nios2-elf/lib/mno-hw-mul/libc.a(lib_a-impure.o)
 .data          0x00091914        0xc /opt/altera/13.0sp1/nios2eds/bin/gnu/H-i686-pc-linux-gnu/bin/../lib/gcc/nios2-elf/4.1.2/../../../../nios2-elf/lib/mno-hw-mul/libc.a(lib_a-locale.o)
                0x00091914                __lc_ctype
 .data          0x00091920        0x0 /opt/altera/13.0sp1/nios2eds/bin/gnu/H-i686-pc-linux-gnu/bin/../lib/gcc/nios2-elf/4.1.2/../../../../nios2-elf/lib/mno-hw-mul/libc.a(lib_a-makebuf.o)
 .data          0x00091920      0x408 /opt/altera/13.0sp1/nios2eds/bin/gnu/H-i686-pc-linux-gnu/bin/../lib/gcc/nios2-elf/4.1.2/../../../../nios2-elf/lib/mno-hw-mul/libc.a(lib_a-mallocr.o)
                0x00091920                __malloc_av_
 .data          0x00091d28        0x0 /opt/altera/13.0sp1/nios2eds/bin/gnu/H-i686-pc-linux-gnu/bin/../lib/gcc/nios2-elf/4.1.2/../../../../nios2-elf/lib/mno-hw-mul/libc.a(lib_a-memchr.o)
 .data          0x00091d28        0x0 /opt/altera/13.0sp1/nios2eds/bin/gnu/H-i686-pc-linux-gnu/bin/../lib/gcc/nios2-elf/4.1.2/../../../../nios2-elf/lib/mno-hw-mul/libc.a(lib_a-memcpy.o)
 .data          0x00091d28        0x0 /opt/altera/13.0sp1/nios2eds/bin/gnu/H-i686-pc-linux-gnu/bin/../lib/gcc/nios2-elf/4.1.2/../../../../nios2-elf/lib/mno-hw-mul/libc.a(lib_a-memmove.o)
 .data          0x00091d28        0x0 /opt/altera/13.0sp1/nios2eds/bin/gnu/H-i686-pc-linux-gnu/bin/../lib/gcc/nios2-elf/4.1.2/../../../../nios2-elf/lib/mno-hw-mul/libc.a(lib_a-memset.o)
 .data          0x00091d28        0x0 /opt/altera/13.0sp1/nios2eds/bin/gnu/H-i686-pc-linux-gnu/bin/../lib/gcc/nios2-elf/4.1.2/../../../../nios2-elf/lib/mno-hw-mul/libc.a(lib_a-mprec.o)
 .data          0x00091d28        0x0 /opt/altera/13.0sp1/nios2eds/bin/gnu/H-i686-pc-linux-gnu/bin/../lib/gcc/nios2-elf/4.1.2/../../../../nios2-elf/lib/mno-hw-mul/libc.a(lib_a-reallocr.o)
 .data          0x00091d28        0x0 /opt/altera/13.0sp1/nios2eds/bin/gnu/H-i686-pc-linux-gnu/bin/../lib/gcc/nios2-elf/4.1.2/../../../../nios2-elf/lib/mno-hw-mul/libc.a(lib_a-s_isinfd.o)
 .data          0x00091d28        0x0 /opt/altera/13.0sp1/nios2eds/bin/gnu/H-i686-pc-linux-gnu/bin/../lib/gcc/nios2-elf/4.1.2/../../../../nios2-elf/lib/mno-hw-mul/libc.a(lib_a-s_isnand.o)
 .data          0x00091d28        0x0 /opt/altera/13.0sp1/nios2eds/bin/gnu/H-i686-pc-linux-gnu/bin/../lib/gcc/nios2-elf/4.1.2/../../../../nios2-elf/lib/mno-hw-mul/libc.a(lib_a-sbrkr.o)
 .data          0x00091d28        0x0 /opt/altera/13.0sp1/nios2eds/bin/gnu/H-i686-pc-linux-gnu/bin/../lib/gcc/nios2-elf/4.1.2/../../../../nios2-elf/lib/mno-hw-mul/libc.a(lib_a-stdio.o)
 .data          0x00091d28        0x0 /opt/altera/13.0sp1/nios2eds/bin/gnu/H-i686-pc-linux-gnu/bin/../lib/gcc/nios2-elf/4.1.2/../../../../nios2-elf/lib/mno-hw-mul/libc.a(lib_a-strcmp.o)
 .data          0x00091d28        0x0 /opt/altera/13.0sp1/nios2eds/bin/gnu/H-i686-pc-linux-gnu/bin/../lib/gcc/nios2-elf/4.1.2/../../../../nios2-elf/lib/mno-hw-mul/libc.a(lib_a-writer.o)
 .data          0x00091d28        0x0 /opt/altera/13.0sp1/nios2eds/bin/gnu/H-i686-pc-linux-gnu/bin/../lib/gcc/nios2-elf/4.1.2/../../../../nios2-elf/lib/mno-hw-mul/libc.a(lib_a-callocr.o)
 .data          0x00091d28        0x0 /opt/altera/13.0sp1/nios2eds/bin/gnu/H-i686-pc-linux-gnu/bin/../lib/gcc/nios2-elf/4.1.2/../../../../nios2-elf/lib/mno-hw-mul/libc.a(lib_a-closer.o)
 .data          0x00091d28        0x0 /opt/altera/13.0sp1/nios2eds/bin/gnu/H-i686-pc-linux-gnu/bin/../lib/gcc/nios2-elf/4.1.2/../../../../nios2-elf/lib/mno-hw-mul/libc.a(lib_a-fclose.o)
 .data          0x00091d28        0x0 /opt/altera/13.0sp1/nios2eds/bin/gnu/H-i686-pc-linux-gnu/bin/../lib/gcc/nios2-elf/4.1.2/../../../../nios2-elf/lib/mno-hw-mul/libc.a(lib_a-fstatr.o)
 .data          0x00091d28        0x0 /opt/altera/13.0sp1/nios2eds/bin/gnu/H-i686-pc-linux-gnu/bin/../lib/gcc/nios2-elf/4.1.2/../../../../nios2-elf/lib/mno-hw-mul/libc.a(lib_a-int_errno.o)
 .data          0x00091d28        0x0 /opt/altera/13.0sp1/nios2eds/bin/gnu/H-i686-pc-linux-gnu/bin/../lib/gcc/nios2-elf/4.1.2/../../../../nios2-elf/lib/mno-hw-mul/libc.a(lib_a-isattyr.o)
 .data          0x00091d28        0x0 /opt/altera/13.0sp1/nios2eds/bin/gnu/H-i686-pc-linux-gnu/bin/../lib/gcc/nios2-elf/4.1.2/../../../../nios2-elf/lib/mno-hw-mul/libc.a(lib_a-lseekr.o)
 .data          0x00091d28        0x0 /opt/altera/13.0sp1/nios2eds/bin/gnu/H-i686-pc-linux-gnu/bin/../lib/gcc/nios2-elf/4.1.2/../../../../nios2-elf/lib/mno-hw-mul/libc.a(lib_a-readr.o)
 .data          0x00091d28        0x0 /opt/altera/13.0sp1/nios2eds/bin/gnu/H-i686-pc-linux-gnu/bin/../lib/gcc/nios2-elf/4.1.2/mno-hw-mul/libgcc.a(_udivdi3.o)
 .data          0x00091d28        0x0 /opt/altera/13.0sp1/nios2eds/bin/gnu/H-i686-pc-linux-gnu/bin/../lib/gcc/nios2-elf/4.1.2/mno-hw-mul/libgcc.a(_umoddi3.o)
 .data          0x00091d28        0x0 /opt/altera/13.0sp1/nios2eds/bin/gnu/H-i686-pc-linux-gnu/bin/../lib/gcc/nios2-elf/4.1.2/mno-hw-mul/libgcc.a(_addsub_df.o)
 .data          0x00091d28        0x0 /opt/altera/13.0sp1/nios2eds/bin/gnu/H-i686-pc-linux-gnu/bin/../lib/gcc/nios2-elf/4.1.2/mno-hw-mul/libgcc.a(_mul_df.o)
 .data          0x00091d28        0x0 /opt/altera/13.0sp1/nios2eds/bin/gnu/H-i686-pc-linux-gnu/bin/../lib/gcc/nios2-elf/4.1.2/mno-hw-mul/libgcc.a(_eq_df.o)
 .data          0x00091d28        0x0 /opt/altera/13.0sp1/nios2eds/bin/gnu/H-i686-pc-linux-gnu/bin/../lib/gcc/nios2-elf/4.1.2/mno-hw-mul/libgcc.a(_ne_df.o)
 .data          0x00091d28        0x0 /opt/altera/13.0sp1/nios2eds/bin/gnu/H-i686-pc-linux-gnu/bin/../lib/gcc/nios2-elf/4.1.2/mno-hw-mul/libgcc.a(_gt_df.o)
 .data          0x00091d28        0x0 /opt/altera/13.0sp1/nios2eds/bin/gnu/H-i686-pc-linux-gnu/bin/../lib/gcc/nios2-elf/4.1.2/mno-hw-mul/libgcc.a(_ge_df.o)
 .data          0x00091d28        0x0 /opt/altera/13.0sp1/nios2eds/bin/gnu/H-i686-pc-linux-gnu/bin/../lib/gcc/nios2-elf/4.1.2/mno-hw-mul/libgcc.a(_lt_df.o)
 .data          0x00091d28        0x0 /opt/altera/13.0sp1/nios2eds/bin/gnu/H-i686-pc-linux-gnu/bin/../lib/gcc/nios2-elf/4.1.2/mno-hw-mul/libgcc.a(_si_to_df.o)
 .data          0x00091d28        0x0 /opt/altera/13.0sp1/nios2eds/bin/gnu/H-i686-pc-linux-gnu/bin/../lib/gcc/nios2-elf/4.1.2/mno-hw-mul/libgcc.a(_df_to_si.o)
 .data          0x00091d28        0x0 /opt/altera/13.0sp1/nios2eds/bin/gnu/H-i686-pc-linux-gnu/bin/../lib/gcc/nios2-elf/4.1.2/mno-hw-mul/libgcc.a(_muldi3.o)
 .data          0x00091d28        0x0 /opt/altera/13.0sp1/nios2eds/bin/gnu/H-i686-pc-linux-gnu/bin/../lib/gcc/nios2-elf/4.1.2/mno-hw-mul/libgcc.a(_fpcmp_parts_df.o)
 .data          0x00091d28        0x0 ../../bsp/mpsoc_hello_ucosii//libucosii_bsp.a(alt_alarm_start.o)
 .data          0x00091d28        0x0 ../../bsp/mpsoc_hello_ucosii//libucosii_bsp.a(alt_close.o)
 .data          0x00091d28      0x1a8 ../../bsp/mpsoc_hello_ucosii//libucosii_bsp.a(alt_dev.o)
                0x00091d28                alt_dev_null
                0x00091d50                alt_fd_list
 .data          0x00091ed0        0x0 ../../bsp/mpsoc_hello_ucosii//libucosii_bsp.a(alt_errno.o)
 .data          0x00091ed0        0x0 ../../bsp/mpsoc_hello_ucosii//libucosii_bsp.a(alt_fstat.o)
 .data          0x00091ed0        0x0 ../../bsp/mpsoc_hello_ucosii//libucosii_bsp.a(alt_isatty.o)
 .data          0x00091ed0        0x0 ../../bsp/mpsoc_hello_ucosii//libucosii_bsp.a(alt_load.o)
 .data          0x00091ed0        0x0 ../../bsp/mpsoc_hello_ucosii//libucosii_bsp.a(alt_lseek.o)
 .data          0x00091ed0        0x0 ../../bsp/mpsoc_hello_ucosii//libucosii_bsp.a(alt_main.o)
 .data          0x00091ed0        0x0 ../../bsp/mpsoc_hello_ucosii//libucosii_bsp.a(alt_read.o)
 .data          0x00091ed0        0x0 ../../bsp/mpsoc_hello_ucosii//libucosii_bsp.a(alt_release_fd.o)
 .data          0x00091ed0        0x0 ../../bsp/mpsoc_hello_ucosii//libucosii_bsp.a(alt_sbrk.o)
 .data          0x00091ed0        0x0 ../../bsp/mpsoc_hello_ucosii//libucosii_bsp.a(alt_tick.o)
 .data          0x00091ed0        0x0 ../../bsp/mpsoc_hello_ucosii//libucosii_bsp.a(alt_write.o)
 .data          0x00091ed0        0x0 ../../bsp/mpsoc_hello_ucosii//libucosii_bsp.a(alt_env_lock.o)
 .data          0x00091ed0        0x0 ../../bsp/mpsoc_hello_ucosii//libucosii_bsp.a(alt_malloc_lock.o)
 .data          0x00091ed0        0x0 ../../bsp/mpsoc_hello_ucosii//libucosii_bsp.a(os_core.o)
 .data          0x00091ed0        0x0 ../../bsp/mpsoc_hello_ucosii//libucosii_bsp.a(os_dbg.o)
 .data          0x00091ed0        0x0 ../../bsp/mpsoc_hello_ucosii//libucosii_bsp.a(os_flag.o)
 .data          0x00091ed0        0x0 ../../bsp/mpsoc_hello_ucosii//libucosii_bsp.a(os_mem.o)
 .data          0x00091ed0        0x0 ../../bsp/mpsoc_hello_ucosii//libucosii_bsp.a(os_q.o)
 .data          0x00091ed0        0x0 ../../bsp/mpsoc_hello_ucosii//libucosii_bsp.a(os_sem.o)
 .data          0x00091ed0        0x0 ../../bsp/mpsoc_hello_ucosii//libucosii_bsp.a(os_task.o)
 .data          0x00091ed0        0x0 ../../bsp/mpsoc_hello_ucosii//libucosii_bsp.a(os_time.o)
 .data          0x00091ed0        0x0 ../../bsp/mpsoc_hello_ucosii//libucosii_bsp.a(os_tmr.o)
 .data          0x00091ed0     0x1154 ../../bsp/mpsoc_hello_ucosii//libucosii_bsp.a(alt_sys_init.o)
 .data          0x00093024        0x0 ../../bsp/mpsoc_hello_ucosii//libucosii_bsp.a(altera_avalon_jtag_uart_fd.o)
 .data          0x00093024        0x0 ../../bsp/mpsoc_hello_ucosii//libucosii_bsp.a(altera_avalon_jtag_uart_init.o)
 .data          0x00093024        0x0 ../../bsp/mpsoc_hello_ucosii//libucosii_bsp.a(altera_avalon_jtag_uart_ioctl.o)
 .data          0x00093024        0x0 ../../bsp/mpsoc_hello_ucosii//libucosii_bsp.a(altera_avalon_jtag_uart_read.o)
 .data          0x00093024        0x0 ../../bsp/mpsoc_hello_ucosii//libucosii_bsp.a(altera_avalon_jtag_uart_write.o)
 .data          0x00093024        0x0 ../../bsp/mpsoc_hello_ucosii//libucosii_bsp.a(altera_avalon_mutex.o)
 .data          0x00093024        0x0 ../../bsp/mpsoc_hello_ucosii//libucosii_bsp.a(altera_avalon_timer_sc.o)
 .data          0x00093024        0x0 ../../bsp/mpsoc_hello_ucosii//libucosii_bsp.a(alt_dcache_flush_all.o)
 .data          0x00093024        0x0 ../../bsp/mpsoc_hello_ucosii//libucosii_bsp.a(alt_dev_llist_insert.o)
 .data          0x00093024        0x0 ../../bsp/mpsoc_hello_ucosii//libucosii_bsp.a(alt_do_ctors.o)
 .data          0x00093024        0x0 ../../bsp/mpsoc_hello_ucosii//libucosii_bsp.a(alt_do_dtors.o)
 .data          0x00093024        0x0 ../../bsp/mpsoc_hello_ucosii//libucosii_bsp.a(alt_find_dev.o)
 .data          0x00093024        0x0 ../../bsp/mpsoc_hello_ucosii//libucosii_bsp.a(alt_icache_flush_all.o)
 .data          0x00093024        0x0 ../../bsp/mpsoc_hello_ucosii//libucosii_bsp.a(alt_io_redirect.o)
 .data          0x00093024        0x0 ../../bsp/mpsoc_hello_ucosii//libucosii_bsp.a(alt_irq_register.o)
 .data          0x00093024        0x0 ../../bsp/mpsoc_hello_ucosii//libucosii_bsp.a(alt_irq_vars.o)
 .data          0x00093024        0x0 ../../bsp/mpsoc_hello_ucosii//libucosii_bsp.a(alt_open.o)
 .data          0x00093024        0x0 ../../bsp/mpsoc_hello_ucosii//libucosii_bsp.a(altera_nios2_qsys_irq.o)
 .data          0x00093024        0x0 ../../bsp/mpsoc_hello_ucosii//libucosii_bsp.a(os_cpu_a.o)
 .data          0x00093024        0x0 ../../bsp/mpsoc_hello_ucosii//libucosii_bsp.a(os_cpu_c.o)
 .data          0x00093024        0x0 ../../bsp/mpsoc_hello_ucosii//libucosii_bsp.a(alt_find_file.o)
 .data          0x00093024        0x0 ../../bsp/mpsoc_hello_ucosii//libucosii_bsp.a(alt_get_fd.o)
 .data          0x00093024        0x0 ../../bsp/mpsoc_hello_ucosii//libucosii_bsp.a(alt_irq_entry.o)
 .data          0x00093024        0x0 ../../bsp/mpsoc_hello_ucosii//libucosii_bsp.a(alt_irq_handler.o)
 .data          0x00093024        0x0 ../../bsp/mpsoc_hello_ucosii//libucosii_bsp.a(alt_exception_entry.o)
 .data          0x00093024        0x0 /opt/altera/13.0sp1/nios2eds/bin/gnu/H-i686-pc-linux-gnu/bin/../lib/gcc/nios2-elf/4.1.2/../../../../nios2-elf/lib/mno-hw-mul/libc.a(lib_a-atexit.o)
 .data          0x00093024        0x0 /opt/altera/13.0sp1/nios2eds/bin/gnu/H-i686-pc-linux-gnu/bin/../lib/gcc/nios2-elf/4.1.2/../../../../nios2-elf/lib/mno-hw-mul/libc.a(lib_a-exit.o)
 .data          0x00093024        0x0 /opt/altera/13.0sp1/nios2eds/bin/gnu/H-i686-pc-linux-gnu/bin/../lib/gcc/nios2-elf/4.1.2/../../../../nios2-elf/lib/mno-hw-mul/libc.a(lib_a-memcmp.o)
 .data          0x00093024        0x0 /opt/altera/13.0sp1/nios2eds/bin/gnu/H-i686-pc-linux-gnu/bin/../lib/gcc/nios2-elf/4.1.2/../../../../nios2-elf/lib/mno-hw-mul/libc.a(lib_a-__atexit.o)
 .data          0x00093024        0x0 /opt/altera/13.0sp1/nios2eds/bin/gnu/H-i686-pc-linux-gnu/bin/../lib/gcc/nios2-elf/4.1.2/../../../../nios2-elf/lib/mno-hw-mul/libc.a(lib_a-__call_atexit.o)
 .data          0x00093024        0x0 /opt/altera/13.0sp1/nios2eds/bin/gnu/H-i686-pc-linux-gnu/bin/../lib/gcc/nios2-elf/4.1.2/mno-hw-mul/libgcc.a(_fixunsdfsi.o)
 .data          0x00093024        0x0 ../../bsp/mpsoc_hello_ucosii//libucosii_bsp.a(alt_exit.o)
                0x0009b024                _gp = ABSOLUTE ((. + 0x8000))
                0x0009b024                PROVIDE (gp, _gp)
 *(.rwdata .rwdata.*)
 *(.sdata .sdata.* .gnu.linkonce.s.*)
 .sdata         0x00093024        0x8 /opt/altera/13.0sp1/nios2eds/bin/gnu/H-i686-pc-linux-gnu/bin/../lib/gcc/nios2-elf/4.1.2/../../../../nios2-elf/lib/mno-hw-mul/libc.a(lib_a-impure.o)
                0x00093024                _impure_ptr
                0x00093028                _global_impure_ptr
 .sdata         0x0009302c        0x8 /opt/altera/13.0sp1/nios2eds/bin/gnu/H-i686-pc-linux-gnu/bin/../lib/gcc/nios2-elf/4.1.2/../../../../nios2-elf/lib/mno-hw-mul/libc.a(lib_a-locale.o)
                0x0009302c                __mb_cur_max
 .sdata         0x00093034        0x8 /opt/altera/13.0sp1/nios2eds/bin/gnu/H-i686-pc-linux-gnu/bin/../lib/gcc/nios2-elf/4.1.2/../../../../nios2-elf/lib/mno-hw-mul/libc.a(lib_a-mallocr.o)
                0x00093034                __malloc_trim_threshold
                0x00093038                __malloc_sbrk_base
 .sdata         0x0009303c       0x14 ../../bsp/mpsoc_hello_ucosii//libucosii_bsp.a(alt_dev.o)
                0x0009303c                alt_fs_list
                0x00093044                alt_dev_list
                0x0009304c                alt_max_fd
 .sdata         0x00093050        0x4 ../../bsp/mpsoc_hello_ucosii//libucosii_bsp.a(alt_errno.o)
                0x00093050                alt_errno
 .sdata         0x00093054        0x4 ../../bsp/mpsoc_hello_ucosii//libucosii_bsp.a(alt_sbrk.o)
 .sdata         0x00093058        0x8 ../../bsp/mpsoc_hello_ucosii//libucosii_bsp.a(alt_tick.o)
                0x00093058                alt_alarm_list
 .sdata         0x00093060        0x4 ../../bsp/mpsoc_hello_ucosii//libucosii_bsp.a(alt_env_lock.o)
 .sdata         0x00093064        0x4 ../../bsp/mpsoc_hello_ucosii//libucosii_bsp.a(alt_malloc_lock.o)
 .sdata         0x00093068       0x74 ../../bsp/mpsoc_hello_ucosii//libucosii_bsp.a(os_dbg.o)
                0x00093068                OSDebugEn
                0x0009306c                OSEndiannessTest
                0x00093070                OSEventEn
                0x00093072                OSEventMax
                0x00093074                OSEventNameSize
                0x00093076                OSEventSize
                0x00093078                OSEventTblSize
                0x0009307a                OSEventMultiEn
                0x0009307c                OSFlagEn
                0x0009307e                OSFlagGrpSize
                0x00093080                OSFlagNodeSize
                0x00093082                OSFlagWidth
                0x00093084                OSFlagMax
                0x00093086                OSFlagNameSize
                0x00093088                OSLowestPrio
                0x0009308a                OSMboxEn
                0x0009308c                OSMemEn
                0x0009308e                OSMemMax
                0x00093090                OSMemNameSize
                0x00093092                OSMemSize
                0x00093094                OSMemTblSize
                0x00093096                OSMutexEn
                0x00093098                OSPtrSize
                0x0009309a                OSQEn
                0x0009309c                OSQMax
                0x0009309e                OSQSize
                0x000930a0                OSRdyTblSize
                0x000930a2                OSSemEn
                0x000930a4                OSStkWidth
                0x000930a6                OSTaskCreateEn
                0x000930a8                OSTaskCreateExtEn
                0x000930aa                OSTaskDelEn
                0x000930ac                OSTaskIdleStkSize
                0x000930ae                OSTaskProfileEn
                0x000930b0                OSTaskMax
                0x000930b2                OSTaskNameSize
                0x000930b4                OSTaskStatEn
                0x000930b6                OSTaskStatStkSize
                0x000930b8                OSTaskStatStkChkEn
                0x000930ba                OSTaskSwHookEn
                0x000930bc                OSTCBPrioTblMax
                0x000930be                OSTCBSize
                0x000930c0                OSTicksPerSec
                0x000930c2                OSTimeTickHookEn
                0x000930c4                OSVersionNbr
                0x000930c6                OSTmrEn
                0x000930c8                OSTmrCfgMax
                0x000930ca                OSTmrCfgNameSize
                0x000930cc                OSTmrCfgWheelSize
                0x000930ce                OSTmrCfgTicksPerSec
                0x000930d0                OSTmrSize
                0x000930d2                OSTmrTblSize
                0x000930d4                OSTmrWheelSize
                0x000930d6                OSTmrWheelTblSize
                0x000930d8                OSDataSize
 .sdata         0x000930dc        0x8 ../../bsp/mpsoc_hello_ucosii//libucosii_bsp.a(altera_avalon_mutex.o)
                0x000930dc                alt_mutex_list
 .sdata         0x000930e4        0x4 ../../bsp/mpsoc_hello_ucosii//libucosii_bsp.a(alt_irq_vars.o)
                0x000930e4                alt_priority_mask
 *(.sdata2 .sdata2.* .gnu.linkonce.s2.*)
                0x000930e8                . = ALIGN (0x4)
                0x000930e8                _edata = ABSOLUTE (.)
                0x000930e8                PROVIDE (edata, ABSOLUTE (.))
                0x000930e8                PROVIDE (__ram_rwdata_end, ABSOLUTE (.))
                0x000930e8                PROVIDE (__flash_rwdata_start, LOADADDR (.rwdata))

.bss            0x00094cbc     0xa10c
                0x00094cbc                __bss_start = ABSOLUTE (.)
                0x00094cbc                PROVIDE (__sbss_start, ABSOLUTE (.))
                0x00094cbc                PROVIDE (___sbss_start, ABSOLUTE (.))
 *(.dynsbss)
 *(.sbss .sbss.* .gnu.linkonce.sb.*)
 .sbss          0x00094cbc       0x14 obj/default/src/hello_ucosii.o
                0x00094cbc                Task1Tmr
                0x00094cc0                Task2TmrSem
                0x00094cc4                Task2Tmr
                0x00094cc8                delay
                0x00094ccc                Task1TmrSem
 .sbss          0x00094cd0        0xc /opt/altera/13.0sp1/nios2eds/bin/gnu/H-i686-pc-linux-gnu/bin/../lib/gcc/nios2-elf/4.1.2/../../../../nios2-elf/lib/mno-hw-mul/libc.a(lib_a-locale.o)
                0x00094cd0                __nlocale_changed
                0x00094cd4                __mlocale_changed
                0x00094cd8                _PathLocale
 .sbss          0x00094cdc        0xc /opt/altera/13.0sp1/nios2eds/bin/gnu/H-i686-pc-linux-gnu/bin/../lib/gcc/nios2-elf/4.1.2/../../../../nios2-elf/lib/mno-hw-mul/libc.a(lib_a-mallocr.o)
                0x00094cdc                __malloc_top_pad
                0x00094ce0                __malloc_max_sbrked_mem
                0x00094ce4                __malloc_max_total_mem
 .sbss          0x00094ce8        0x4 /opt/altera/13.0sp1/nios2eds/bin/gnu/H-i686-pc-linux-gnu/bin/../lib/gcc/nios2-elf/4.1.2/../../../../nios2-elf/lib/mno-hw-mul/libc.a(lib_a-int_errno.o)
                0x00094ce8                errno
 .sbss          0x00094cec        0x4 ../../bsp/mpsoc_hello_ucosii//libucosii_bsp.a(alt_dev.o)
                0x00094cec                alt_fd_list_lock
 .sbss          0x00094cf0        0xc ../../bsp/mpsoc_hello_ucosii//libucosii_bsp.a(alt_main.o)
                0x00094cf0                alt_argc
                0x00094cf4                alt_argv
                0x00094cf8                alt_envp
 .sbss          0x00094cfc        0x8 ../../bsp/mpsoc_hello_ucosii//libucosii_bsp.a(alt_tick.o)
                0x00094cfc                _alt_tick_rate
                0x00094d00                _alt_nticks
 .sbss          0x00094d04        0x8 ../../bsp/mpsoc_hello_ucosii//libucosii_bsp.a(alt_env_lock.o)
                0x00094d08                alt_envsem
 .sbss          0x00094d0c        0x8 ../../bsp/mpsoc_hello_ucosii//libucosii_bsp.a(alt_malloc_lock.o)
                0x00094d10                alt_heapsem
 .sbss          0x00094d14       0x68 ../../bsp/mpsoc_hello_ucosii//libucosii_bsp.a(os_core.o)
                0x00094d14                OSTmrFreeList
                0x00094d18                OSLockNesting
                0x00094d1c                OSTmrSemSignal
                0x00094d20                OSRunning
                0x00094d24                OSIdleCtr
                0x00094d28                OSTmrUsed
                0x00094d2a                OSPrioHighRdy
                0x00094d2b                OSPrioCur
                0x00094d2c                OSTCBList
                0x00094d30                OSTickStepState
                0x00094d34                OSCtxSwCtr
                0x00094d38                OSTmrFree
                0x00094d3c                OSIdleCtrMax
                0x00094d40                OSTCBFreeList
                0x00094d44                OSCPUUsage
                0x00094d45                OSTaskCtr
                0x00094d48                OSMemFreeList
                0x00094d4c                OSTCBHighRdy
                0x00094d50                OSQFreeList
                0x00094d54                OSRdyGrp
                0x00094d55                OSRdyTbl
                0x00094d58                OSEventFreeList
                0x00094d5c                OSIntNesting
                0x00094d60                OSTCBCur
                0x00094d64                OSTmrTime
                0x00094d68                OSTime
                0x00094d6c                OSTmrSem
                0x00094d70                OSFlagFreeList
                0x00094d74                OSStatRdy
                0x00094d78                OSIdleCtrRun
 .sbss          0x00094d7c        0x4 ../../bsp/mpsoc_hello_ucosii//libucosii_bsp.a(alt_irq_vars.o)
                0x00094d7c                alt_irq_active
 .sbss          0x00094d80        0x2 ../../bsp/mpsoc_hello_ucosii//libucosii_bsp.a(os_cpu_c.o)
 *(.sbss2 .sbss2.* .gnu.linkonce.sb2.*)
 *(.scommon)
                0x00094d82                PROVIDE (__sbss_end, ABSOLUTE (.))
                0x00094d82                PROVIDE (___sbss_end, ABSOLUTE (.))
 *(.dynbss)
 *(.bss .bss.* .gnu.linkonce.b.*)
 .bss           0x00094d82        0x0 ../../bsp/mpsoc_hello_ucosii//obj/HAL/src/crt0.o
 *fill*         0x00094d82        0x2 00
 .bss           0x00094d84       0x18 obj/default/src/hello_ucosii.o
 .bss           0x00094d9c        0x0 /opt/altera/13.0sp1/nios2eds/bin/gnu/H-i686-pc-linux-gnu/bin/../lib/gcc/nios2-elf/4.1.2/mno-hw-mul/libgcc.a(_div_df.o)
 .bss           0x00094d9c        0x0 /opt/altera/13.0sp1/nios2eds/bin/gnu/H-i686-pc-linux-gnu/bin/../lib/gcc/nios2-elf/4.1.2/mno-hw-mul/libgcc.a(_thenan_df.o)
 .bss           0x00094d9c        0x0 /opt/altera/13.0sp1/nios2eds/bin/gnu/H-i686-pc-linux-gnu/bin/../lib/gcc/nios2-elf/4.1.2/mno-hw-mul/libgcc.a(_usi_to_df.o)
 .bss           0x00094d9c        0x0 /opt/altera/13.0sp1/nios2eds/bin/gnu/H-i686-pc-linux-gnu/bin/../lib/gcc/nios2-elf/4.1.2/mno-hw-mul/libgcc.a(lib2-divmod.o)
 .bss           0x00094d9c        0x0 /opt/altera/13.0sp1/nios2eds/bin/gnu/H-i686-pc-linux-gnu/bin/../lib/gcc/nios2-elf/4.1.2/mno-hw-mul/libgcc.a(lib2-mul.o)
 .bss           0x00094d9c        0x0 /opt/altera/13.0sp1/nios2eds/bin/gnu/H-i686-pc-linux-gnu/bin/../lib/gcc/nios2-elf/4.1.2/mno-hw-mul/libgcc.a(_clzsi2.o)
 .bss           0x00094d9c        0x0 /opt/altera/13.0sp1/nios2eds/bin/gnu/H-i686-pc-linux-gnu/bin/../lib/gcc/nios2-elf/4.1.2/mno-hw-mul/libgcc.a(_pack_df.o)
 .bss           0x00094d9c        0x0 /opt/altera/13.0sp1/nios2eds/bin/gnu/H-i686-pc-linux-gnu/bin/../lib/gcc/nios2-elf/4.1.2/mno-hw-mul/libgcc.a(_unpack_df.o)
 .bss           0x00094d9c        0x0 /opt/altera/13.0sp1/nios2eds/bin/gnu/H-i686-pc-linux-gnu/bin/../lib/gcc/nios2-elf/4.1.2/mno-hw-mul/libgcc.a(_clz.o)
 .bss           0x00094d9c        0x0 /opt/altera/13.0sp1/nios2eds/bin/gnu/H-i686-pc-linux-gnu/bin/../lib/gcc/nios2-elf/4.1.2/../../../../nios2-elf/lib/mno-hw-mul/libc.a(lib_a-printf.o)
 .bss           0x00094d9c        0x0 /opt/altera/13.0sp1/nios2eds/bin/gnu/H-i686-pc-linux-gnu/bin/../lib/gcc/nios2-elf/4.1.2/../../../../nios2-elf/lib/mno-hw-mul/libc.a(lib_a-puts.o)
 .bss           0x00094d9c        0x0 /opt/altera/13.0sp1/nios2eds/bin/gnu/H-i686-pc-linux-gnu/bin/../lib/gcc/nios2-elf/4.1.2/../../../../nios2-elf/lib/mno-hw-mul/libc.a(lib_a-strlen.o)
 .bss           0x00094d9c        0x0 /opt/altera/13.0sp1/nios2eds/bin/gnu/H-i686-pc-linux-gnu/bin/../lib/gcc/nios2-elf/4.1.2/../../../../nios2-elf/lib/mno-hw-mul/libc.a(lib_a-vfprintf.o)
 .bss           0x00094d9c        0x0 /opt/altera/13.0sp1/nios2eds/bin/gnu/H-i686-pc-linux-gnu/bin/../lib/gcc/nios2-elf/4.1.2/../../../../nios2-elf/lib/mno-hw-mul/libc.a(lib_a-wsetup.o)
 .bss           0x00094d9c        0x0 /opt/altera/13.0sp1/nios2eds/bin/gnu/H-i686-pc-linux-gnu/bin/../lib/gcc/nios2-elf/4.1.2/../../../../nios2-elf/lib/mno-hw-mul/libc.a(lib_a-dtoa.o)
 .bss           0x00094d9c        0x0 /opt/altera/13.0sp1/nios2eds/bin/gnu/H-i686-pc-linux-gnu/bin/../lib/gcc/nios2-elf/4.1.2/../../../../nios2-elf/lib/mno-hw-mul/libc.a(lib_a-fflush.o)
 .bss           0x00094d9c        0x0 /opt/altera/13.0sp1/nios2eds/bin/gnu/H-i686-pc-linux-gnu/bin/../lib/gcc/nios2-elf/4.1.2/../../../../nios2-elf/lib/mno-hw-mul/libc.a(lib_a-findfp.o)
 .bss           0x00094d9c        0x0 /opt/altera/13.0sp1/nios2eds/bin/gnu/H-i686-pc-linux-gnu/bin/../lib/gcc/nios2-elf/4.1.2/../../../../nios2-elf/lib/mno-hw-mul/libc.a(lib_a-freer.o)
 .bss           0x00094d9c        0x0 /opt/altera/13.0sp1/nios2eds/bin/gnu/H-i686-pc-linux-gnu/bin/../lib/gcc/nios2-elf/4.1.2/../../../../nios2-elf/lib/mno-hw-mul/libc.a(lib_a-fvwrite.o)
 .bss           0x00094d9c        0x0 /opt/altera/13.0sp1/nios2eds/bin/gnu/H-i686-pc-linux-gnu/bin/../lib/gcc/nios2-elf/4.1.2/../../../../nios2-elf/lib/mno-hw-mul/libc.a(lib_a-fwalk.o)
 .bss           0x00094d9c        0x0 /opt/altera/13.0sp1/nios2eds/bin/gnu/H-i686-pc-linux-gnu/bin/../lib/gcc/nios2-elf/4.1.2/../../../../nios2-elf/lib/mno-hw-mul/libc.a(lib_a-impure.o)
 .bss           0x00094d9c        0x0 /opt/altera/13.0sp1/nios2eds/bin/gnu/H-i686-pc-linux-gnu/bin/../lib/gcc/nios2-elf/4.1.2/../../../../nios2-elf/lib/mno-hw-mul/libc.a(lib_a-locale.o)
 .bss           0x00094d9c        0x0 /opt/altera/13.0sp1/nios2eds/bin/gnu/H-i686-pc-linux-gnu/bin/../lib/gcc/nios2-elf/4.1.2/../../../../nios2-elf/lib/mno-hw-mul/libc.a(lib_a-makebuf.o)
 .bss           0x00094d9c       0x28 /opt/altera/13.0sp1/nios2eds/bin/gnu/H-i686-pc-linux-gnu/bin/../lib/gcc/nios2-elf/4.1.2/../../../../nios2-elf/lib/mno-hw-mul/libc.a(lib_a-mallocr.o)
                0x00094d9c                __malloc_current_mallinfo
 .bss           0x00094dc4        0x0 /opt/altera/13.0sp1/nios2eds/bin/gnu/H-i686-pc-linux-gnu/bin/../lib/gcc/nios2-elf/4.1.2/../../../../nios2-elf/lib/mno-hw-mul/libc.a(lib_a-memchr.o)
 .bss           0x00094dc4        0x0 /opt/altera/13.0sp1/nios2eds/bin/gnu/H-i686-pc-linux-gnu/bin/../lib/gcc/nios2-elf/4.1.2/../../../../nios2-elf/lib/mno-hw-mul/libc.a(lib_a-memcpy.o)
 .bss           0x00094dc4        0x0 /opt/altera/13.0sp1/nios2eds/bin/gnu/H-i686-pc-linux-gnu/bin/../lib/gcc/nios2-elf/4.1.2/../../../../nios2-elf/lib/mno-hw-mul/libc.a(lib_a-memmove.o)
 .bss           0x00094dc4        0x0 /opt/altera/13.0sp1/nios2eds/bin/gnu/H-i686-pc-linux-gnu/bin/../lib/gcc/nios2-elf/4.1.2/../../../../nios2-elf/lib/mno-hw-mul/libc.a(lib_a-memset.o)
 .bss           0x00094dc4        0x0 /opt/altera/13.0sp1/nios2eds/bin/gnu/H-i686-pc-linux-gnu/bin/../lib/gcc/nios2-elf/4.1.2/../../../../nios2-elf/lib/mno-hw-mul/libc.a(lib_a-mprec.o)
 .bss           0x00094dc4        0x0 /opt/altera/13.0sp1/nios2eds/bin/gnu/H-i686-pc-linux-gnu/bin/../lib/gcc/nios2-elf/4.1.2/../../../../nios2-elf/lib/mno-hw-mul/libc.a(lib_a-reallocr.o)
 .bss           0x00094dc4        0x0 /opt/altera/13.0sp1/nios2eds/bin/gnu/H-i686-pc-linux-gnu/bin/../lib/gcc/nios2-elf/4.1.2/../../../../nios2-elf/lib/mno-hw-mul/libc.a(lib_a-s_isinfd.o)
 .bss           0x00094dc4        0x0 /opt/altera/13.0sp1/nios2eds/bin/gnu/H-i686-pc-linux-gnu/bin/../lib/gcc/nios2-elf/4.1.2/../../../../nios2-elf/lib/mno-hw-mul/libc.a(lib_a-s_isnand.o)
 .bss           0x00094dc4        0x0 /opt/altera/13.0sp1/nios2eds/bin/gnu/H-i686-pc-linux-gnu/bin/../lib/gcc/nios2-elf/4.1.2/../../../../nios2-elf/lib/mno-hw-mul/libc.a(lib_a-sbrkr.o)
 .bss           0x00094dc4        0x0 /opt/altera/13.0sp1/nios2eds/bin/gnu/H-i686-pc-linux-gnu/bin/../lib/gcc/nios2-elf/4.1.2/../../../../nios2-elf/lib/mno-hw-mul/libc.a(lib_a-stdio.o)
 .bss           0x00094dc4        0x0 /opt/altera/13.0sp1/nios2eds/bin/gnu/H-i686-pc-linux-gnu/bin/../lib/gcc/nios2-elf/4.1.2/../../../../nios2-elf/lib/mno-hw-mul/libc.a(lib_a-strcmp.o)
 .bss           0x00094dc4        0x0 /opt/altera/13.0sp1/nios2eds/bin/gnu/H-i686-pc-linux-gnu/bin/../lib/gcc/nios2-elf/4.1.2/../../../../nios2-elf/lib/mno-hw-mul/libc.a(lib_a-writer.o)
 .bss           0x00094dc4        0x0 /opt/altera/13.0sp1/nios2eds/bin/gnu/H-i686-pc-linux-gnu/bin/../lib/gcc/nios2-elf/4.1.2/../../../../nios2-elf/lib/mno-hw-mul/libc.a(lib_a-callocr.o)
 .bss           0x00094dc4        0x0 /opt/altera/13.0sp1/nios2eds/bin/gnu/H-i686-pc-linux-gnu/bin/../lib/gcc/nios2-elf/4.1.2/../../../../nios2-elf/lib/mno-hw-mul/libc.a(lib_a-closer.o)
 .bss           0x00094dc4        0x0 /opt/altera/13.0sp1/nios2eds/bin/gnu/H-i686-pc-linux-gnu/bin/../lib/gcc/nios2-elf/4.1.2/../../../../nios2-elf/lib/mno-hw-mul/libc.a(lib_a-fclose.o)
 .bss           0x00094dc4        0x0 /opt/altera/13.0sp1/nios2eds/bin/gnu/H-i686-pc-linux-gnu/bin/../lib/gcc/nios2-elf/4.1.2/../../../../nios2-elf/lib/mno-hw-mul/libc.a(lib_a-fstatr.o)
 .bss           0x00094dc4        0x0 /opt/altera/13.0sp1/nios2eds/bin/gnu/H-i686-pc-linux-gnu/bin/../lib/gcc/nios2-elf/4.1.2/../../../../nios2-elf/lib/mno-hw-mul/libc.a(lib_a-int_errno.o)
 .bss           0x00094dc4        0x0 /opt/altera/13.0sp1/nios2eds/bin/gnu/H-i686-pc-linux-gnu/bin/../lib/gcc/nios2-elf/4.1.2/../../../../nios2-elf/lib/mno-hw-mul/libc.a(lib_a-isattyr.o)
 .bss           0x00094dc4        0x0 /opt/altera/13.0sp1/nios2eds/bin/gnu/H-i686-pc-linux-gnu/bin/../lib/gcc/nios2-elf/4.1.2/../../../../nios2-elf/lib/mno-hw-mul/libc.a(lib_a-lseekr.o)
 .bss           0x00094dc4        0x0 /opt/altera/13.0sp1/nios2eds/bin/gnu/H-i686-pc-linux-gnu/bin/../lib/gcc/nios2-elf/4.1.2/../../../../nios2-elf/lib/mno-hw-mul/libc.a(lib_a-readr.o)
 .bss           0x00094dc4        0x0 /opt/altera/13.0sp1/nios2eds/bin/gnu/H-i686-pc-linux-gnu/bin/../lib/gcc/nios2-elf/4.1.2/mno-hw-mul/libgcc.a(_udivdi3.o)
 .bss           0x00094dc4        0x0 /opt/altera/13.0sp1/nios2eds/bin/gnu/H-i686-pc-linux-gnu/bin/../lib/gcc/nios2-elf/4.1.2/mno-hw-mul/libgcc.a(_umoddi3.o)
 .bss           0x00094dc4        0x0 /opt/altera/13.0sp1/nios2eds/bin/gnu/H-i686-pc-linux-gnu/bin/../lib/gcc/nios2-elf/4.1.2/mno-hw-mul/libgcc.a(_addsub_df.o)
 .bss           0x00094dc4        0x0 /opt/altera/13.0sp1/nios2eds/bin/gnu/H-i686-pc-linux-gnu/bin/../lib/gcc/nios2-elf/4.1.2/mno-hw-mul/libgcc.a(_mul_df.o)
 .bss           0x00094dc4        0x0 /opt/altera/13.0sp1/nios2eds/bin/gnu/H-i686-pc-linux-gnu/bin/../lib/gcc/nios2-elf/4.1.2/mno-hw-mul/libgcc.a(_eq_df.o)
 .bss           0x00094dc4        0x0 /opt/altera/13.0sp1/nios2eds/bin/gnu/H-i686-pc-linux-gnu/bin/../lib/gcc/nios2-elf/4.1.2/mno-hw-mul/libgcc.a(_ne_df.o)
 .bss           0x00094dc4        0x0 /opt/altera/13.0sp1/nios2eds/bin/gnu/H-i686-pc-linux-gnu/bin/../lib/gcc/nios2-elf/4.1.2/mno-hw-mul/libgcc.a(_gt_df.o)
 .bss           0x00094dc4        0x0 /opt/altera/13.0sp1/nios2eds/bin/gnu/H-i686-pc-linux-gnu/bin/../lib/gcc/nios2-elf/4.1.2/mno-hw-mul/libgcc.a(_ge_df.o)
 .bss           0x00094dc4        0x0 /opt/altera/13.0sp1/nios2eds/bin/gnu/H-i686-pc-linux-gnu/bin/../lib/gcc/nios2-elf/4.1.2/mno-hw-mul/libgcc.a(_lt_df.o)
 .bss           0x00094dc4        0x0 /opt/altera/13.0sp1/nios2eds/bin/gnu/H-i686-pc-linux-gnu/bin/../lib/gcc/nios2-elf/4.1.2/mno-hw-mul/libgcc.a(_si_to_df.o)
 .bss           0x00094dc4        0x0 /opt/altera/13.0sp1/nios2eds/bin/gnu/H-i686-pc-linux-gnu/bin/../lib/gcc/nios2-elf/4.1.2/mno-hw-mul/libgcc.a(_df_to_si.o)
 .bss           0x00094dc4        0x0 /opt/altera/13.0sp1/nios2eds/bin/gnu/H-i686-pc-linux-gnu/bin/../lib/gcc/nios2-elf/4.1.2/mno-hw-mul/libgcc.a(_muldi3.o)
 .bss           0x00094dc4        0x0 /opt/altera/13.0sp1/nios2eds/bin/gnu/H-i686-pc-linux-gnu/bin/../lib/gcc/nios2-elf/4.1.2/mno-hw-mul/libgcc.a(_fpcmp_parts_df.o)
 .bss           0x00094dc4        0x0 ../../bsp/mpsoc_hello_ucosii//libucosii_bsp.a(alt_alarm_start.o)
 .bss           0x00094dc4        0x0 ../../bsp/mpsoc_hello_ucosii//libucosii_bsp.a(alt_close.o)
 .bss           0x00094dc4        0x0 ../../bsp/mpsoc_hello_ucosii//libucosii_bsp.a(alt_dev.o)
 .bss           0x00094dc4        0x0 ../../bsp/mpsoc_hello_ucosii//libucosii_bsp.a(alt_errno.o)
 .bss           0x00094dc4        0x0 ../../bsp/mpsoc_hello_ucosii//libucosii_bsp.a(alt_fstat.o)
 .bss           0x00094dc4        0x0 ../../bsp/mpsoc_hello_ucosii//libucosii_bsp.a(alt_isatty.o)
 .bss           0x00094dc4        0x0 ../../bsp/mpsoc_hello_ucosii//libucosii_bsp.a(alt_load.o)
 .bss           0x00094dc4        0x0 ../../bsp/mpsoc_hello_ucosii//libucosii_bsp.a(alt_lseek.o)
 .bss           0x00094dc4        0x0 ../../bsp/mpsoc_hello_ucosii//libucosii_bsp.a(alt_main.o)
 .bss           0x00094dc4        0x0 ../../bsp/mpsoc_hello_ucosii//libucosii_bsp.a(alt_read.o)
 .bss           0x00094dc4        0x0 ../../bsp/mpsoc_hello_ucosii//libucosii_bsp.a(alt_release_fd.o)
 .bss           0x00094dc4        0x0 ../../bsp/mpsoc_hello_ucosii//libucosii_bsp.a(alt_sbrk.o)
 .bss           0x00094dc4        0x0 ../../bsp/mpsoc_hello_ucosii//libucosii_bsp.a(alt_tick.o)
 .bss           0x00094dc4        0x0 ../../bsp/mpsoc_hello_ucosii//libucosii_bsp.a(alt_write.o)
 .bss           0x00094dc4        0x0 ../../bsp/mpsoc_hello_ucosii//libucosii_bsp.a(alt_env_lock.o)
 .bss           0x00094dc4        0x0 ../../bsp/mpsoc_hello_ucosii//libucosii_bsp.a(alt_malloc_lock.o)
 .bss           0x00094dc4        0x0 ../../bsp/mpsoc_hello_ucosii//libucosii_bsp.a(os_core.o)
 .bss           0x00094dc4        0x0 ../../bsp/mpsoc_hello_ucosii//libucosii_bsp.a(os_dbg.o)
 .bss           0x00094dc4        0x0 ../../bsp/mpsoc_hello_ucosii//libucosii_bsp.a(os_flag.o)
 .bss           0x00094dc4        0x0 ../../bsp/mpsoc_hello_ucosii//libucosii_bsp.a(os_mem.o)
 .bss           0x00094dc4        0x0 ../../bsp/mpsoc_hello_ucosii//libucosii_bsp.a(os_q.o)
 .bss           0x00094dc4        0x0 ../../bsp/mpsoc_hello_ucosii//libucosii_bsp.a(os_sem.o)
 .bss           0x00094dc4        0x0 ../../bsp/mpsoc_hello_ucosii//libucosii_bsp.a(os_task.o)
 .bss           0x00094dc4        0x0 ../../bsp/mpsoc_hello_ucosii//libucosii_bsp.a(os_time.o)
 .bss           0x00094dc4        0x0 ../../bsp/mpsoc_hello_ucosii//libucosii_bsp.a(os_tmr.o)
 .bss           0x00094dc4        0x0 ../../bsp/mpsoc_hello_ucosii//libucosii_bsp.a(alt_sys_init.o)
 .bss           0x00094dc4        0x0 ../../bsp/mpsoc_hello_ucosii//libucosii_bsp.a(altera_avalon_jtag_uart_fd.o)
 .bss           0x00094dc4        0x0 ../../bsp/mpsoc_hello_ucosii//libucosii_bsp.a(altera_avalon_jtag_uart_init.o)
 .bss           0x00094dc4        0x0 ../../bsp/mpsoc_hello_ucosii//libucosii_bsp.a(altera_avalon_jtag_uart_ioctl.o)
 .bss           0x00094dc4        0x0 ../../bsp/mpsoc_hello_ucosii//libucosii_bsp.a(altera_avalon_jtag_uart_read.o)
 .bss           0x00094dc4        0x0 ../../bsp/mpsoc_hello_ucosii//libucosii_bsp.a(altera_avalon_jtag_uart_write.o)
 .bss           0x00094dc4        0x0 ../../bsp/mpsoc_hello_ucosii//libucosii_bsp.a(altera_avalon_mutex.o)
 .bss           0x00094dc4        0x0 ../../bsp/mpsoc_hello_ucosii//libucosii_bsp.a(altera_avalon_timer_sc.o)
 .bss           0x00094dc4        0x0 ../../bsp/mpsoc_hello_ucosii//libucosii_bsp.a(alt_dcache_flush_all.o)
 .bss           0x00094dc4        0x0 ../../bsp/mpsoc_hello_ucosii//libucosii_bsp.a(alt_dev_llist_insert.o)
 .bss           0x00094dc4        0x0 ../../bsp/mpsoc_hello_ucosii//libucosii_bsp.a(alt_do_ctors.o)
 .bss           0x00094dc4        0x0 ../../bsp/mpsoc_hello_ucosii//libucosii_bsp.a(alt_do_dtors.o)
 .bss           0x00094dc4        0x0 ../../bsp/mpsoc_hello_ucosii//libucosii_bsp.a(alt_find_dev.o)
 .bss           0x00094dc4        0x0 ../../bsp/mpsoc_hello_ucosii//libucosii_bsp.a(alt_icache_flush_all.o)
 .bss           0x00094dc4        0x0 ../../bsp/mpsoc_hello_ucosii//libucosii_bsp.a(alt_io_redirect.o)
 .bss           0x00094dc4        0x0 ../../bsp/mpsoc_hello_ucosii//libucosii_bsp.a(alt_irq_register.o)
 .bss           0x00094dc4        0x0 ../../bsp/mpsoc_hello_ucosii//libucosii_bsp.a(alt_irq_vars.o)
 .bss           0x00094dc4        0x0 ../../bsp/mpsoc_hello_ucosii//libucosii_bsp.a(alt_open.o)
 .bss           0x00094dc4        0x0 ../../bsp/mpsoc_hello_ucosii//libucosii_bsp.a(altera_nios2_qsys_irq.o)
 .bss           0x00094dc4        0x0 ../../bsp/mpsoc_hello_ucosii//libucosii_bsp.a(os_cpu_a.o)
 .bss           0x00094dc4        0x0 ../../bsp/mpsoc_hello_ucosii//libucosii_bsp.a(os_cpu_c.o)
 .bss           0x00094dc4        0x0 ../../bsp/mpsoc_hello_ucosii//libucosii_bsp.a(alt_find_file.o)
 .bss           0x00094dc4        0x0 ../../bsp/mpsoc_hello_ucosii//libucosii_bsp.a(alt_get_fd.o)
 .bss           0x00094dc4        0x0 ../../bsp/mpsoc_hello_ucosii//libucosii_bsp.a(alt_irq_entry.o)
 .bss           0x00094dc4        0x0 ../../bsp/mpsoc_hello_ucosii//libucosii_bsp.a(alt_irq_handler.o)
 .bss           0x00094dc4        0x0 ../../bsp/mpsoc_hello_ucosii//libucosii_bsp.a(alt_exception_entry.o)
 .bss           0x00094dc4        0x0 /opt/altera/13.0sp1/nios2eds/bin/gnu/H-i686-pc-linux-gnu/bin/../lib/gcc/nios2-elf/4.1.2/../../../../nios2-elf/lib/mno-hw-mul/libc.a(lib_a-atexit.o)
 .bss           0x00094dc4        0x0 /opt/altera/13.0sp1/nios2eds/bin/gnu/H-i686-pc-linux-gnu/bin/../lib/gcc/nios2-elf/4.1.2/../../../../nios2-elf/lib/mno-hw-mul/libc.a(lib_a-exit.o)
 .bss           0x00094dc4        0x0 /opt/altera/13.0sp1/nios2eds/bin/gnu/H-i686-pc-linux-gnu/bin/../lib/gcc/nios2-elf/4.1.2/../../../../nios2-elf/lib/mno-hw-mul/libc.a(lib_a-memcmp.o)
 .bss           0x00094dc4        0x0 /opt/altera/13.0sp1/nios2eds/bin/gnu/H-i686-pc-linux-gnu/bin/../lib/gcc/nios2-elf/4.1.2/../../../../nios2-elf/lib/mno-hw-mul/libc.a(lib_a-__atexit.o)
 .bss           0x00094dc4        0x0 /opt/altera/13.0sp1/nios2eds/bin/gnu/H-i686-pc-linux-gnu/bin/../lib/gcc/nios2-elf/4.1.2/../../../../nios2-elf/lib/mno-hw-mul/libc.a(lib_a-__call_atexit.o)
 .bss           0x00094dc4        0x0 /opt/altera/13.0sp1/nios2eds/bin/gnu/H-i686-pc-linux-gnu/bin/../lib/gcc/nios2-elf/4.1.2/mno-hw-mul/libgcc.a(_fixunsdfsi.o)
 .bss           0x00094dc4        0x0 ../../bsp/mpsoc_hello_ucosii//libucosii_bsp.a(alt_exit.o)
 *(COMMON)
 COMMON         0x00094dc4     0x6000 obj/default/src/hello_ucosii.o
                0x00094dc4                task1_stk
                0x00096dc4                task2_stk
                0x00098dc4                StartTask_Stack
 COMMON         0x0009adc4     0x3d74 ../../bsp/mpsoc_hello_ucosii//libucosii_bsp.a(os_core.o)
                0x0009adc4                OSTmrWheelTbl
                0x0009add4                OSFlagTbl
                0x0009b144                OSTmrTbl
                0x0009b484                OSMemTbl
                0x0009c0b4                OSTaskStatStk
                0x0009c8b4                OSQTbl
                0x0009ca94                OSTmrTaskStk
                0x0009d294                OSTaskIdleStk
                0x0009da94                OSEventTbl
                0x0009e5d4                OSTCBTbl
                0x0009eae4                OSTCBPrioTbl
 COMMON         0x0009eb38      0x100 ../../bsp/mpsoc_hello_ucosii//libucosii_bsp.a(alt_irq_handler.o)
                0x0009eb38                alt_irq
 COMMON         0x0009ec38      0x190 /opt/altera/13.0sp1/nios2eds/bin/gnu/H-i686-pc-linux-gnu/bin/../lib/gcc/nios2-elf/4.1.2/../../../../nios2-elf/lib/mno-hw-mul/libc.a(lib_a-atexit.o)
                0x0009ec38                _atexit0
                0x0009edc8                . = ALIGN (0x4)
                0x0009edc8                __bss_end = ABSOLUTE (.)

.sram           0x0009edc8        0x0
                0x0009edc8                PROVIDE (_alt_partition_sram_start, ABSOLUTE (.))
 *(.sram. sram.*)
                0x0009edc8                . = ALIGN (0x4)
                0x0009edc8                PROVIDE (_alt_partition_sram_end, ABSOLUTE (.))
                0x0009edc8                _end = ABSOLUTE (.)
                0x0009edc8                end = ABSOLUTE (.)
                0x0009edc8                __alt_stack_base = ABSOLUTE (.)
                0x0009edc8                PROVIDE (_alt_partition_sram_load_addr, LOADADDR (.sram))

.shared_onchip  0x00102000        0x0 load address 0x0009edc8
                0x00102000                PROVIDE (_alt_partition_shared_onchip_start, ABSOLUTE (.))
 *(.shared_onchip. shared_onchip.*)
                0x00102000                . = ALIGN (0x4)
                0x00102000                PROVIDE (_alt_partition_shared_onchip_end, ABSOLUTE (.))
                0x0009edc8                PROVIDE (_alt_partition_shared_onchip_load_addr, LOADADDR (.shared_onchip))

.sdram          0x01000000        0x0 load address 0x0009edc8
                0x01000000                PROVIDE (_alt_partition_sdram_start, ABSOLUTE (.))
 *(.sdram. sdram.*)
                0x01000000                . = ALIGN (0x4)
                0x01000000                PROVIDE (_alt_partition_sdram_end, ABSOLUTE (.))
                0x0009edc8                PROVIDE (_alt_partition_sdram_load_addr, LOADADDR (.sdram))

.stab
 *(.stab)

.stabstr
 *(.stabstr)

.stab.excl
 *(.stab.excl)

.stab.exclstr
 *(.stab.exclstr)

.stab.index
 *(.stab.index)

.stab.indexstr
 *(.stab.indexstr)

.comment        0x00000000       0x26
 *(.comment)
 .comment       0x00000000       0x26 obj/default/src/hello_ucosii.o
                                 0x27 (size before relaxing)
 .comment       0x00000000       0x27 /opt/altera/13.0sp1/nios2eds/bin/gnu/H-i686-pc-linux-gnu/bin/../lib/gcc/nios2-elf/4.1.2/mno-hw-mul/libgcc.a(_div_df.o)
 .comment       0x00000000       0x27 /opt/altera/13.0sp1/nios2eds/bin/gnu/H-i686-pc-linux-gnu/bin/../lib/gcc/nios2-elf/4.1.2/mno-hw-mul/libgcc.a(_thenan_df.o)
 .comment       0x00000000       0x27 /opt/altera/13.0sp1/nios2eds/bin/gnu/H-i686-pc-linux-gnu/bin/../lib/gcc/nios2-elf/4.1.2/mno-hw-mul/libgcc.a(_usi_to_df.o)
 .comment       0x00000000       0x27 /opt/altera/13.0sp1/nios2eds/bin/gnu/H-i686-pc-linux-gnu/bin/../lib/gcc/nios2-elf/4.1.2/mno-hw-mul/libgcc.a(lib2-divmod.o)
 .comment       0x00000000       0x27 /opt/altera/13.0sp1/nios2eds/bin/gnu/H-i686-pc-linux-gnu/bin/../lib/gcc/nios2-elf/4.1.2/mno-hw-mul/libgcc.a(lib2-mul.o)
 .comment       0x00000000       0x27 /opt/altera/13.0sp1/nios2eds/bin/gnu/H-i686-pc-linux-gnu/bin/../lib/gcc/nios2-elf/4.1.2/mno-hw-mul/libgcc.a(_clzsi2.o)
 .comment       0x00000000       0x27 /opt/altera/13.0sp1/nios2eds/bin/gnu/H-i686-pc-linux-gnu/bin/../lib/gcc/nios2-elf/4.1.2/mno-hw-mul/libgcc.a(_pack_df.o)
 .comment       0x00000000       0x27 /opt/altera/13.0sp1/nios2eds/bin/gnu/H-i686-pc-linux-gnu/bin/../lib/gcc/nios2-elf/4.1.2/mno-hw-mul/libgcc.a(_unpack_df.o)
 .comment       0x00000000       0x27 /opt/altera/13.0sp1/nios2eds/bin/gnu/H-i686-pc-linux-gnu/bin/../lib/gcc/nios2-elf/4.1.2/mno-hw-mul/libgcc.a(_clz.o)
 .comment       0x00000000       0x27 /opt/altera/13.0sp1/nios2eds/bin/gnu/H-i686-pc-linux-gnu/bin/../lib/gcc/nios2-elf/4.1.2/../../../../nios2-elf/lib/mno-hw-mul/libc.a(lib_a-printf.o)
 .comment       0x00000000       0x27 /opt/altera/13.0sp1/nios2eds/bin/gnu/H-i686-pc-linux-gnu/bin/../lib/gcc/nios2-elf/4.1.2/../../../../nios2-elf/lib/mno-hw-mul/libc.a(lib_a-puts.o)
 .comment       0x00000000       0x27 /opt/altera/13.0sp1/nios2eds/bin/gnu/H-i686-pc-linux-gnu/bin/../lib/gcc/nios2-elf/4.1.2/../../../../nios2-elf/lib/mno-hw-mul/libc.a(lib_a-strlen.o)
 .comment       0x00000000       0x27 /opt/altera/13.0sp1/nios2eds/bin/gnu/H-i686-pc-linux-gnu/bin/../lib/gcc/nios2-elf/4.1.2/../../../../nios2-elf/lib/mno-hw-mul/libc.a(lib_a-vfprintf.o)
 .comment       0x00000000       0x27 /opt/altera/13.0sp1/nios2eds/bin/gnu/H-i686-pc-linux-gnu/bin/../lib/gcc/nios2-elf/4.1.2/../../../../nios2-elf/lib/mno-hw-mul/libc.a(lib_a-wsetup.o)
 .comment       0x00000000       0x27 /opt/altera/13.0sp1/nios2eds/bin/gnu/H-i686-pc-linux-gnu/bin/../lib/gcc/nios2-elf/4.1.2/../../../../nios2-elf/lib/mno-hw-mul/libc.a(lib_a-dtoa.o)
 .comment       0x00000000       0x27 /opt/altera/13.0sp1/nios2eds/bin/gnu/H-i686-pc-linux-gnu/bin/../lib/gcc/nios2-elf/4.1.2/../../../../nios2-elf/lib/mno-hw-mul/libc.a(lib_a-fflush.o)
 .comment       0x00000000       0x27 /opt/altera/13.0sp1/nios2eds/bin/gnu/H-i686-pc-linux-gnu/bin/../lib/gcc/nios2-elf/4.1.2/../../../../nios2-elf/lib/mno-hw-mul/libc.a(lib_a-findfp.o)
 .comment       0x00000000       0x27 /opt/altera/13.0sp1/nios2eds/bin/gnu/H-i686-pc-linux-gnu/bin/../lib/gcc/nios2-elf/4.1.2/../../../../nios2-elf/lib/mno-hw-mul/libc.a(lib_a-freer.o)
 .comment       0x00000000       0x27 /opt/altera/13.0sp1/nios2eds/bin/gnu/H-i686-pc-linux-gnu/bin/../lib/gcc/nios2-elf/4.1.2/../../../../nios2-elf/lib/mno-hw-mul/libc.a(lib_a-fvwrite.o)
 .comment       0x00000000       0x27 /opt/altera/13.0sp1/nios2eds/bin/gnu/H-i686-pc-linux-gnu/bin/../lib/gcc/nios2-elf/4.1.2/../../../../nios2-elf/lib/mno-hw-mul/libc.a(lib_a-fwalk.o)
 .comment       0x00000000       0x27 /opt/altera/13.0sp1/nios2eds/bin/gnu/H-i686-pc-linux-gnu/bin/../lib/gcc/nios2-elf/4.1.2/../../../../nios2-elf/lib/mno-hw-mul/libc.a(lib_a-impure.o)
 .comment       0x00000000       0x27 /opt/altera/13.0sp1/nios2eds/bin/gnu/H-i686-pc-linux-gnu/bin/../lib/gcc/nios2-elf/4.1.2/../../../../nios2-elf/lib/mno-hw-mul/libc.a(lib_a-locale.o)
 .comment       0x00000000       0x27 /opt/altera/13.0sp1/nios2eds/bin/gnu/H-i686-pc-linux-gnu/bin/../lib/gcc/nios2-elf/4.1.2/../../../../nios2-elf/lib/mno-hw-mul/libc.a(lib_a-makebuf.o)
 .comment       0x00000000       0x27 /opt/altera/13.0sp1/nios2eds/bin/gnu/H-i686-pc-linux-gnu/bin/../lib/gcc/nios2-elf/4.1.2/../../../../nios2-elf/lib/mno-hw-mul/libc.a(lib_a-mallocr.o)
 .comment       0x00000000       0x27 /opt/altera/13.0sp1/nios2eds/bin/gnu/H-i686-pc-linux-gnu/bin/../lib/gcc/nios2-elf/4.1.2/../../../../nios2-elf/lib/mno-hw-mul/libc.a(lib_a-memchr.o)