Archive member included because of file (symbol)

/opt/altera/13.0sp1/nios2eds/bin/gnu/H-i686-pc-linux-gnu/bin/../lib/gcc/nios2-elf/4.1.2/mno-hw-mul/libgcc.a(lib2-divmod.o)
                              obj/default/src_4/cpu_4.o (__divsi3)
/opt/altera/13.0sp1/nios2eds/bin/gnu/H-i686-pc-linux-gnu/bin/../lib/gcc/nios2-elf/4.1.2/mno-hw-mul/libgcc.a(lib2-mul.o)
                              obj/default/src_4/cpu_4.o (__mulsi3)
/opt/altera/13.0sp1/nios2eds/bin/gnu/H-i686-pc-linux-gnu/bin/../lib/gcc/nios2-elf/4.1.2/../../../../nios2-elf/lib/mno-hw-mul/libsmallc.a(lib_a-memcpy.o)
                              obj/default/src_4/cpu_4.o (memcpy)
/opt/altera/13.0sp1/nios2eds/bin/gnu/H-i686-pc-linux-gnu/bin/../lib/gcc/nios2-elf/4.1.2/../../../../nios2-elf/lib/mno-hw-mul/libsmallc.a(lib_a-putchar.o)
                              obj/default/src_4/cpu_4.o (putchar)
/opt/altera/13.0sp1/nios2eds/bin/gnu/H-i686-pc-linux-gnu/bin/../lib/gcc/nios2-elf/4.1.2/../../../../nios2-elf/lib/mno-hw-mul/libsmallc.a(lib_a-puts.o)
                              obj/default/src_4/cpu_4.o (puts)
/opt/altera/13.0sp1/nios2eds/bin/gnu/H-i686-pc-linux-gnu/bin/../lib/gcc/nios2-elf/4.1.2/../../../../nios2-elf/lib/mno-hw-mul/libsmallc.a(lib_a-strlen.o)
                              /opt/altera/13.0sp1/nios2eds/bin/gnu/H-i686-pc-linux-gnu/bin/../lib/gcc/nios2-elf/4.1.2/../../../../nios2-elf/lib/mno-hw-mul/libsmallc.a(lib_a-puts.o) (strlen)
/opt/altera/13.0sp1/nios2eds/bin/gnu/H-i686-pc-linux-gnu/bin/../lib/gcc/nios2-elf/4.1.2/../../../../nios2-elf/lib/mno-hw-mul/libsmallc.a(lib_a-fvwrite_small_dev.o)
                              /opt/altera/13.0sp1/nios2eds/bin/gnu/H-i686-pc-linux-gnu/bin/../lib/gcc/nios2-elf/4.1.2/../../../../nios2-elf/lib/mno-hw-mul/libsmallc.a(lib_a-puts.o) (__sfvwrite_small_dev)
/opt/altera/13.0sp1/nios2eds/bin/gnu/H-i686-pc-linux-gnu/bin/../lib/gcc/nios2-elf/4.1.2/../../../../nios2-elf/lib/mno-hw-mul/libsmallc.a(lib_a-impure.o)
                              /opt/altera/13.0sp1/nios2eds/bin/gnu/H-i686-pc-linux-gnu/bin/../lib/gcc/nios2-elf/4.1.2/../../../../nios2-elf/lib/mno-hw-mul/libsmallc.a(lib_a-putchar.o) (_impure_ptr)
/opt/altera/13.0sp1/nios2eds/bin/gnu/H-i686-pc-linux-gnu/bin/../lib/gcc/nios2-elf/4.1.2/../../../../nios2-elf/lib/mno-hw-mul/libsmallc.a(lib_a-putc.o)
                              /opt/altera/13.0sp1/nios2eds/bin/gnu/H-i686-pc-linux-gnu/bin/../lib/gcc/nios2-elf/4.1.2/../../../../nios2-elf/lib/mno-hw-mul/libsmallc.a(lib_a-putchar.o) (_putc_r)
/opt/altera/13.0sp1/nios2eds/bin/gnu/H-i686-pc-linux-gnu/bin/../lib/gcc/nios2-elf/4.1.2/../../../../nios2-elf/lib/mno-hw-mul/libsmallc.a(lib_a-writer.o)
                              /opt/altera/13.0sp1/nios2eds/bin/gnu/H-i686-pc-linux-gnu/bin/../lib/gcc/nios2-elf/4.1.2/../../../../nios2-elf/lib/mno-hw-mul/libsmallc.a(lib_a-fvwrite_small_dev.o) (_write_r)
/opt/altera/13.0sp1/nios2eds/bin/gnu/H-i686-pc-linux-gnu/bin/../lib/gcc/nios2-elf/4.1.2/../../../../nios2-elf/lib/mno-hw-mul/libsmallc.a(lib_a-int_errno.o)
                              /opt/altera/13.0sp1/nios2eds/bin/gnu/H-i686-pc-linux-gnu/bin/../lib/gcc/nios2-elf/4.1.2/../../../../nios2-elf/lib/mno-hw-mul/libsmallc.a(lib_a-writer.o) (errno)
../../bsp/task6_4//libhal_bsp.a(alt_load.o)
                              ../../bsp/task6_4//obj/HAL/src/crt0.o (alt_load)
../../bsp/task6_4//libhal_bsp.a(alt_main.o)
                              ../../bsp/task6_4//obj/HAL/src/crt0.o (alt_main)
../../bsp/task6_4//libhal_bsp.a(alt_write.o)
                              /opt/altera/13.0sp1/nios2eds/bin/gnu/H-i686-pc-linux-gnu/bin/../lib/gcc/nios2-elf/4.1.2/../../../../nios2-elf/lib/mno-hw-mul/libsmallc.a(lib_a-writer.o) (write)
../../bsp/task6_4//libhal_bsp.a(alt_sys_init.o)
                              ../../bsp/task6_4//libhal_bsp.a(alt_main.o) (alt_sys_init)
../../bsp/task6_4//libhal_bsp.a(altera_avalon_jtag_uart_write.o)
                              ../../bsp/task6_4//libhal_bsp.a(alt_write.o) (altera_avalon_jtag_uart_write)
../../bsp/task6_4//libhal_bsp.a(altera_avalon_mutex.o)
                              ../../bsp/task6_4//libhal_bsp.a(alt_sys_init.o) (alt_mutex_list)
../../bsp/task6_4//libhal_bsp.a(alt_dcache_flush_all.o)
                              ../../bsp/task6_4//libhal_bsp.a(alt_load.o) (alt_dcache_flush_all)
../../bsp/task6_4//libhal_bsp.a(alt_dev_llist_insert.o)
                              ../../bsp/task6_4//libhal_bsp.a(alt_sys_init.o) (alt_dev_llist_insert)
../../bsp/task6_4//libhal_bsp.a(alt_errno.o)
                              ../../bsp/task6_4//libhal_bsp.a(alt_write.o) (alt_errno)
../../bsp/task6_4//libhal_bsp.a(alt_find_dev.o)
                              ../../bsp/task6_4//libhal_bsp.a(altera_avalon_mutex.o) (alt_find_dev)
../../bsp/task6_4//libhal_bsp.a(alt_icache_flush_all.o)
                              ../../bsp/task6_4//libhal_bsp.a(alt_load.o) (alt_icache_flush_all)
../../bsp/task6_4//libhal_bsp.a(altera_nios2_qsys_irq.o)
                              ../../bsp/task6_4//libhal_bsp.a(alt_sys_init.o) (altera_nios2_qsys_irq_init)
/opt/altera/13.0sp1/nios2eds/bin/gnu/H-i686-pc-linux-gnu/bin/../lib/gcc/nios2-elf/4.1.2/../../../../nios2-elf/lib/mno-hw-mul/libsmallc.a(lib_a-memcmp.o)
                              ../../bsp/task6_4//libhal_bsp.a(alt_find_dev.o) (memcmp)

Allocating common symbols
Common symbol       size              file

errno               0x4               /opt/altera/13.0sp1/nios2eds/bin/gnu/H-i686-pc-linux-gnu/bin/../lib/gcc/nios2-elf/4.1.2/../../../../nios2-elf/lib/mno-hw-mul/libsmallc.a(lib_a-int_errno.o)

Memory Configuration

Name             Origin             Length             Attributes
reset            0x00002000         0x00000020
onchip_4         0x00002020         0x00001fe0
shared_onchip    0x00102000         0x00002000
*default*        0x00000000         0xffffffff

Linker script and memory map

LOAD ../../bsp/task6_4//obj/HAL/src/crt0.o
                0x0000200c                exit = _exit
LOAD obj/default/src_4/cpu_4.o
LOAD /opt/altera/13.0sp1/nios2eds/bin/gnu/H-i686-pc-linux-gnu/bin/../lib/gcc/nios2-elf/4.1.2/../../../../nios2-elf/lib/mno-hw-mul/libstdc++.a
LOAD /opt/altera/13.0sp1/nios2eds/bin/gnu/H-i686-pc-linux-gnu/bin/../lib/gcc/nios2-elf/4.1.2/../../../../nios2-elf/lib/mno-hw-mul/libm.a
LOAD /opt/altera/13.0sp1/nios2eds/bin/gnu/H-i686-pc-linux-gnu/bin/../lib/gcc/nios2-elf/4.1.2/mno-hw-mul/libgcc.a
START GROUP
LOAD /opt/altera/13.0sp1/nios2eds/bin/gnu/H-i686-pc-linux-gnu/bin/../lib/gcc/nios2-elf/4.1.2/../../../../nios2-elf/lib/mno-hw-mul/libsmallc.a
LOAD /opt/altera/13.0sp1/nios2eds/bin/gnu/H-i686-pc-linux-gnu/bin/../lib/gcc/nios2-elf/4.1.2/mno-hw-mul/libgcc.a
LOAD ../../bsp/task6_4//libhal_bsp.a
END GROUP
LOAD /opt/altera/13.0sp1/nios2eds/bin/gnu/H-i686-pc-linux-gnu/bin/../lib/gcc/nios2-elf/4.1.2/mno-hw-mul/libgcc.a
                0x00002000                __alt_mem_onchip_4 = 0x2000
                0x00102000                __alt_mem_shared_onchip = 0x102000

.entry          0x00002000       0x20
 *(.entry)
 .entry         0x00002000       0x20 ../../bsp/task6_4//obj/HAL/src/crt0.o
                0x00002000                __reset
                0x0000200c                _exit

.exceptions     0x00002020        0x0
                0x00002020                PROVIDE (__ram_exceptions_start, ABSOLUTE (.))
                0x00002020                . = ALIGN (0x20)
 *(.irq)
 *(.exceptions.entry.label)
 *(.exceptions.entry.user)
 *(.exceptions.entry)
 *(.exceptions.irqtest.user)
 *(.exceptions.irqtest)
 *(.exceptions.irqhandler.user)
 *(.exceptions.irqhandler)
 *(.exceptions.irqreturn.user)
 *(.exceptions.irqreturn)
 *(.exceptions.notirq.label)
 *(.exceptions.notirq.user)
 *(.exceptions.notirq)
 *(.exceptions.soft.user)
 *(.exceptions.soft)
 *(.exceptions.unknown.user)
 *(.exceptions.unknown)
 *(.exceptions.exit.label)
 *(.exceptions.exit.user)
 *(.exceptions.exit)
 *(.exceptions)
                0x00002020                PROVIDE (__ram_exceptions_end, ABSOLUTE (.))
                0x00002020                PROVIDE (__flash_exceptions_start, LOADADDR (.exceptions))

.text           0x00002020      0xb20
                0x00002020                PROVIDE (stext, ABSOLUTE (.))
 *(.interp)
 *(.hash)
 *(.dynsym)
 *(.dynstr)
 *(.gnu.version)
 *(.gnu.version_d)
 *(.gnu.version_r)
 *(.rel.init)
 *(.rela.init)
 *(.rel.text .rel.text.* .rel.gnu.linkonce.t.*)
 *(.rela.text .rela.text.* .rela.gnu.linkonce.t.*)
 *(.rel.fini)
 *(.rela.fini)
 *(.rel.rodata .rel.rodata.* .rel.gnu.linkonce.r.*)
 *(.rela.rodata .rela.rodata.* .rela.gnu.linkonce.r.*)
 *(.rel.data .rel.data.* .rel.gnu.linkonce.d.*)
 *(.rela.data .rela.data.* .rela.gnu.linkonce.d.*)
 *(.rel.tdata .rel.tdata.* .rel.gnu.linkonce.td.*)
 *(.rela.tdata .rela.tdata.* .rela.gnu.linkonce.td.*)
 *(.rel.tbss .rel.tbss.* .rel.gnu.linkonce.tb.*)
 *(.rela.tbss .rela.tbss.* .rela.gnu.linkonce.tb.*)
 *(.rel.ctors)
 *(.rela.ctors)
 *(.rel.dtors)
 *(.rela.dtors)
 *(.rel.got)
 *(.rela.got)
 *(.rel.sdata .rel.sdata.* .rel.gnu.linkonce.s.*)
 *(.rela.sdata .rela.sdata.* .rela.gnu.linkonce.s.*)
 *(.rel.sbss .rel.sbss.* .rel.gnu.linkonce.sb.*)
 *(.rela.sbss .rela.sbss.* .rela.gnu.linkonce.sb.*)
 *(.rel.sdata2 .rel.sdata2.* .rel.gnu.linkonce.s2.*)
 *(.rela.sdata2 .rela.sdata2.* .rela.gnu.linkonce.s2.*)
 *(.rel.sbss2 .rel.sbss2.* .rel.gnu.linkonce.sb2.*)
 *(.rela.sbss2 .rela.sbss2.* .rela.gnu.linkonce.sb2.*)
 *(.rel.bss .rel.bss.* .rel.gnu.linkonce.b.*)
 *(.rela.bss .rela.bss.* .rela.gnu.linkonce.b.*)
 *(.rel.plt)
 *(.rela.plt)
 *(.rel.dyn)
 *(.init)
 *(.plt)
 *(.text .stub .text.* .gnu.linkonce.t.*)
 .text          0x00002020       0x3c ../../bsp/task6_4//obj/HAL/src/crt0.o
                0x00002020                _start
 .text          0x0000205c      0x210 obj/default/src_4/cpu_4.o
                0x0000205c                resize
                0x00002108                main
                0x00002168                printP3ToAscii
 .text          0x0000226c      0x14c /opt/altera/13.0sp1/nios2eds/bin/gnu/H-i686-pc-linux-gnu/bin/../lib/gcc/nios2-elf/4.1.2/mno-hw-mul/libgcc.a(lib2-divmod.o)
                0x000022e8                __divsi3
                0x00002348                __modsi3
                0x000023a8                __udivsi3
                0x000023b0                __umodsi3
 .text          0x000023b8       0x38 /opt/altera/13.0sp1/nios2eds/bin/gnu/H-i686-pc-linux-gnu/bin/../lib/gcc/nios2-elf/4.1.2/mno-hw-mul/libgcc.a(lib2-mul.o)
                0x000023b8                __mulsi3
 .text          0x000023f0       0x2c /opt/altera/13.0sp1/nios2eds/bin/gnu/H-i686-pc-linux-gnu/bin/../lib/gcc/nios2-elf/4.1.2/../../../../nios2-elf/lib/mno-hw-mul/libsmallc.a(lib_a-memcpy.o)
                0x000023f0                memcpy
 .text          0x0000241c       0x24 /opt/altera/13.0sp1/nios2eds/bin/gnu/H-i686-pc-linux-gnu/bin/../lib/gcc/nios2-elf/4.1.2/../../../../nios2-elf/lib/mno-hw-mul/libsmallc.a(lib_a-putchar.o)
                0x0000241c                putchar
                0x00002438                _putchar_r
 .text          0x00002440       0xa4 /opt/altera/13.0sp1/nios2eds/bin/gnu/H-i686-pc-linux-gnu/bin/../lib/gcc/nios2-elf/4.1.2/../../../../nios2-elf/lib/mno-hw-mul/libsmallc.a(lib_a-puts.o)
                0x00002440                _puts_r
                0x000024d0                puts
 .text          0x000024e4       0x20 /opt/altera/13.0sp1/nios2eds/bin/gnu/H-i686-pc-linux-gnu/bin/../lib/gcc/nios2-elf/4.1.2/../../../../nios2-elf/lib/mno-hw-mul/libsmallc.a(lib_a-strlen.o)
                0x000024e4                strlen
 .text          0x00002504       0xbc /opt/altera/13.0sp1/nios2eds/bin/gnu/H-i686-pc-linux-gnu/bin/../lib/gcc/nios2-elf/4.1.2/../../../../nios2-elf/lib/mno-hw-mul/libsmallc.a(lib_a-fvwrite_small_dev.o)
                0x00002504                __sfvwrite_small_dev
 .text          0x000025c0        0x0 /opt/altera/13.0sp1/nios2eds/bin/gnu/H-i686-pc-linux-gnu/bin/../lib/gcc/nios2-elf/4.1.2/../../../../nios2-elf/lib/mno-hw-mul/libsmallc.a(lib_a-impure.o)
 .text          0x000025c0       0xe4 /opt/altera/13.0sp1/nios2eds/bin/gnu/H-i686-pc-linux-gnu/bin/../lib/gcc/nios2-elf/4.1.2/../../../../nios2-elf/lib/mno-hw-mul/libsmallc.a(lib_a-putc.o)
                0x000025c0                putc
                0x00002630                _putc_r
 .text          0x000026a4       0x78 /opt/altera/13.0sp1/nios2eds/bin/gnu/H-i686-pc-linux-gnu/bin/../lib/gcc/nios2-elf/4.1.2/../../../../nios2-elf/lib/mno-hw-mul/libsmallc.a(lib_a-writer.o)
                0x000026a4                _write_r
 .text          0x0000271c        0x0 /opt/altera/13.0sp1/nios2eds/bin/gnu/H-i686-pc-linux-gnu/bin/../lib/gcc/nios2-elf/4.1.2/../../../../nios2-elf/lib/mno-hw-mul/libsmallc.a(lib_a-int_errno.o)
 .text          0x0000271c       0x8c ../../bsp/task6_4//libhal_bsp.a(alt_load.o)
                0x0000273c                alt_load
 .text          0x000027a8       0x2c ../../bsp/task6_4//libhal_bsp.a(alt_main.o)
                0x000027a8                alt_main
 .text          0x000027d4       0x78 ../../bsp/task6_4//libhal_bsp.a(alt_write.o)
                0x000027d4                write
 .text          0x0000284c       0x78 ../../bsp/task6_4//libhal_bsp.a(alt_sys_init.o)
                0x00002858                alt_sys_init
                0x000028a4                alt_irq_init
 .text          0x000028c4       0x34 ../../bsp/task6_4//libhal_bsp.a(altera_avalon_jtag_uart_write.o)
                0x000028c4                altera_avalon_jtag_uart_write
 .text          0x000028f8      0x11c ../../bsp/task6_4//libhal_bsp.a(altera_avalon_mutex.o)
                0x000028f8                altera_avalon_mutex_close
                0x000028fc                altera_avalon_mutex_first_lock
                0x0000290c                altera_avalon_mutex_is_mine
                0x00002934                altera_avalon_mutex_unlock
                0x0000297c                altera_avalon_mutex_open
                0x000029d4                altera_avalon_mutex_lock
                0x00002a10                altera_avalon_mutex_trylock
 .text          0x00002a14        0x4 ../../bsp/task6_4//libhal_bsp.a(alt_dcache_flush_all.o)
                0x00002a14                alt_dcache_flush_all
 .text          0x00002a18       0x70 ../../bsp/task6_4//libhal_bsp.a(alt_dev_llist_insert.o)
                0x00002a18                alt_dev_llist_insert
 .text          0x00002a88        0x0 ../../bsp/task6_4//libhal_bsp.a(alt_errno.o)
 .text          0x00002a88       0x70 ../../bsp/task6_4//libhal_bsp.a(alt_find_dev.o)
                0x00002a88                alt_find_dev
 .text          0x00002af8        0x4 ../../bsp/task6_4//libhal_bsp.a(alt_icache_flush_all.o)
                0x00002af8                alt_icache_flush_all
 .text          0x00002afc        0x8 ../../bsp/task6_4//libhal_bsp.a(altera_nios2_qsys_irq.o)
                0x00002afc                altera_nios2_qsys_irq_init
 .text          0x00002b04       0x3c /opt/altera/13.0sp1/nios2eds/bin/gnu/H-i686-pc-linux-gnu/bin/../lib/gcc/nios2-elf/4.1.2/../../../../nios2-elf/lib/mno-hw-mul/libsmallc.a(lib_a-memcmp.o)
                0x00002b04                memcmp
 *(.gnu.warning.*)
 *(.fini)
                0x00002b40                PROVIDE (__etext, ABSOLUTE (.))
                0x00002b40                PROVIDE (_etext, ABSOLUTE (.))
                0x00002b40                PROVIDE (etext, ABSOLUTE (.))
 *(.eh_frame_hdr)
                0x00002b40                . = ALIGN (0x4)
                0x00002b40                PROVIDE (__preinit_array_start, ABSOLUTE (.))
 *(.preinit_array)
                0x00002b40                PROVIDE (__preinit_array_end, ABSOLUTE (.))
                0x00002b40                PROVIDE (__init_array_start, ABSOLUTE (.))
 *(.init_array)
                0x00002b40                PROVIDE (__init_array_end, ABSOLUTE (.))
                0x00002b40                PROVIDE (__fini_array_start, ABSOLUTE (.))
 *(.fini_array)
                0x00002b40                PROVIDE (__fini_array_end, ABSOLUTE (.))
 *(.eh_frame)
 *(.gcc_except_table)
 *(.dynamic)
                0x00002b40                PROVIDE (__CTOR_LIST__, ABSOLUTE (.))
 *(.ctors)
 *(SORT(.ctors.*))
                0x00002b40                PROVIDE (__CTOR_END__, ABSOLUTE (.))
                0x00002b40                PROVIDE (__DTOR_LIST__, ABSOLUTE (.))
 *(.dtors)
 *(SORT(.dtors.*))
                0x00002b40                PROVIDE (__DTOR_END__, ABSOLUTE (.))
 *(.jcr)
                0x00002b40                . = ALIGN (0x4)

.rodata         0x00002b40       0x70
                0x00002b40                PROVIDE (__ram_rodata_start, ABSOLUTE (.))
                0x00002b40                . = ALIGN (0x4)
 *(.rodata .rodata.* .gnu.linkonce.r.*)
 .rodata.str1.4
                0x00002b40        0xc obj/default/src_4/cpu_4.o
 .rodata        0x00002b4c       0x10 obj/default/src_4/cpu_4.o
 .rodata.str1.4
                0x00002b5c        0x2 /opt/altera/13.0sp1/nios2eds/bin/gnu/H-i686-pc-linux-gnu/bin/../lib/gcc/nios2-elf/4.1.2/../../../../nios2-elf/lib/mno-hw-mul/libsmallc.a(lib_a-puts.o)
                                  0x4 (size before relaxing)
 *fill*         0x00002b5e        0x2 00
 .rodata.str1.4
                0x00002b60       0x50 ../../bsp/task6_4//libhal_bsp.a(alt_sys_init.o)
 *(.rodata1)
                0x00002bb0                . = ALIGN (0x4)
                0x00002bb0                PROVIDE (__ram_rodata_end, ABSOLUTE (.))
                0x00002b40                PROVIDE (__flash_rodata_start, LOADADDR (.rodata))

.rwdata         0x00002bb0      0x148 load address 0x00002cf8
                0x00002bb0                PROVIDE (__ram_rwdata_start, ABSOLUTE (.))
                0x00002bb0                . = ALIGN (0x4)
 *(.got.plt)
 *(.got)
 *(.data1)
 *(.data .data.* .gnu.linkonce.d.*)
 .data          0x00002bb0        0x0 ../../bsp/task6_4//obj/HAL/src/crt0.o
 .data          0x00002bb0        0x0 obj/default/src_4/cpu_4.o
 .data          0x00002bb0        0x0 /opt/altera/13.0sp1/nios2eds/bin/gnu/H-i686-pc-linux-gnu/bin/../lib/gcc/nios2-elf/4.1.2/mno-hw-mul/libgcc.a(lib2-divmod.o)
 .data          0x00002bb0        0x0 /opt/altera/13.0sp1/nios2eds/bin/gnu/H-i686-pc-linux-gnu/bin/../lib/gcc/nios2-elf/4.1.2/mno-hw-mul/libgcc.a(lib2-mul.o)
 .data          0x00002bb0        0x0 /opt/altera/13.0sp1/nios2eds/bin/gnu/H-i686-pc-linux-gnu/bin/../lib/gcc/nios2-elf/4.1.2/../../../../nios2-elf/lib/mno-hw-mul/libsmallc.a(lib_a-memcpy.o)
 .data          0x00002bb0        0x0 /opt/altera/13.0sp1/nios2eds/bin/gnu/H-i686-pc-linux-gnu/bin/../lib/gcc/nios2-elf/4.1.2/../../../../nios2-elf/lib/mno-hw-mul/libsmallc.a(lib_a-putchar.o)
 .data          0x00002bb0        0x0 /opt/altera/13.0sp1/nios2eds/bin/gnu/H-i686-pc-linux-gnu/bin/../lib/gcc/nios2-elf/4.1.2/../../../../nios2-elf/lib/mno-hw-mul/libsmallc.a(lib_a-puts.o)
 .data          0x00002bb0        0x0 /opt/altera/13.0sp1/nios2eds/bin/gnu/H-i686-pc-linux-gnu/bin/../lib/gcc/nios2-elf/4.1.2/../../../../nios2-elf/lib/mno-hw-mul/libsmallc.a(lib_a-strlen.o)
 .data          0x00002bb0        0x0 /opt/altera/13.0sp1/nios2eds/bin/gnu/H-i686-pc-linux-gnu/bin/../lib/gcc/nios2-elf/4.1.2/../../../../nios2-elf/lib/mno-hw-mul/libsmallc.a(lib_a-fvwrite_small_dev.o)
 .data          0x00002bb0       0xe0 /opt/altera/13.0sp1/nios2eds/bin/gnu/H-i686-pc-linux-gnu/bin/../lib/gcc/nios2-elf/4.1.2/../../../../nios2-elf/lib/mno-hw-mul/libsmallc.a(lib_a-impure.o)
 .data          0x00002c90        0x0 /opt/altera/13.0sp1/nios2eds/bin/gnu/H-i686-pc-linux-gnu/bin/../lib/gcc/nios2-elf/4.1.2/../../../../nios2-elf/lib/mno-hw-mul/libsmallc.a(lib_a-putc.o)
 .data          0x00002c90        0x0 /opt/altera/13.0sp1/nios2eds/bin/gnu/H-i686-pc-linux-gnu/bin/../lib/gcc/nios2-elf/4.1.2/../../../../nios2-elf/lib/mno-hw-mul/libsmallc.a(lib_a-writer.o)
 .data          0x00002c90        0x0 /opt/altera/13.0sp1/nios2eds/bin/gnu/H-i686-pc-linux-gnu/bin/../lib/gcc/nios2-elf/4.1.2/../../../../nios2-elf/lib/mno-hw-mul/libsmallc.a(lib_a-int_errno.o)
 .data          0x00002c90        0x0 ../../bsp/task6_4//libhal_bsp.a(alt_load.o)
 .data          0x00002c90        0x0 ../../bsp/task6_4//libhal_bsp.a(alt_main.o)
 .data          0x00002c90        0x0 ../../bsp/task6_4//libhal_bsp.a(alt_write.o)
 .data          0x00002c90       0x50 ../../bsp/task6_4//libhal_bsp.a(alt_sys_init.o)
 .data          0x00002ce0        0x0 ../../bsp/task6_4//libhal_bsp.a(altera_avalon_jtag_uart_write.o)
 .data          0x00002ce0        0x0 ../../bsp/task6_4//libhal_bsp.a(altera_avalon_mutex.o)
 .data          0x00002ce0        0x0 ../../bsp/task6_4//libhal_bsp.a(alt_dcache_flush_all.o)
 .data          0x00002ce0        0x0 ../../bsp/task6_4//libhal_bsp.a(alt_dev_llist_insert.o)
 .data          0x00002ce0        0x0 ../../bsp/task6_4//libhal_bsp.a(alt_errno.o)
 .data          0x00002ce0        0x0 ../../bsp/task6_4//libhal_bsp.a(alt_find_dev.o)
 .data          0x00002ce0        0x0 ../../bsp/task6_4//libhal_bsp.a(alt_icache_flush_all.o)
 .data          0x00002ce0        0x0 ../../bsp/task6_4//libhal_bsp.a(altera_nios2_qsys_irq.o)
 .data          0x00002ce0        0x0 /opt/altera/13.0sp1/nios2eds/bin/gnu/H-i686-pc-linux-gnu/bin/../lib/gcc/nios2-elf/4.1.2/../../../../nios2-elf/lib/mno-hw-mul/libsmallc.a(lib_a-memcmp.o)
                0x0000ace0                _gp = ABSOLUTE ((. + 0x8000))
                0x0000ace0                PROVIDE (gp, _gp)
 *(.rwdata .rwdata.*)
 *(.sdata .sdata.* .gnu.linkonce.s.*)
 .sdata         0x00002ce0        0x8 /opt/altera/13.0sp1/nios2eds/bin/gnu/H-i686-pc-linux-gnu/bin/../lib/gcc/nios2-elf/4.1.2/../../../../nios2-elf/lib/mno-hw-mul/libsmallc.a(lib_a-impure.o)
                0x00002ce0                _impure_ptr
                0x00002ce4                _global_impure_ptr
 .sdata         0x00002ce8        0x4 ../../bsp/task6_4//libhal_bsp.a(alt_sys_init.o)
                0x00002ce8                jtag_uart_4
 .sdata         0x00002cec        0x8 ../../bsp/task6_4//libhal_bsp.a(altera_avalon_mutex.o)
                0x00002cec                alt_mutex_list
 .sdata         0x00002cf4        0x4 ../../bsp/task6_4//libhal_bsp.a(alt_errno.o)
                0x00002cf4                alt_errno
 *(.sdata2 .sdata2.* .gnu.linkonce.s2.*)
                0x00002cf8                . = ALIGN (0x4)
                0x00002cf8                _edata = ABSOLUTE (.)
                0x00002cf8                PROVIDE (edata, ABSOLUTE (.))
                0x00002cf8                PROVIDE (__ram_rwdata_end, ABSOLUTE (.))
                0x00002cf8                PROVIDE (__flash_rwdata_start, LOADADDR (.rwdata))

.bss            0x00002e40       0x10
                0x00002e40                __bss_start = ABSOLUTE (.)
                0x00002e40                PROVIDE (__sbss_start, ABSOLUTE (.))
                0x00002e40                PROVIDE (___sbss_start, ABSOLUTE (.))
 *(.dynsbss)
 *(.sbss .sbss.* .gnu.linkonce.sb.*)
 .sbss          0x00002e40        0x4 /opt/altera/13.0sp1/nios2eds/bin/gnu/H-i686-pc-linux-gnu/bin/../lib/gcc/nios2-elf/4.1.2/../../../../nios2-elf/lib/mno-hw-mul/libsmallc.a(lib_a-int_errno.o)
                0x00002e40                errno
 .sbss          0x00002e44        0xc ../../bsp/task6_4//libhal_bsp.a(alt_main.o)
                0x00002e44                alt_argc
                0x00002e48                alt_argv
                0x00002e4c                alt_envp
 *(.sbss2 .sbss2.* .gnu.linkonce.sb2.*)
 *(.scommon)
                0x00002e50                PROVIDE (__sbss_end, ABSOLUTE (.))
                0x00002e50                PROVIDE (___sbss_end, ABSOLUTE (.))
 *(.dynbss)
 *(.bss .bss.* .gnu.linkonce.b.*)
 .bss           0x00002e50        0x0 ../../bsp/task6_4//obj/HAL/src/crt0.o
 .bss           0x00002e50        0x0 obj/default/src_4/cpu_4.o
 .bss           0x00002e50        0x0 /opt/altera/13.0sp1/nios2eds/bin/gnu/H-i686-pc-linux-gnu/bin/../lib/gcc/nios2-elf/4.1.2/mno-hw-mul/libgcc.a(lib2-divmod.o)
 .bss           0x00002e50        0x0 /opt/altera/13.0sp1/nios2eds/bin/gnu/H-i686-pc-linux-gnu/bin/../lib/gcc/nios2-elf/4.1.2/mno-hw-mul/libgcc.a(lib2-mul.o)
 .bss           0x00002e50        0x0 /opt/altera/13.0sp1/nios2eds/bin/gnu/H-i686-pc-linux-gnu/bin/../lib/gcc/nios2-elf/4.1.2/../../../../nios2-elf/lib/mno-hw-mul/libsmallc.a(lib_a-memcpy.o)
 .bss           0x00002e50        0x0 /opt/altera/13.0sp1/nios2eds/bin/gnu/H-i686-pc-linux-gnu/bin/../lib/gcc/nios2-elf/4.1.2/../../../../nios2-elf/lib/mno-hw-mul/libsmallc.a(lib_a-putchar.o)
 .bss           0x00002e50        0x0 /opt/altera/13.0sp1/nios2eds/bin/gnu/H-i686-pc-linux-gnu/bin/../lib/gcc/nios2-elf/4.1.2/../../../../nios2-elf/lib/mno-hw-mul/libsmallc.a(lib_a-puts.o)
 .bss           0x00002e50        0x0 /opt/altera/13.0sp1/nios2eds/bin/gnu/H-i686-pc-linux-gnu/bin/../lib/gcc/nios2-elf/4.1.2/../../../../nios2-elf/lib/mno-hw-mul/libsmallc.a(lib_a-strlen.o)
 .bss           0x00002e50        0x0 /opt/altera/13.0sp1/nios2eds/bin/gnu/H-i686-pc-linux-gnu/bin/../lib/gcc/nios2-elf/4.1.2/../../../../nios2-elf/lib/mno-hw-mul/libsmallc.a(lib_a-fvwrite_small_dev.o)
 .bss           0x00002e50        0x0 /opt/altera/13.0sp1/nios2eds/bin/gnu/H-i686-pc-linux-gnu/bin/../lib/gcc/nios2-elf/4.1.2/../../../../nios2-elf/lib/mno-hw-mul/libsmallc.a(lib_a-impure.o)
 .bss           0x00002e50        0x0 /opt/altera/13.0sp1/nios2eds/bin/gnu/H-i686-pc-linux-gnu/bin/../lib/gcc/nios2-elf/4.1.2/../../../../nios2-elf/lib/mno-hw-mul/libsmallc.a(lib_a-putc.o)
 .bss           0x00002e50        0x0 /opt/altera/13.0sp1/nios2eds/bin/gnu/H-i686-pc-linux-gnu/bin/../lib/gcc/nios2-elf/4.1.2/../../../../nios2-elf/lib/mno-hw-mul/libsmallc.a(lib_a-writer.o)
 .bss           0x00002e50        0x0 /opt/altera/13.0sp1/nios2eds/bin/gnu/H-i686-pc-linux-gnu/bin/../lib/gcc/nios2-elf/4.1.2/../../../../nios2-elf/lib/mno-hw-mul/libsmallc.a(lib_a-int_errno.o)
 .bss           0x00002e50        0x0 ../../bsp/task6_4//libhal_bsp.a(alt_load.o)
 .bss           0x00002e50        0x0 ../../bsp/task6_4//libhal_bsp.a(alt_main.o)
 .bss           0x00002e50        0x0 ../../bsp/task6_4//libhal_bsp.a(alt_write.o)
 .bss           0x00002e50        0x0 ../../bsp/task6_4//libhal_bsp.a(alt_sys_init.o)
 .bss           0x00002e50        0x0 ../../bsp/task6_4//libhal_bsp.a(altera_avalon_jtag_uart_write.o)
 .bss           0x00002e50        0x0 ../../bsp/task6_4//libhal_bsp.a(altera_avalon_mutex.o)
 .bss           0x00002e50        0x0 ../../bsp/task6_4//libhal_bsp.a(alt_dcache_flush_all.o)
 .bss           0x00002e50        0x0 ../../bsp/task6_4//libhal_bsp.a(alt_dev_llist_insert.o)
 .bss           0x00002e50        0x0 ../../bsp/task6_4//libhal_bsp.a(alt_errno.o)
 .bss           0x00002e50        0x0 ../../bsp/task6_4//libhal_bsp.a(alt_find_dev.o)
 .bss           0x00002e50        0x0 ../../bsp/task6_4//libhal_bsp.a(alt_icache_flush_all.o)
 .bss           0x00002e50        0x0 ../../bsp/task6_4//libhal_bsp.a(altera_nios2_qsys_irq.o)
 .bss           0x00002e50        0x0 /opt/altera/13.0sp1/nios2eds/bin/gnu/H-i686-pc-linux-gnu/bin/../lib/gcc/nios2-elf/4.1.2/../../../../nios2-elf/lib/mno-hw-mul/libsmallc.a(lib_a-memcmp.o)
 *(COMMON)
                0x00002e50                . = ALIGN (0x4)
                0x00002e50                __bss_end = ABSOLUTE (.)

.onchip_4       0x00002e50        0x0
                0x00002e50                PROVIDE (_alt_partition_onchip_4_start, ABSOLUTE (.))
 *(.onchip_4. onchip_4.*)
                0x00002e50                . = ALIGN (0x4)
                0x00002e50                PROVIDE (_alt_partition_onchip_4_end, ABSOLUTE (.))
                0x00002e50                _end = ABSOLUTE (.)
                0x00002e50                end = ABSOLUTE (.)
                0x00002e50                __alt_stack_base = ABSOLUTE (.)
                0x00002e50                PROVIDE (_alt_partition_onchip_4_load_addr, LOADADDR (.onchip_4))

.shared_onchip  0x00102000        0x0 load address 0x00002e50
                0x00102000                PROVIDE (_alt_partition_shared_onchip_start, ABSOLUTE (.))
 *(.shared_onchip. shared_onchip.*)
                0x00102000                . = ALIGN (0x4)
                0x00102000                PROVIDE (_alt_partition_shared_onchip_end, ABSOLUTE (.))
                0x00002e50                PROVIDE (_alt_partition_shared_onchip_load_addr, LOADADDR (.shared_onchip))

.stab
 *(.stab)

.stabstr
 *(.stabstr)

.stab.excl
 *(.stab.excl)

.stab.exclstr
 *(.stab.exclstr)

.stab.index
 *(.stab.index)

.stab.indexstr
 *(.stab.indexstr)

.comment        0x00000000       0x26
 *(.comment)
 .comment       0x00000000       0x26 obj/default/src_4/cpu_4.o
                                 0x27 (size before relaxing)
 .comment       0x00000000       0x27 /opt/altera/13.0sp1/nios2eds/bin/gnu/H-i686-pc-linux-gnu/bin/../lib/gcc/nios2-elf/4.1.2/mno-hw-mul/libgcc.a(lib2-divmod.o)
 .comment       0x00000000       0x27 /opt/altera/13.0sp1/nios2eds/bin/gnu/H-i686-pc-linux-gnu/bin/../lib/gcc/nios2-elf/4.1.2/mno-hw-mul/libgcc.a(lib2-mul.o)
 .comment       0x00000000       0x27 /opt/altera/13.0sp1/nios2eds/bin/gnu/H-i686-pc-linux-gnu/bin/../lib/gcc/nios2-elf/4.1.2/../../../../nios2-elf/lib/mno-hw-mul/libsmallc.a(lib_a-memcpy.o)
 .comment       0x00000000       0x27 /opt/altera/13.0sp1/nios2eds/bin/gnu/H-i686-pc-linux-gnu/bin/../lib/gcc/nios2-elf/4.1.2/../../../../nios2-elf/lib/mno-hw-mul/libsmallc.a(lib_a-putchar.o)
 .comment       0x00000000       0x27 /opt/altera/13.0sp1/nios2eds/bin/gnu/H-i686-pc-linux-gnu/bin/../lib/gcc/nios2-elf/4.1.2/../../../../nios2-elf/lib/mno-hw-mul/libsmallc.a(lib_a-puts.o)
 .comment       0x00000000       0x27 /opt/altera/13.0sp1/nios2eds/bin/gnu/H-i686-pc-linux-gnu/bin/../lib/gcc/nios2-elf/4.1.2/../../../../nios2-elf/lib/mno-hw-mul/libsmallc.a(lib_a-strlen.o)
 .comment       0x00000000       0x27 /opt/altera/13.0sp1/nios2eds/bin/gnu/H-i686-pc-linux-gnu/bin/../lib/gcc/nios2-elf/4.1.2/../../../../nios2-elf/lib/mno-hw-mul/libsmallc.a(lib_a-fvwrite_small_dev.o)
 .comment       0x00000000       0x27 /opt/altera/13.0sp1/nios2eds/bin/gnu/H-i686-pc-linux-gnu/bin/../lib/gcc/nios2-elf/4.1.2/../../../../nios2-elf/lib/mno-hw-mul/libsmallc.a(lib_a-impure.o)
 .comment       0x00000000       0x27 /opt/altera/13.0sp1/nios2eds/bin/gnu/H-i686-pc-linux-gnu/bin/../lib/gcc/nios2-elf/4.1.2/../../../../nios2-elf/lib/mno-hw-mul/libsmallc.a(lib_a-putc.o)
 .comment       0x00000000       0x27 /opt/altera/13.0sp1/nios2eds/bin/gnu/H-i686-pc-linux-gnu/bin/../lib/gcc/nios2-elf/4.1.2/../../../../nios2-elf/lib/mno-hw-mul/libsmallc.a(lib_a-writer.o)
 .comment       0x00000000       0x27 /opt/altera/13.0sp1/nios2eds/bin/gnu/H-i686-pc-linux-gnu/bin/../lib/gcc/nios2-elf/4.1.2/../../../../nios2-elf/lib/mno-hw-mul/libsmallc.a(lib_a-int_errno.o)
 .comment       0x00000000       0x27 ../../bsp/task6_4//libhal_bsp.a(alt_load.o)
 .comment       0x00000000       0x27 ../../bsp/task6_4//libhal_bsp.a(alt_main.o)
 .comment       0x00000000       0x27 ../../bsp/task6_4//libhal_bsp.a(alt_write.o)
 .comment       0x00000000       0x27 ../../bsp/task6_4//libhal_bsp.a(alt_sys_init.o)
 .comment       0x00000000       0x27 ../../bsp/task6_4//libhal_bsp.a(altera_avalon_jtag_uart_write.o)
 .comment       0x00000000       0x27 ../../bsp/task6_4//libhal_bsp.a(altera_avalon_mutex.o)
 .comment       0x00000000       0x27 ../../bsp/task6_4//libhal_bsp.a(alt_dcache_flush_all.o)
 .comment       0x00000000       0x27 ../../bsp/task6_4//libhal_bsp.a(alt_dev_llist_insert.o)
 .comment       0x00000000       0x27 ../../bsp/task6_4//libhal_bsp.a(alt_errno.o)
 .comment       0x00000000       0x27 ../../bsp/task6_4//libhal_bsp.a(alt_find_dev.o)
 .comment       0x00000000       0x27 ../../bsp/task6_4//libhal_bsp.a(alt_icache_flush_all.o)
 .comment       0x00000000       0x27 ../../bsp/task6_4//libhal_bsp.a(altera_nios2_qsys_irq.o)
 .comment       0x00000000       0x27 /opt/altera/13.0sp1/nios2eds/bin/gnu/H-i686-pc-linux-gnu/bin/../lib/gcc/nios2-elf/4.1.2/../../../../nios2-elf/lib/mno-hw-mul/libsmallc.a(lib_a-memcmp.o)

.debug
 *(.debug)

.line
 *(.line)

.debug_srcinfo
 *(.debug_srcinfo)

.debug_sfnames
 *(.debug_sfnames)

.debug_aranges  0x00000000      0x2e8
 *(.debug_aranges)
 .debug_aranges
                0x00000000       0x28 ../../bsp/task6_4//obj/HAL/src/crt0.o
 .debug_aranges
                0x00000028       0x20 obj/default/src_4/cpu_4.o
 .debug_aranges
                0x00000048       0x20 /opt/altera/13.0sp1/nios2eds/bin/gnu/H-i686-pc-linux-gnu/bin/../lib/gcc/nios2-elf/4.1.2/mno-hw-mul/libgcc.a(lib2-divmod.o)
 .debug_aranges
                0x00000068       0x20 /opt/altera/13.0sp1/nios2eds/bin/gnu/H-i686-pc-linux-gnu/bin/../lib/gcc/nios2-elf/4.1.2/mno-hw-mul/libgcc.a(lib2-mul.o)
 .debug_aranges
                0x00000088       0x20 /opt/altera/13.0sp1/nios2eds/bin/gnu/H-i686-pc-linux-gnu/bin/../lib/gcc/nios2-elf/4.1.2/../../../../nios2-elf/lib/mno-hw-mul/libsmallc.a(lib_a-memcpy.o)
 .debug_aranges
                0x000000a8       0x20 /opt/altera/13.0sp1/nios2eds/bin/gnu/H-i686-pc-linux-gnu/bin/../lib/gcc/nios2-elf/4.1.2/../../../../nios2-elf/lib/mno-hw-mul/libsmallc.a(lib_a-putchar.o)
 .debug_aranges
                0x000000c8       0x20 /opt/altera/13.0sp1/nios2eds/bin/gnu/H-i686-pc-linux-gnu/bin/../lib/gcc/nios2-elf/4.1.2/../../../../nios2-elf/lib/mno-hw-mul/libsmallc.a(lib_a-puts.o)
 .debug_aranges
                0x000000e8       0x20 /opt/altera/13.0sp1/nios2eds/bin/gnu/H-i686-pc-linux-gnu/bin/../lib/gcc/nios2-elf/4.1.2/../../../../nios2-elf/lib/mno-hw-mul/libsmallc.a(lib_a-strlen.o)
 .debug_aranges
                0x00000108       0x20 /opt/altera/13.0sp1/nios2eds/bin/gnu/H-i686-pc-linux-gnu/bin/../lib/gcc/nios2-elf/4.1.2/../../../../nios2-elf/lib/mno-hw-mul/libsmallc.a(lib_a-fvwrite_small_dev.o)
 .debug_aranges
                0x00000128       0x20 /opt/altera/13.0sp1/nios2eds/bin/gnu/H-i686-pc-linux-gnu/bin/../lib/gcc/nios2-elf/4.1.2/../../../../nios2-elf/lib/mno-hw-mul/libsmallc.a(lib_a-putc.o)
 .debug_aranges
                0x00000148       0x20 /opt/altera/13.0sp1/nios2eds/bin/gnu/H-i686-pc-linux-gnu/bin/../lib/gcc/nios2-elf/4.1.2/../../../../nios2-elf/lib/mno-hw-mul/libsmallc.a(lib_a-writer.o)
 .debug_aranges
                0x00000168       0x20 ../../bsp/task6_4//libhal_bsp.a(alt_load.o)
 .debug_aranges
                0x00000188       0x20 ../../bsp/task6_4//libhal_bsp.a(alt_main.o)
 .debug_aranges
                0x000001a8       0x20 ../../bsp/task6_4//libhal_bsp.a(alt_write.o)
 .debug_aranges
                0x000001c8       0x20 ../../bsp/task6_4//libhal_bsp.a(alt_sys_init.o)
 .debug_aranges
                0x000001e8       0x20 ../../bsp/task6_4//libhal_bsp.a(altera_avalon_jtag_uart_write.o)
 .debug_aranges
                0x00000208       0x20 ../../bsp/task6_4//libhal_bsp.a(altera_avalon_mutex.o)
 .debug_aranges
                0x00000228       0x20 ../../bsp/task6_4//libhal_bsp.a(alt_dcache_flush_all.o)
 .debug_aranges
                0x00000248       0x20 ../../bsp/task6_4//libhal_bsp.a(alt_dev_llist_insert.o)
 .debug_aranges
                0x00000268       0x20 ../../bsp/task6_4//libhal_bsp.a(alt_find_dev.o)
 .debug_aranges
                0x00000288       0x20 ../../bsp/task6_4//libhal_bsp.a(alt_icache_flush_all.o)
 .debug_aranges
                0x000002a8       0x20 ../../bsp/task6_4//libhal_bsp.a(altera_nios2_qsys_irq.o)
 .debug_aranges
                0x000002c8       0x20 /opt/altera/13.0sp1/nios2eds/bin/gnu/H-i686-pc-linux-gnu/bin/../lib/gcc/nios2-elf/4.1.2/../../../../nios2-elf/lib/mno-hw-mul/libsmallc.a(lib_a-memcmp.o)

.debug_pubnames
                0x00000000      0x4fe
 *(.debug_pubnames)
 .debug_pubnames
                0x00000000       0x39 obj/default/src_4/cpu_4.o
 .debug_pubnames
                0x00000039       0x48 /opt/altera/13.0sp1/nios2eds/bin/gnu/H-i686-pc-linux-gnu/bin/../lib/gcc/nios2-elf/4.1.2/mno-hw-mul/libgcc.a(lib2-divmod.o)
 .debug_pubnames
                0x00000081       0x1f /opt/altera/13.0sp1/nios2eds/bin/gnu/H-i686-pc-linux-gnu/bin/../lib/gcc/nios2-elf/4.1.2/mno-hw-mul/libgcc.a(lib2-mul.o)
 .debug_pubnames
                0x000000a0       0x1d /opt/altera/13.0sp1/nios2eds/bin/gnu/H-i686-pc-linux-gnu/bin/../lib/gcc/nios2-elf/4.1.2/../../../../nios2-elf/lib/mno-hw-mul/libsmallc.a(lib_a-memcpy.o)
 .debug_pubnames
                0x000000bd       0x2d /opt/altera/13.0sp1/nios2eds/bin/gnu/H-i686-pc-linux-gnu/bin/../lib/gcc/nios2-elf/4.1.2/../../../../nios2-elf/lib/mno-hw-mul/libsmallc.a(lib_a-putchar.o)
 .debug_pubnames
                0x000000ea       0x27 /opt/altera/13.0sp1/nios2eds/bin/gnu/H-i686-pc-linux-gnu/bin/../lib/gcc/nios2-elf/4.1.2/../../../../nios2-elf/lib/mno-hw-mul/libsmallc.a(lib_a-puts.o)
 .debug_pubnames
                0x00000111       0x1d /opt/altera/13.0sp1/nios2eds/bin/gnu/H-i686-pc-linux-gnu/bin/../lib/gcc/nios2-elf/4.1.2/../../../../nios2-elf/lib/mno-hw-mul/libsmallc.a(lib_a-strlen.o)
 .debug_pubnames
                0x0000012e       0x2b /opt/altera/13.0sp1/nios2eds/bin/gnu/H-i686-pc-linux-gnu/bin/../lib/gcc/nios2-elf/4.1.2/../../../../nios2-elf/lib/mno-hw-mul/libsmallc.a(lib_a-fvwrite_small_dev.o)
 .debug_pubnames
                0x00000159       0x39 /opt/altera/13.0sp1/nios2eds/bin/gnu/H-i686-pc-linux-gnu/bin/../lib/gcc/nios2-elf/4.1.2/../../../../nios2-elf/lib/mno-hw-mul/libsmallc.a(lib_a-impure.o)
 .debug_pubnames
                0x00000192       0x27 /opt/altera/13.0sp1/nios2eds/bin/gnu/H-i686-pc-linux-gnu/bin/../lib/gcc/nios2-elf/4.1.2/../../../../nios2-elf/lib/mno-hw-mul/libsmallc.a(lib_a-putc.o)
 .debug_pubnames
                0x000001b9       0x1f /opt/altera/13.0sp1/nios2eds/bin/gnu/H-i686-pc-linux-gnu/bin/../lib/gcc/nios2-elf/4.1.2/../../../../nios2-elf/lib/mno-hw-mul/libsmallc.a(lib_a-writer.o)
 .debug_pubnames
                0x000001d8       0x1c /opt/altera/13.0sp1/nios2eds/bin/gnu/H-i686-pc-linux-gnu/bin/../lib/gcc/nios2-elf/4.1.2/../../../../nios2-elf/lib/mno-hw-mul/libsmallc.a(lib_a-int_errno.o)
 .debug_pubnames
                0x000001f4       0x1f ../../bsp/task6_4//libhal_bsp.a(alt_load.o)
 .debug_pubnames
                0x00000213       0x46 ../../bsp/task6_4//libhal_bsp.a(alt_main.o)
 .debug_pubnames
                0x00000259       0x1c ../../bsp/task6_4//libhal_bsp.a(alt_write.o)
 .debug_pubnames
                0x00000275       0x44 ../../bsp/task6_4//libhal_bsp.a(alt_sys_init.o)
 .debug_pubnames
                0x000002b9       0x34 ../../bsp/task6_4//libhal_bsp.a(altera_avalon_jtag_uart_write.o)
 .debug_pubnames
                0x000002ed       0xff ../../bsp/task6_4//libhal_bsp.a(altera_avalon_mutex.o)
 .debug_pubnames
                0x000003ec       0x2b ../../bsp/task6_4//libhal_bsp.a(alt_dcache_flush_all.o)
 .debug_pubnames
                0x00000417       0x2b ../../bsp/task6_4//libhal_bsp.a(alt_dev_llist_insert.o)
 .debug_pubnames
                0x00000442       0x20 ../../bsp/task6_4//libhal_bsp.a(alt_errno.o)
 .debug_pubnames
                0x00000462       0x23 ../../bsp/task6_4//libhal_bsp.a(alt_find_dev.o)
 .debug_pubnames
                0x00000485       0x2b ../../bsp/task6_4//libhal_bsp.a(alt_icache_flush_all.o)
 .debug_pubnames
                0x000004b0       0x31 ../../bsp/task6_4//libhal_bsp.a(altera_nios2_qsys_irq.o)
 .debug_pubnames
                0x000004e1       0x1d /opt/altera/13.0sp1/nios2eds/bin/gnu/H-i686-pc-linux-gnu/bin/../lib/gcc/nios2-elf/4.1.2/../../../../nios2-elf/lib/mno-hw-mul/libsmallc.a(lib_a-memcmp.o)

.debug_info     0x00000000     0x4214
 *(.debug_info .gnu.linkonce.wi.*)
 .debug_info    0x00000000       0x65 ../../bsp/task6_4//obj/HAL/src/crt0.o
 .debug_info    0x00000065      0x1d1 obj/default/src_4/cpu_4.o
 .debug_info    0x00000236      0x21c /opt/altera/13.0sp1/nios2eds/bin/gnu/H-i686-pc-linux-gnu/bin/../lib/gcc/nios2-elf/4.1.2/mno-hw-mul/libgcc.a(lib2-divmod.o)
 .debug_info    0x00000452       0xf3 /opt/altera/13.0sp1/nios2eds/bin/gnu/H-i686-pc-linux-gnu/bin/../lib/gcc/nios2-elf/4.1.2/mno-hw-mul/libgcc.a(lib2-mul.o)
 .debug_info    0x00000545       0xc2 /opt/altera/13.0sp1/nios2eds/bin/gnu/H-i686-pc-linux-gnu/bin/../lib/gcc/nios2-elf/4.1.2/../../../../nios2-elf/lib/mno-hw-mul/libsmallc.a(lib_a-memcpy.o)
 .debug_info    0x00000607      0x66b /opt/altera/13.0sp1/nios2eds/bin/gnu/H-i686-pc-linux-gnu/bin/../lib/gcc/nios2-elf/4.1.2/../../../../nios2-elf/lib/mno-hw-mul/libsmallc.a(lib_a-putchar.o)
 .debug_info    0x00000c72      0x685 /opt/altera/13.0sp1/nios2eds/bin/gnu/H-i686-pc-linux-gnu/bin/../lib/gcc/nios2-elf/4.1.2/../../../../nios2-elf/lib/mno-hw-mul/libsmallc.a(lib_a-puts.o)
 .debug_info    0x000012f7       0xc2 /opt/altera/13.0sp1/nios2eds/bin/gnu/H-i686-pc-linux-gnu/bin/../lib/gcc/nios2-elf/4.1.2/../../../../nios2-elf/lib/mno-hw-mul/libsmallc.a(lib_a-strlen.o)
 .debug_info    0x000013b9      0x68e /opt/altera/13.0sp1/nios2eds/bin/gnu/H-i686-pc-linux-gnu/bin/../lib/gcc/nios2-elf/4.1.2/../../../../nios2-elf/lib/mno-hw-mul/libsmallc.a(lib_a-fvwrite_small_dev.o)
 .debug_info    0x00001a47      0x636 /opt/altera/13.0sp1/nios2eds/bin/gnu/H-i686-pc-linux-gnu/bin/../lib/gcc/nios2-elf/4.1.2/../../../../nios2-elf/lib/mno-hw-mul/libsmallc.a(lib_a-impure.o)
 .debug_info    0x0000207d      0x6b8 /opt/altera/13.0sp1/nios2eds/bin/gnu/H-i686-pc-linux-gnu/bin/../lib/gcc/nios2-elf/4.1.2/../../../../nios2-elf/lib/mno-hw-mul/libsmallc.a(lib_a-putc.o)
 .debug_info    0x00002735      0x68c /opt/altera/13.0sp1/nios2eds/bin/gnu/H-i686-pc-linux-gnu/bin/../lib/gcc/nios2-elf/4.1.2/../../../../nios2-elf/lib/mno-hw-mul/libsmallc.a(lib_a-writer.o)
 .debug_info    0x00002dc1       0x8c /opt/altera/13.0sp1/nios2eds/bin/gnu/H-i686-pc-linux-gnu/bin/../lib/gcc/nios2-elf/4.1.2/../../../../nios2-elf/lib/mno-hw-mul/libsmallc.a(lib_a-int_errno.o)
 .debug_info    0x00002e4d      0x12e ../../bsp/task6_4//libhal_bsp.a(alt_load.o)
 .debug_info    0x00002f7b      0x125 ../../bsp/task6_4//libhal_bsp.a(alt_main.o)
 .debug_info    0x000030a0      0x179 ../../bsp/task6_4//libhal_bsp.a(alt_write.o)
 .debug_info    0x00003219      0x2cb ../../bsp/task6_4//libhal_bsp.a(alt_sys_init.o)
 .debug_info    0x000034e4      0x18f ../../bsp/task6_4//libhal_bsp.a(altera_avalon_jtag_uart_write.o)
 .debug_info    0x00003673      0x399 ../../bsp/task6_4//libhal_bsp.a(altera_avalon_mutex.o)
 .debug_info    0x00003a0c       0x8d ../../bsp/task6_4//libhal_bsp.a(alt_dcache_flush_all.o)
 .debug_info    0x00003a99      0x1b7 ../../bsp/task6_4//libhal_bsp.a(alt_dev_llist_insert.o)
 .debug_info    0x00003c50       0xab ../../bsp/task6_4//libhal_bsp.a(alt_errno.o)
 .debug_info    0x00003cfb      0x310 ../../bsp/task6_4//libhal_bsp.a(alt_find_dev.o)
 .debug_info    0x0000400b       0x8d ../../bsp/task6_4//libhal_bsp.a(alt_icache_flush_all.o)
 .debug_info    0x00004098       0x8d ../../bsp/task6_4//libhal_bsp.a(altera_nios2_qsys_irq.o)
 .debug_info    0x00004125       0xef /opt/altera/13.0sp1/nios2eds/bin/gnu/H-i686-pc-linux-gnu/bin/../lib/gcc/nios2-elf/4.1.2/../../../../nios2-elf/lib/mno-hw-mul/libsmallc.a(lib_a-memcmp.o)

.debug_abbrev   0x00000000     0x158c
 *(.debug_abbrev)
 .debug_abbrev  0x00000000       0x12 ../../bsp/task6_4//obj/HAL/src/crt0.o
 .debug_abbrev  0x00000012       0xd6 obj/default/src_4/cpu_4.o
 .debug_abbrev  0x000000e8       0xe0 /opt/altera/13.0sp1/nios2eds/bin/gnu/H-i686-pc-linux-gnu/bin/../lib/gcc/nios2-elf/4.1.2/mno-hw-mul/libgcc.a(lib2-divmod.o)
 .debug_abbrev  0x000001c8       0x7b /opt/altera/13.0sp1/nios2eds/bin/gnu/H-i686-pc-linux-gnu/bin/../lib/gcc/nios2-elf/4.1.2/mno-hw-mul/libgcc.a(lib2-mul.o)
 .debug_abbrev  0x00000243       0x9d /opt/altera/13.0sp1/nios2eds/bin/gnu/H-i686-pc-linux-gnu/bin/../lib/gcc/nios2-elf/4.1.2/../../../../nios2-elf/lib/mno-hw-mul/libsmallc.a(lib_a-memcpy.o)
 .debug_abbrev  0x000002e0      0x158 /opt/altera/13.0sp1/nios2eds/bin/gnu/H-i686-pc-linux-gnu/bin/../lib/gcc/nios2-elf/4.1.2/../../../../nios2-elf/lib/mno-hw-mul/libsmallc.a(lib_a-putchar.o)
 .debug_abbrev  0x00000438      0x180 /opt/altera/13.0sp1/nios2eds/bin/gnu/H-i686-pc-linux-gnu/bin/../lib/gcc/nios2-elf/4.1.2/../../../../nios2-elf/lib/mno-hw-mul/libsmallc.a(lib_a-puts.o)
 .debug_abbrev  0x000005b8       0x7a /opt/altera/13.0sp1/nios2eds/bin/gnu/H-i686-pc-linux-gnu/bin/../lib/gcc/nios2-elf/4.1.2/../../../../nios2-elf/lib/mno-hw-mul/libsmallc.a(lib_a-strlen.o)
 .debug_abbrev  0x00000632      0x179 /opt/altera/13.0sp1/nios2eds/bin/gnu/H-i686-pc-linux-gnu/bin/../lib/gcc/nios2-elf/4.1.2/../../../../nios2-elf/lib/mno-hw-mul/libsmallc.a(lib_a-fvwrite_small_dev.o)
 .debug_abbrev  0x000007ab      0x13f /opt/altera/13.0sp1/nios2eds/bin/gnu/H-i686-pc-linux-gnu/bin/../lib/gcc/nios2-elf/4.1.2/../../../../nios2-elf/lib/mno-hw-mul/libsmallc.a(lib_a-impure.o)
 .debug_abbrev  0x000008ea      0x167 /opt/altera/13.0sp1/nios2eds/bin/gnu/H-i686-pc-linux-gnu/bin/../lib/gcc/nios2-elf/4.1.2/../../../../nios2-elf/lib/mno-hw-mul/libsmallc.a(lib_a-putc.o)
 .debug_abbrev  0x00000a51      0x16c /opt/altera/13.0sp1/nios2eds/bin/gnu/H-i686-pc-linux-gnu/bin/../lib/gcc/nios2-elf/4.1.2/../../../../nios2-elf/lib/mno-hw-mul/libsmallc.a(lib_a-writer.o)
 .debug_abbrev  0x00000bbd       0x3b /opt/altera/13.0sp1/nios2eds/bin/gnu/H-i686-pc-linux-gnu/bin/../lib/gcc/nios2-elf/4.1.2/../../../../nios2-elf/lib/mno-hw-mul/libsmallc.a(lib_a-int_errno.o)
 .debug_abbrev  0x00000bf8       0x97 ../../bsp/task6_4//libhal_bsp.a(alt_load.o)
 .debug_abbrev  0x00000c8f       0xa6 ../../bsp/task6_4//libhal_bsp.a(alt_main.o)
 .debug_abbrev  0x00000d35       0xdd ../../bsp/task6_4//libhal_bsp.a(alt_write.o)
 .debug_abbrev  0x00000e12      0x14d ../../bsp/task6_4//libhal_bsp.a(alt_sys_init.o)
 .debug_abbrev  0x00000f5f       0xf0 ../../bsp/task6_4//libhal_bsp.a(altera_avalon_jtag_uart_write.o)
 .debug_abbrev  0x0000104f      0x1a2 ../../bsp/task6_4//libhal_bsp.a(altera_avalon_mutex.o)
 .debug_abbrev  0x000011f1       0x3f ../../bsp/task6_4//libhal_bsp.a(alt_dcache_flush_all.o)
 .debug_abbrev  0x00001230      0x117 ../../bsp/task6_4//libhal_bsp.a(alt_dev_llist_insert.o)
 .debug_abbrev  0x00001347       0x5e ../../bsp/task6_4//libhal_bsp.a(alt_errno.o)
 .debug_abbrev  0x000013a5       0xed ../../bsp/task6_4//libhal_bsp.a(alt_find_dev.o)
 .debug_abbrev  0x00001492       0x3f ../../bsp/task6_4//libhal_bsp.a(alt_icache_flush_all.o)
 .debug_abbrev  0x000014d1       0x3f ../../bsp/task6_4//libhal_bsp.a(altera_nios2_qsys_irq.o)
 .debug_abbrev  0x00001510       0x7c /opt/altera/13.0sp1/nios2eds/bin/gnu/H-i686-pc-linux-gnu/bin/../lib/gcc/nios2-elf/4.1.2/../../../../nios2-elf/lib/mno-hw-mul/libsmallc.a(lib_a-memcmp.o)

.debug_line     0x00000000     0x3c48
 *(.debug_line)
 .debug_line    0x00000000       0x66 ../../bsp/task6_4//obj/HAL/src/crt0.o
 .debug_line    0x00000066      0x2c6 obj/default/src_4/cpu_4.o
 .debug_line    0x0000032c      0x2c6 /opt/altera/13.0sp1/nios2eds/bin/gnu/H-i686-pc-linux-gnu/bin/../lib/gcc/nios2-elf/4.1.2/mno-hw-mul/libgcc.a(lib2-divmod.o)
 .debug_line    0x000005f2      0x191 /opt/altera/13.0sp1/nios2eds/bin/gnu/H-i686-pc-linux-gnu/bin/../lib/gcc/nios2-elf/4.1.2/mno-hw-mul/libgcc.a(lib2-mul.o)
 .debug_line    0x00000783      0x145 /opt/altera/13.0sp1/nios2eds/bin/gnu/H-i686-pc-linux-gnu/bin/../lib/gcc/nios2-elf/4.1.2/../../../../nios2-elf/lib/mno-hw-mul/libsmallc.a(lib_a-memcpy.o)
 .debug_line    0x000008c8      0x267 /opt/altera/13.0sp1/nios2eds/bin/gnu/H-i686-pc-linux-gnu/bin/../lib/gcc/nios2-elf/4.1.2/../../../../nios2-elf/lib/mno-hw-mul/libsmallc.a(lib_a-putchar.o)
 .debug_line    0x00000b2f      0x2b2 /opt/altera/13.0sp1/nios2eds/bin/gnu/H-i686-pc-linux-gnu/bin/../lib/gcc/nios2-elf/4.1.2/../../../../nios2-elf/lib/mno-hw-mul/libsmallc.a(lib_a-puts.o)
 .debug_line    0x00000de1      0x250 /opt/altera/13.0sp1/nios2eds/bin/gnu/H-i686-pc-linux-gnu/bin/../lib/gcc/nios2-elf/4.1.2/../../../../nios2-elf/lib/mno-hw-mul/libsmallc.a(lib_a-strlen.o)
 .debug_line    0x00001031      0x2a9 /opt/altera/13.0sp1/nios2eds/bin/gnu/H-i686-pc-linux-gnu/bin/../lib/gcc/nios2-elf/4.1.2/../../../../nios2-elf/lib/mno-hw-mul/libsmallc.a(lib_a-fvwrite_small_dev.o)
 .debug_line    0x000012da      0x230 /opt/altera/13.0sp1/nios2eds/bin/gnu/H-i686-pc-linux-gnu/bin/../lib/gcc/nios2-elf/4.1.2/../../../../nios2-elf/lib/mno-hw-mul/libsmallc.a(lib_a-impure.o)
 .debug_line    0x0000150a      0x2d2 /opt/altera/13.0sp1/nios2eds/bin/gnu/H-i686-pc-linux-gnu/bin/../lib/gcc/nios2-elf/4.1.2/../../../../nios2-elf/lib/mno-hw-mul/libsmallc.a(lib_a-putc.o)
 .debug_line    0x000017dc      0x29d /opt/altera/13.0sp1/nios2eds/bin/gnu/H-i686-pc-linux-gnu/bin/../lib/gcc/nios2-elf/4.1.2/../../../../nios2-elf/lib/mno-hw-mul/libsmallc.a(lib_a-writer.o)
 .debug_line    0x00001a79      0x1e2 /opt/altera/13.0sp1/nios2eds/bin/gnu/H-i686-pc-linux-gnu/bin/../lib/gcc/nios2-elf/4.1.2/../../../../nios2-elf/lib/mno-hw-mul/libsmallc.a(lib_a-int_errno.o)
 .debug_line    0x00001c5b      0x225 ../../bsp/task6_4//libhal_bsp.a(alt_load.o)
 .debug_line    0x00001e80      0x2d0 ../../bsp/task6_4//libhal_bsp.a(alt_main.o)
 .debug_line    0x00002150      0x2b9 ../../bsp/task6_4//libhal_bsp.a(alt_write.o)
 .debug_line    0x00002409      0x34c ../../bsp/task6_4//libhal_bsp.a(alt_sys_init.o)
 .debug_line    0x00002755      0x302 ../../bsp/task6_4//libhal_bsp.a(altera_avalon_jtag_uart_write.o)
 .debug_line    0x00002a57      0x38e ../../bsp/task6_4//libhal_bsp.a(altera_avalon_mutex.o)
 .debug_line    0x00002de5      0x1c3 ../../bsp/task6_4//libhal_bsp.a(alt_dcache_flush_all.o)
 .debug_line    0x00002fa8      0x26a ../../bsp/task6_4//libhal_bsp.a(alt_dev_llist_insert.o)
 .debug_line    0x00003212      0x1b8 ../../bsp/task6_4//libhal_bsp.a(alt_errno.o)
 .debug_line    0x000033ca      0x26f ../../bsp/task6_4//libhal_bsp.a(alt_find_dev.o)
 .debug_line    0x00003639      0x1c3 ../../bsp/task6_4//libhal_bsp.a(alt_icache_flush_all.o)
 .debug_line    0x000037fc      0x1dc ../../bsp/task6_4//libhal_bsp.a(altera_nios2_qsys_irq.o)
 .debug_line    0x000039d8      0x270 /opt/altera/13.0sp1/nios2eds/bin/gnu/H-i686-pc-linux-gnu/bin/../lib/gcc/nios2-elf/4.1.2/../../../../nios2-elf/lib/mno-hw-mul/libsmallc.a(lib_a-memcmp.o)

.debug_frame    0x00000000      0x4b8
 *(.debug_frame)
 .debug_frame   0x00000000       0x64 obj/default/src_4/cpu_4.o
 .debug_frame   0x00000064       0x70 /opt/altera/13.0sp1/nios2eds/bin/gnu/H-i686-pc-linux-gnu/bin/../lib/gcc/nios2-elf/4.1.2/mno-hw-mul/libgcc.a(lib2-divmod.o)
 .debug_frame   0x000000d4       0x20 /opt/altera/13.0sp1/nios2eds/bin/gnu/H-i686-pc-linux-gnu/bin/../lib/gcc/nios2-elf/4.1.2/mno-hw-mul/libgcc.a(lib2-mul.o)
 .debug_frame   0x000000f4       0x20 /opt/altera/13.0sp1/nios2eds/bin/gnu/H-i686-pc-linux-gnu/bin/../lib/gcc/nios2-elf/4.1.2/../../../../nios2-elf/lib/mno-hw-mul/libsmallc.a(lib_a-memcpy.o)
 .debug_frame   0x00000114       0x30 /opt/altera/13.0sp1/nios2eds/bin/gnu/H-i686-pc-linux-gnu/bin/../lib/gcc/nios2-elf/4.1.2/../../../../nios2-elf/lib/mno-hw-mul/libsmallc.a(lib_a-putchar.o)
 .debug_frame   0x00000144       0x3c /opt/altera/13.0sp1/nios2eds/bin/gnu/H-i686-pc-linux-gnu/bin/../lib/gcc/nios2-elf/4.1.2/../../../../nios2-elf/lib/mno-hw-mul/libsmallc.a(lib_a-puts.o)
 .debug_frame   0x00000180       0x20 /opt/altera/13.0sp1/nios2eds/bin/gnu/H-i686-pc-linux-gnu/bin/../lib/gcc/nios2-elf/4.1.2/../../../../nios2-elf/lib/mno-hw-mul/libsmallc.a(lib_a-strlen.o)
 .debug_frame   0x000001a0       0x30 /opt/altera/13.0sp1/nios2eds/bin/gnu/H-i686-pc-linux-gnu/bin/../lib/gcc/nios2-elf/4.1.2/../../../../nios2-elf/lib/mno-hw-mul/libsmallc.a(lib_a-fvwrite_small_dev.o)
 .debug_frame   0x000001d0       0x48 /opt/altera/13.0sp1/nios2eds/bin/gnu/H-i686-pc-linux-gnu/bin/../lib/gcc/nios2-elf/4.1.2/../../../../nios2-elf/lib/mno-hw-mul/libsmallc.a(lib_a-putc.o)
 .debug_frame   0x00000218       0x2c /opt/altera/13.0sp1/nios2eds/bin/gnu/H-i686-pc-linux-gnu/bin/../lib/gcc/nios2-elf/4.1.2/../../../../nios2-elf/lib/mno-hw-mul/libsmallc.a(lib_a-writer.o)
 .debug_frame   0x00000244       0x38 ../../bsp/task6_4//libhal_bsp.a(alt_load.o)
 .debug_frame   0x0000027c       0x28 ../../bsp/task6_4//libhal_bsp.a(alt_main.o)
 .debug_frame   0x000002a4       0x28 ../../bsp/task6_4//libhal_bsp.a(alt_write.o)
 .debug_frame   0x000002cc       0x50 ../../bsp/task6_4//libhal_bsp.a(alt_sys_init.o)
 .debug_frame   0x0000031c       0x20 ../../bsp/task6_4//libhal_bsp.a(altera_avalon_jtag_uart_write.o)
 .debug_frame   0x0000033c       0xa4 ../../bsp/task6_4//libhal_bsp.a(altera_avalon_mutex.o)
 .debug_frame   0x000003e0       0x20 ../../bsp/task6_4//libhal_bsp.a(alt_dcache_flush_all.o)
 .debug_frame   0x00000400       0x28 ../../bsp/task6_4//libhal_bsp.a(alt_dev_llist_insert.o)
 .debug_frame   0x00000428       0x30 ../../bsp/task6_4//libhal_bsp.a(alt_find_dev.o)
 .debug_frame   0x00000458       0x20 ../../bsp/task6_4//libhal_bsp.a(alt_icache_flush_all.o)
 .debug_frame   0x00000478       0x20 ../../bsp/task6_4//libhal_bsp.a(altera_nios2_qsys_irq.o)
 .debug_frame   0x00000498       0x20 /opt/altera/13.0sp1/nios2eds/bin/gnu/H-i686-pc-linux-gnu/bin/../lib/gcc/nios2-elf/4.1.2/../../../../nios2-elf/lib/mno-hw-mul/libsmallc.a(lib_a-memcmp.o)

.debug_str      0x00000000      0xfdd
 *(.debug_str)
 .debug_str     0x00000000      0x100 obj/default/src_4/cpu_4.o
                                0x150 (size before relaxing)
 .debug_str     0x00000100      0x110 /opt/altera/13.0sp1/nios2eds/bin/gnu/H-i686-pc-linux-gnu/bin/../lib/gcc/nios2-elf/4.1.2/mno-hw-mul/libgcc.a(lib2-divmod.o)
                                0x1b9 (size before relaxing)
 .debug_str     0x00000210       0x37 /opt/altera/13.0sp1/nios2eds/bin/gnu/H-i686-pc-linux-gnu/bin/../lib/gcc/nios2-elf/4.1.2/mno-hw-mul/libgcc.a(lib2-mul.o)
                                0x17a (size before relaxing)
 .debug_str     0x00000247       0xfb /opt/altera/13.0sp1/nios2eds/bin/gnu/H-i686-pc-linux-gnu/bin/../lib/gcc/nios2-elf/4.1.2/../../../../nios2-elf/lib/mno-hw-mul/libsmallc.a(lib_a-memcpy.o)
                                0x12e (size before relaxing)
 .debug_str     0x00000342      0x395 /opt/altera/13.0sp1/nios2eds/bin/gnu/H-i686-pc-linux-gnu/bin/../lib/gcc/nios2-elf/4.1.2/../../../../nios2-elf/lib/mno-hw-mul/libsmallc.a(lib_a-putchar.o)
                                0x457 (size before relaxing)
 .debug_str     0x000006d7       0x48 /opt/altera/13.0sp1/nios2eds/bin/gnu/H-i686-pc-linux-gnu/bin/../lib/gcc/nios2-elf/4.1.2/../../../../nios2-elf/lib/mno-hw-mul/libsmallc.a(lib_a-puts.o)
                                0x455 (size before relaxing)
 .debug_str     0x0000071f       0x45 /opt/altera/13.0sp1/nios2eds/bin/gnu/H-i686-pc-linux-gnu/bin/../lib/gcc/nios2-elf/4.1.2/../../../../nios2-elf/lib/mno-hw-mul/libsmallc.a(lib_a-strlen.o)
                                0x189 (size before relaxing)
 .debug_str     0x00000764       0x70 /opt/altera/13.0sp1/nios2eds/bin/gnu/H-i686-pc-linux-gnu/bin/../lib/gcc/nios2-elf/4.1.2/../../../../nios2-elf/lib/mno-hw-mul/libsmallc.a(lib_a-fvwrite_small_dev.o)
                                0x46f (size before relaxing)
 .debug_str     0x000007d4       0xfd /opt/altera/13.0sp1/nios2eds/bin/gnu/H-i686-pc-linux-gnu/bin/../lib/gcc/nios2-elf/4.1.2/../../../../nios2-elf/lib/mno-hw-mul/libsmallc.a(lib_a-impure.o)
                                0x462 (size before relaxing)
 .debug_str     0x000008d1       0x4f /opt/altera/13.0sp1/nios2eds/bin/gnu/H-i686-pc-linux-gnu/bin/../lib/gcc/nios2-elf/4.1.2/../../../../nios2-elf/lib/mno-hw-mul/libsmallc.a(lib_a-putc.o)
                                0x45a (size before relaxing)
 .debug_str     0x00000920       0x4f /opt/altera/13.0sp1/nios2eds/bin/gnu/H-i686-pc-linux-gnu/bin/../lib/gcc/nios2-elf/4.1.2/../../../../nios2-elf/lib/mno-hw-mul/libsmallc.a(lib_a-writer.o)
                                0x456 (size before relaxing)
 .debug_str     0x0000096f       0x40 /opt/altera/13.0sp1/nios2eds/bin/gnu/H-i686-pc-linux-gnu/bin/../lib/gcc/nios2-elf/4.1.2/../../../../nios2-elf/lib/mno-hw-mul/libsmallc.a(lib_a-int_errno.o)
                                0x17c (size before relaxing)
 .debug_str     0x000009af      0x125 ../../bsp/task6_4//libhal_bsp.a(alt_load.o)
                                0x1ba (size before relaxing)
 .debug_str     0x00000ad4       0x70 ../../bsp/task6_4//libhal_bsp.a(alt_main.o)
                                0x13e (size before relaxing)
 .debug_str     0x00000b44       0x58 ../../bsp/task6_4//libhal_bsp.a(alt_write.o)
                                0x16a (size before relaxing)
 .debug_str     0x00000b9c      0x12b ../../bsp/task6_4//libhal_bsp.a(alt_sys_init.o)
                                0x28f (size before relaxing)
 .debug_str     0x00000cc7       0x4a ../../bsp/task6_4//libhal_bsp.a(altera_avalon_jtag_uart_write.o)
                                0x1b6 (size before relaxing)
 .debug_str     0x00000d11       0xfe ../../bsp/task6_4//libhal_bsp.a(altera_avalon_mutex.o)
                                0x272 (size before relaxing)
 .debug_str     0x00000e0f       0x34 ../../bsp/task6_4//libhal_bsp.a(alt_dcache_flush_all.o)
                                 0xfd (size before relaxing)
 .debug_str     0x00000e43       0x59 ../../bsp/task6_4//libhal_bsp.a(alt_dev_llist_insert.o)
                                0x174 (size before relaxing)
 .debug_str     0x00000e9c       0x14 ../../bsp/task6_4//libhal_bsp.a(alt_errno.o)
                                 0xed (size before relaxing)
 .debug_str     0x00000eb0       0x79 ../../bsp/task6_4//libhal_bsp.a(alt_find_dev.o)
                                0x194 (size before relaxing)
 .debug_str     0x00000f29       0x34 ../../bsp/task6_4//libhal_bsp.a(alt_icache_flush_all.o)
                                 0xfd (size before relaxing)
 .debug_str     0x00000f5d       0x3b ../../bsp/task6_4//libhal_bsp.a(altera_nios2_qsys_irq.o)
                                0x104 (size before relaxing)
 .debug_str     0x00000f98       0x45 /opt/altera/13.0sp1/nios2eds/bin/gnu/H-i686-pc-linux-gnu/bin/../lib/gcc/nios2-elf/4.1.2/../../../../nios2-elf/lib/mno-hw-mul/libsmallc.a(lib_a-memcmp.o)
                                0x183 (size before relaxing)

.debug_loc      0x00000000      0xb28
 *(.debug_loc)
 .debug_loc     0x00000000      0x123 obj/default/src_4/cpu_4.o
 .debug_loc     0x00000123      0x1d2 /opt/altera/13.0sp1/nios2eds/bin/gnu/H-i686-pc-linux-gnu/bin/../lib/gcc/nios2-elf/4.1.2/mno-hw-mul/libgcc.a(lib2-divmod.o)
 .debug_loc     0x000002f5       0x4f /opt/altera/13.0sp1/nios2eds/bin/gnu/H-i686-pc-linux-gnu/bin/../lib/gcc/nios2-elf/4.1.2/mno-hw-mul/libgcc.a(lib2-mul.o)
 .debug_loc     0x00000344       0x1e /opt/altera/13.0sp1/nios2eds/bin/gnu/H-i686-pc-linux-gnu/bin/../lib/gcc/nios2-elf/4.1.2/../../../../nios2-elf/lib/mno-hw-mul/libsmallc.a(lib_a-memcpy.o)
 .debug_loc     0x00000362       0x44 /opt/altera/13.0sp1/nios2eds/bin/gnu/H-i686-pc-linux-gnu/bin/../lib/gcc/nios2-elf/4.1.2/../../../../nios2-elf/lib/mno-hw-mul/libsmallc.a(lib_a-putchar.o)
 .debug_loc     0x000003a6       0xa2 /opt/altera/13.0sp1/nios2eds/bin/gnu/H-i686-pc-linux-gnu/bin/../lib/gcc/nios2-elf/4.1.2/../../../../nios2-elf/lib/mno-hw-mul/libsmallc.a(lib_a-puts.o)
 .debug_loc     0x00000448       0x1e /opt/altera/13.0sp1/nios2eds/bin/gnu/H-i686-pc-linux-gnu/bin/../lib/gcc/nios2-elf/4.1.2/../../../../nios2-elf/lib/mno-hw-mul/libsmallc.a(lib_a-strlen.o)
 .debug_loc     0x00000466      0x162 /opt/altera/13.0sp1/nios2eds/bin/gnu/H-i686-pc-linux-gnu/bin/../lib/gcc/nios2-elf/4.1.2/../../../../nios2-elf/lib/mno-hw-mul/libsmallc.a(lib_a-fvwrite_small_dev.o)
 .debug_loc     0x000005c8       0xd4 /opt/altera/13.0sp1/nios2eds/bin/gnu/H-i686-pc-linux-gnu/bin/../lib/gcc/nios2-elf/4.1.2/../../../../nios2-elf/lib/mno-hw-mul/libsmallc.a(lib_a-putc.o)
 .debug_loc     0x0000069c       0x97 /opt/altera/13.0sp1/nios2eds/bin/gnu/H-i686-pc-linux-gnu/bin/../lib/gcc/nios2-elf/4.1.2/../../../../nios2-elf/lib/mno-hw-mul/libsmallc.a(lib_a-writer.o)
 .debug_loc     0x00000733       0x1f ../../bsp/task6_4//libhal_bsp.a(alt_load.o)
 .debug_loc     0x00000752       0x1f ../../bsp/task6_4//libhal_bsp.a(alt_main.o)
 .debug_loc     0x00000771       0x9a ../../bsp/task6_4//libhal_bsp.a(alt_write.o)
 .debug_loc     0x0000080b       0x64 ../../bsp/task6_4//libhal_bsp.a(alt_sys_init.o)
 .debug_loc     0x0000086f       0x26 ../../bsp/task6_4//libhal_bsp.a(altera_avalon_jtag_uart_write.o)
 .debug_loc     0x00000895       0xd9 ../../bsp/task6_4//libhal_bsp.a(altera_avalon_mutex.o)
 .debug_loc     0x0000096e       0x5b ../../bsp/task6_4//libhal_bsp.a(alt_dev_llist_insert.o)
 .debug_loc     0x000009c9       0xef ../../bsp/task6_4//libhal_bsp.a(alt_find_dev.o)
 .debug_loc     0x00000ab8       0x70 /opt/altera/13.0sp1/nios2eds/bin/gnu/H-i686-pc-linux-gnu/bin/../lib/gcc/nios2-elf/4.1.2/../../../../nios2-elf/lib/mno-hw-mul/libsmallc.a(lib_a-memcmp.o)

.debug_macinfo
 *(.debug_macinfo)

.debug_weaknames
 *(.debug_weaknames)

.debug_funcnames
 *(.debug_funcnames)

.debug_typenames
 *(.debug_typenames)

.debug_varnames
 *(.debug_varnames)

.debug_alt_sim_info
                0x00000000       0x10
 *(.debug_alt_sim_info)
 .debug_alt_sim_info
                0x00000000       0x10 ../../bsp/task6_4//obj/HAL/src/crt0.o
                0x00004000                __alt_data_end = 0x4000
                0x00004000                PROVIDE (__alt_stack_pointer, __alt_data_end)
                0x00002e50                PROVIDE (__alt_stack_limit, __alt_stack_base)
                0x00002e50                PROVIDE (__alt_heap_start, end)
                0x00004000                PROVIDE (__alt_heap_limit, 0x4000)
OUTPUT(task6_4.elf elf32-littlenios2)

.debug_ranges   0x00000000       0x50
 .debug_ranges  0x00000000       0x20 ../../bsp/task6_4//obj/HAL/src/crt0.o
 .debug_ranges  0x00000020       0x18 obj/default/src_4/cpu_4.o
 .debug_ranges  0x00000038       0x18 ../../bsp/task6_4//libhal_bsp.a(alt_dev_llist_insert.o)
