Archive member included because of file (symbol)

/opt/altera/13.0sp1/nios2eds/bin/gnu/H-i686-pc-linux-gnu/bin/../lib/gcc/nios2-elf/4.1.2/mno-hw-mul/libgcc.a(lib2-divmod.o)
                              obj/default/src_2/cpu_2.o (__divsi3)
/opt/altera/13.0sp1/nios2eds/bin/gnu/H-i686-pc-linux-gnu/bin/../lib/gcc/nios2-elf/4.1.2/mno-hw-mul/libgcc.a(lib2-mul.o)
                              obj/default/src_2/cpu_2.o (__mulsi3)
/opt/altera/13.0sp1/nios2eds/bin/gnu/H-i686-pc-linux-gnu/bin/../lib/gcc/nios2-elf/4.1.2/../../../../nios2-elf/lib/mno-hw-mul/libsmallc.a(lib_a-memcpy.o)
                              obj/default/src_2/cpu_2.o (memcpy)
/opt/altera/13.0sp1/nios2eds/bin/gnu/H-i686-pc-linux-gnu/bin/../lib/gcc/nios2-elf/4.1.2/../../../../nios2-elf/lib/mno-hw-mul/libsmallc.a(lib_a-putchar.o)
                              obj/default/src_2/cpu_2.o (putchar)
/opt/altera/13.0sp1/nios2eds/bin/gnu/H-i686-pc-linux-gnu/bin/../lib/gcc/nios2-elf/4.1.2/../../../../nios2-elf/lib/mno-hw-mul/libsmallc.a(lib_a-puts.o)
                              obj/default/src_2/cpu_2.o (puts)
/opt/altera/13.0sp1/nios2eds/bin/gnu/H-i686-pc-linux-gnu/bin/../lib/gcc/nios2-elf/4.1.2/../../../../nios2-elf/lib/mno-hw-mul/libsmallc.a(lib_a-strlen.o)
                              /opt/altera/13.0sp1/nios2eds/bin/gnu/H-i686-pc-linux-gnu/bin/../lib/gcc/nios2-elf/4.1.2/../../../../nios2-elf/lib/mno-hw-mul/libsmallc.a(lib_a-puts.o) (strlen)
/opt/altera/13.0sp1/nios2eds/bin/gnu/H-i686-pc-linux-gnu/bin/../lib/gcc/nios2-elf/4.1.2/../../../../nios2-elf/lib/mno-hw-mul/libsmallc.a(lib_a-fvwrite_small_dev.o)
                              /opt/altera/13.0sp1/nios2eds/bin/gnu/H-i686-pc-linux-gnu/bin/../lib/gcc/nios2-elf/4.1.2/../../../../nios2-elf/lib/mno-hw-mul/libsmallc.a(lib_a-puts.o) (__sfvwrite_small_dev)
/opt/altera/13.0sp1/nios2eds/bin/gnu/H-i686-pc-linux-gnu/bin/../lib/gcc/nios2-elf/4.1.2/../../../../nios2-elf/lib/mno-hw-mul/libsmallc.a(lib_a-impure.o)
                              /opt/altera/13.0sp1/nios2eds/bin/gnu/H-i686-pc-linux-gnu/bin/../lib/gcc/nios2-elf/4.1.2/../../../../nios2-elf/lib/mno-hw-mul/libsmallc.a(lib_a-putchar.o) (_impure_ptr)
/opt/altera/13.0sp1/nios2eds/bin/gnu/H-i686-pc-linux-gnu/bin/../lib/gcc/nios2-elf/4.1.2/../../../../nios2-elf/lib/mno-hw-mul/libsmallc.a(lib_a-putc.o)
                              /opt/altera/13.0sp1/nios2eds/bin/gnu/H-i686-pc-linux-gnu/bin/../lib/gcc/nios2-elf/4.1.2/../../../../nios2-elf/lib/mno-hw-mul/libsmallc.a(lib_a-putchar.o) (_putc_r)
/opt/altera/13.0sp1/nios2eds/bin/gnu/H-i686-pc-linux-gnu/bin/../lib/gcc/nios2-elf/4.1.2/../../../../nios2-elf/lib/mno-hw-mul/libsmallc.a(lib_a-writer.o)
                              /opt/altera/13.0sp1/nios2eds/bin/gnu/H-i686-pc-linux-gnu/bin/../lib/gcc/nios2-elf/4.1.2/../../../../nios2-elf/lib/mno-hw-mul/libsmallc.a(lib_a-fvwrite_small_dev.o) (_write_r)
/opt/altera/13.0sp1/nios2eds/bin/gnu/H-i686-pc-linux-gnu/bin/../lib/gcc/nios2-elf/4.1.2/../../../../nios2-elf/lib/mno-hw-mul/libsmallc.a(lib_a-int_errno.o)
                              /opt/altera/13.0sp1/nios2eds/bin/gnu/H-i686-pc-linux-gnu/bin/../lib/gcc/nios2-elf/4.1.2/../../../../nios2-elf/lib/mno-hw-mul/libsmallc.a(lib_a-writer.o) (errno)
../../bsp/task5_2//libhal_bsp.a(alt_load.o)
                              ../../bsp/task5_2//obj/HAL/src/crt0.o (alt_load)
../../bsp/task5_2//libhal_bsp.a(alt_main.o)
                              ../../bsp/task5_2//obj/HAL/src/crt0.o (alt_main)
../../bsp/task5_2//libhal_bsp.a(alt_write.o)
                              /opt/altera/13.0sp1/nios2eds/bin/gnu/H-i686-pc-linux-gnu/bin/../lib/gcc/nios2-elf/4.1.2/../../../../nios2-elf/lib/mno-hw-mul/libsmallc.a(lib_a-writer.o) (write)
../../bsp/task5_2//libhal_bsp.a(alt_sys_init.o)
                              ../../bsp/task5_2//libhal_bsp.a(alt_main.o) (alt_sys_init)
../../bsp/task5_2//libhal_bsp.a(altera_avalon_jtag_uart_write.o)
                              ../../bsp/task5_2//libhal_bsp.a(alt_write.o) (altera_avalon_jtag_uart_write)
../../bsp/task5_2//libhal_bsp.a(altera_avalon_mutex.o)
                              ../../bsp/task5_2//libhal_bsp.a(alt_sys_init.o) (alt_mutex_list)
../../bsp/task5_2//libhal_bsp.a(alt_dcache_flush_all.o)
                              ../../bsp/task5_2//libhal_bsp.a(alt_load.o) (alt_dcache_flush_all)
../../bsp/task5_2//libhal_bsp.a(alt_dev_llist_insert.o)
                              ../../bsp/task5_2//libhal_bsp.a(alt_sys_init.o) (alt_dev_llist_insert)
../../bsp/task5_2//libhal_bsp.a(alt_errno.o)
                              ../../bsp/task5_2//libhal_bsp.a(alt_write.o) (alt_errno)
../../bsp/task5_2//libhal_bsp.a(alt_find_dev.o)
                              ../../bsp/task5_2//libhal_bsp.a(altera_avalon_mutex.o) (alt_find_dev)
../../bsp/task5_2//libhal_bsp.a(alt_icache_flush_all.o)
                              ../../bsp/task5_2//libhal_bsp.a(alt_load.o) (alt_icache_flush_all)
../../bsp/task5_2//libhal_bsp.a(altera_nios2_qsys_irq.o)
                              ../../bsp/task5_2//libhal_bsp.a(alt_sys_init.o) (altera_nios2_qsys_irq_init)
/opt/altera/13.0sp1/nios2eds/bin/gnu/H-i686-pc-linux-gnu/bin/../lib/gcc/nios2-elf/4.1.2/../../../../nios2-elf/lib/mno-hw-mul/libsmallc.a(lib_a-memcmp.o)
                              ../../bsp/task5_2//libhal_bsp.a(alt_find_dev.o) (memcmp)

Allocating common symbols
Common symbol       size              file

errno               0x4               /opt/altera/13.0sp1/nios2eds/bin/gnu/H-i686-pc-linux-gnu/bin/../lib/gcc/nios2-elf/4.1.2/../../../../nios2-elf/lib/mno-hw-mul/libsmallc.a(lib_a-int_errno.o)

Memory Configuration

Name             Origin             Length             Attributes
reset            0x00002000         0x00000020
onchip_2         0x00002020         0x00001fe0
shared_onchip    0x00102000         0x00002000
*default*        0x00000000         0xffffffff

Linker script and memory map

LOAD ../../bsp/task5_2//obj/HAL/src/crt0.o
                0x0000200c                exit = _exit
LOAD obj/default/src_2/cpu_2.o
LOAD obj/default/src_2/delay_asm.o
LOAD /opt/altera/13.0sp1/nios2eds/bin/gnu/H-i686-pc-linux-gnu/bin/../lib/gcc/nios2-elf/4.1.2/../../../../nios2-elf/lib/mno-hw-mul/libstdc++.a
LOAD /opt/altera/13.0sp1/nios2eds/bin/gnu/H-i686-pc-linux-gnu/bin/../lib/gcc/nios2-elf/4.1.2/../../../../nios2-elf/lib/mno-hw-mul/libm.a
LOAD /opt/altera/13.0sp1/nios2eds/bin/gnu/H-i686-pc-linux-gnu/bin/../lib/gcc/nios2-elf/4.1.2/mno-hw-mul/libgcc.a
START GROUP
LOAD /opt/altera/13.0sp1/nios2eds/bin/gnu/H-i686-pc-linux-gnu/bin/../lib/gcc/nios2-elf/4.1.2/../../../../nios2-elf/lib/mno-hw-mul/libsmallc.a
LOAD /opt/altera/13.0sp1/nios2eds/bin/gnu/H-i686-pc-linux-gnu/bin/../lib/gcc/nios2-elf/4.1.2/mno-hw-mul/libgcc.a
LOAD ../../bsp/task5_2//libhal_bsp.a
END GROUP
LOAD /opt/altera/13.0sp1/nios2eds/bin/gnu/H-i686-pc-linux-gnu/bin/../lib/gcc/nios2-elf/4.1.2/mno-hw-mul/libgcc.a
                0x00002000                __alt_mem_onchip_2 = 0x2000
                0x00102000                __alt_mem_shared_onchip = 0x102000

.entry          0x00002000       0x20
 *(.entry)
 .entry         0x00002000       0x20 ../../bsp/task5_2//obj/HAL/src/crt0.o
                0x00002000                __reset
                0x0000200c                _exit

.exceptions     0x00002020        0x0
                0x00002020                PROVIDE (__ram_exceptions_start, ABSOLUTE (.))
                0x00002020                . = ALIGN (0x20)
 *(.irq)
 *(.exceptions.entry.label)
 *(.exceptions.entry.user)
 *(.exceptions.entry)
 *(.exceptions.irqtest.user)
 *(.exceptions.irqtest)
 *(.exceptions.irqhandler.user)
 *(.exceptions.irqhandler)
 *(.exceptions.irqreturn.user)
 *(.exceptions.irqreturn)
 *(.exceptions.notirq.label)
 *(.exceptions.notirq.user)
 *(.exceptions.notirq)
 *(.exceptions.soft.user)
 *(.exceptions.soft)
 *(.exceptions.unknown.user)
 *(.exceptions.unknown)
 *(.exceptions.exit.label)
 *(.exceptions.exit.user)
 *(.exceptions.exit)
 *(.exceptions)
                0x00002020                PROVIDE (__ram_exceptions_end, ABSOLUTE (.))
                0x00002020                PROVIDE (__flash_exceptions_start, LOADADDR (.exceptions))

.text           0x00002020      0xb3c
                0x00002020                PROVIDE (stext, ABSOLUTE (.))
 *(.interp)
 *(.hash)
 *(.dynsym)
 *(.dynstr)
 *(.gnu.version)
 *(.gnu.version_d)
 *(.gnu.version_r)
 *(.rel.init)
 *(.rela.init)
 *(.rel.text .rel.text.* .rel.gnu.linkonce.t.*)
 *(.rela.text .rela.text.* .rela.gnu.linkonce.t.*)
 *(.rel.fini)
 *(.rela.fini)
 *(.rel.rodata .rel.rodata.* .rel.gnu.linkonce.r.*)
 *(.rela.rodata .rela.rodata.* .rela.gnu.linkonce.r.*)
 *(.rel.data .rel.data.* .rel.gnu.linkonce.d.*)
 *(.rela.data .rela.data.* .rela.gnu.linkonce.d.*)
 *(.rel.tdata .rel.tdata.* .rel.gnu.linkonce.td.*)
 *(.rela.tdata .rela.tdata.* .rela.gnu.linkonce.td.*)
 *(.rel.tbss .rel.tbss.* .rel.gnu.linkonce.tb.*)
 *(.rela.tbss .rela.tbss.* .rela.gnu.linkonce.tb.*)
 *(.rel.ctors)
 *(.rela.ctors)
 *(.rel.dtors)
 *(.rela.dtors)
 *(.rel.got)
 *(.rela.got)
 *(.rel.sdata .rel.sdata.* .rel.gnu.linkonce.s.*)
 *(.rela.sdata .rela.sdata.* .rela.gnu.linkonce.s.*)
 *(.rel.sbss .rel.sbss.* .rel.gnu.linkonce.sb.*)
 *(.rela.sbss .rela.sbss.* .rela.gnu.linkonce.sb.*)
 *(.rel.sdata2 .rel.sdata2.* .rel.gnu.linkonce.s2.*)
 *(.rela.sdata2 .rela.sdata2.* .rela.gnu.linkonce.s2.*)
 *(.rel.sbss2 .rel.sbss2.* .rel.gnu.linkonce.sb2.*)
 *(.rela.sbss2 .rela.sbss2.* .rela.gnu.linkonce.sb2.*)
 *(.rel.bss .rel.bss.* .rel.gnu.linkonce.b.*)
 *(.rela.bss .rela.bss.* .rela.gnu.linkonce.b.*)
 *(.rel.plt)
 *(.rela.plt)
 *(.rel.dyn)
 *(.init)
 *(.plt)
 *(.text .stub .text.* .gnu.linkonce.t.*)
 .text          0x00002020       0x3c ../../bsp/task5_2//obj/HAL/src/crt0.o
                0x00002020                _start
 .text          0x0000205c      0x20c obj/default/src_2/cpu_2.o
                0x0000205c                resize
                0x00002108                main
                0x00002164                printP3ToAscii
 .text          0x00002268       0x20 obj/default/src_2/delay_asm.o
                0x00002268                delay
 .text          0x00002288      0x14c /opt/altera/13.0sp1/nios2eds/bin/gnu/H-i686-pc-linux-gnu/bin/../lib/gcc/nios2-elf/4.1.2/mno-hw-mul/libgcc.a(lib2-divmod.o)
                0x00002304                __divsi3
                0x00002364                __modsi3
                0x000023c4                __udivsi3
                0x000023cc                __umodsi3
 .text          0x000023d4       0x38 /opt/altera/13.0sp1/nios2eds/bin/gnu/H-i686-pc-linux-gnu/bin/../lib/gcc/nios2-elf/4.1.2/mno-hw-mul/libgcc.a(lib2-mul.o)
                0x000023d4                __mulsi3
 .text          0x0000240c       0x2c /opt/altera/13.0sp1/nios2eds/bin/gnu/H-i686-pc-linux-gnu/bin/../lib/gcc/nios2-elf/4.1.2/../../../../nios2-elf/lib/mno-hw-mul/libsmallc.a(lib_a-memcpy.o)
                0x0000240c                memcpy
 .text          0x00002438       0x24 /opt/altera/13.0sp1/nios2eds/bin/gnu/H-i686-pc-linux-gnu/bin/../lib/gcc/nios2-elf/4.1.2/../../../../nios2-elf/lib/mno-hw-mul/libsmallc.a(lib_a-putchar.o)
                0x00002438                putchar
                0x00002454                _putchar_r
 .text          0x0000245c       0xa4 /opt/altera/13.0sp1/nios2eds/bin/gnu/H-i686-pc-linux-gnu/bin/../lib/gcc/nios2-elf/4.1.2/../../../../nios2-elf/lib/mno-hw-mul/libsmallc.a(lib_a-puts.o)
                0x0000245c                _puts_r
                0x000024ec                puts
 .text          0x00002500       0x20 /opt/altera/13.0sp1/nios2eds/bin/gnu/H-i686-pc-linux-gnu/bin/../lib/gcc/nios2-elf/4.1.2/../../../../nios2-elf/lib/mno-hw-mul/libsmallc.a(lib_a-strlen.o)
                0x00002500                strlen
 .text          0x00002520       0xbc /opt/altera/13.0sp1/nios2eds/bin/gnu/H-i686-pc-linux-gnu/bin/../lib/gcc/nios2-elf/4.1.2/../../../../nios2-elf/lib/mno-hw-mul/libsmallc.a(lib_a-fvwrite_small_dev.o)
                0x00002520                __sfvwrite_small_dev
 .text          0x000025dc        0x0 /opt/altera/13.0sp1/nios2eds/bin/gnu/H-i686-pc-linux-gnu/bin/../lib/gcc/nios2-elf/4.1.2/../../../../nios2-elf/lib/mno-hw-mul/libsmallc.a(lib_a-impure.o)
 .text          0x000025dc       0xe4 /opt/altera/13.0sp1/nios2eds/bin/gnu/H-i686-pc-linux-gnu/bin/../lib/gcc/nios2-elf/4.1.2/../../../../nios2-elf/lib/mno-hw-mul/libsmallc.a(lib_a-putc.o)
                0x000025dc                putc
                0x0000264c                _putc_r
 .text          0x000026c0       0x78 /opt/altera/13.0sp1/nios2eds/bin/gnu/H-i686-pc-linux-gnu/bin/../lib/gcc/nios2-elf/4.1.2/../../../../nios2-elf/lib/mno-hw-mul/libsmallc.a(lib_a-writer.o)
                0x000026c0                _write_r
 .text          0x00002738        0x0 /opt/altera/13.0sp1/nios2eds/bin/gnu/H-i686-pc-linux-gnu/bin/../lib/gcc/nios2-elf/4.1.2/../../../../nios2-elf/lib/mno-hw-mul/libsmallc.a(lib_a-int_errno.o)
 .text          0x00002738       0x8c ../../bsp/task5_2//libhal_bsp.a(alt_load.o)
                0x00002758                alt_load
 .text          0x000027c4       0x2c ../../bsp/task5_2//libhal_bsp.a(alt_main.o)
                0x000027c4                alt_main
 .text          0x000027f0       0x78 ../../bsp/task5_2//libhal_bsp.a(alt_write.o)
                0x000027f0                write
 .text          0x00002868       0x78 ../../bsp/task5_2//libhal_bsp.a(alt_sys_init.o)
                0x00002874                alt_sys_init
                0x000028c0                alt_irq_init
 .text          0x000028e0       0x34 ../../bsp/task5_2//libhal_bsp.a(altera_avalon_jtag_uart_write.o)
                0x000028e0                altera_avalon_jtag_uart_write
 .text          0x00002914      0x11c ../../bsp/task5_2//libhal_bsp.a(altera_avalon_mutex.o)
                0x00002914                altera_avalon_mutex_close
                0x00002918                altera_avalon_mutex_first_lock
                0x00002928                altera_avalon_mutex_is_mine
                0x00002950                altera_avalon_mutex_unlock
                0x00002998                altera_avalon_mutex_open
                0x000029f0                altera_avalon_mutex_lock
                0x00002a2c                altera_avalon_mutex_trylock
 .text          0x00002a30        0x4 ../../bsp/task5_2//libhal_bsp.a(alt_dcache_flush_all.o)
                0x00002a30                alt_dcache_flush_all
 .text          0x00002a34       0x70 ../../bsp/task5_2//libhal_bsp.a(alt_dev_llist_insert.o)
                0x00002a34                alt_dev_llist_insert
 .text          0x00002aa4        0x0 ../../bsp/task5_2//libhal_bsp.a(alt_errno.o)
 .text          0x00002aa4       0x70 ../../bsp/task5_2//libhal_bsp.a(alt_find_dev.o)
                0x00002aa4                alt_find_dev
 .text          0x00002b14        0x4 ../../bsp/task5_2//libhal_bsp.a(alt_icache_flush_all.o)
                0x00002b14                alt_icache_flush_all
 .text          0x00002b18        0x8 ../../bsp/task5_2//libhal_bsp.a(altera_nios2_qsys_irq.o)
                0x00002b18                altera_nios2_qsys_irq_init
 .text          0x00002b20       0x3c /opt/altera/13.0sp1/nios2eds/bin/gnu/H-i686-pc-linux-gnu/bin/../lib/gcc/nios2-elf/4.1.2/../../../../nios2-elf/lib/mno-hw-mul/libsmallc.a(lib_a-memcmp.o)
                0x00002b20                memcmp
 *(.gnu.warning.*)
 *(.fini)
                0x00002b5c                PROVIDE (__etext, ABSOLUTE (.))
                0x00002b5c                PROVIDE (_etext, ABSOLUTE (.))
                0x00002b5c                PROVIDE (etext, ABSOLUTE (.))
 *(.eh_frame_hdr)
                0x00002b5c                . = ALIGN (0x4)
                0x00002b5c                PROVIDE (__preinit_array_start, ABSOLUTE (.))
 *(.preinit_array)
                0x00002b5c                PROVIDE (__preinit_array_end, ABSOLUTE (.))
                0x00002b5c                PROVIDE (__init_array_start, ABSOLUTE (.))
 *(.init_array)
                0x00002b5c                PROVIDE (__init_array_end, ABSOLUTE (.))
                0x00002b5c                PROVIDE (__fini_array_start, ABSOLUTE (.))
 *(.fini_array)
                0x00002b5c                PROVIDE (__fini_array_end, ABSOLUTE (.))
 *(.eh_frame)
 *(.gcc_except_table)
 *(.dynamic)
                0x00002b5c                PROVIDE (__CTOR_LIST__, ABSOLUTE (.))
 *(.ctors)
 *(SORT(.ctors.*))
                0x00002b5c                PROVIDE (__CTOR_END__, ABSOLUTE (.))
                0x00002b5c                PROVIDE (__DTOR_LIST__, ABSOLUTE (.))
 *(.dtors)
 *(SORT(.dtors.*))
                0x00002b5c                PROVIDE (__DTOR_END__, ABSOLUTE (.))
 *(.jcr)
                0x00002b5c                . = ALIGN (0x4)

.rodata         0x00002b5c       0x70
                0x00002b5c                PROVIDE (__ram_rodata_start, ABSOLUTE (.))
                0x00002b5c                . = ALIGN (0x4)
 *(.rodata .rodata.* .gnu.linkonce.r.*)
 .rodata.str1.4
                0x00002b5c        0xc obj/default/src_2/cpu_2.o
 .rodata        0x00002b68       0x10 obj/default/src_2/cpu_2.o
 .rodata.str1.4
                0x00002b78        0x2 /opt/altera/13.0sp1/nios2eds/bin/gnu/H-i686-pc-linux-gnu/bin/../lib/gcc/nios2-elf/4.1.2/../../../../nios2-elf/lib/mno-hw-mul/libsmallc.a(lib_a-puts.o)
                                  0x4 (size before relaxing)
 *fill*         0x00002b7a        0x2 00
 .rodata.str1.4
                0x00002b7c       0x50 ../../bsp/task5_2//libhal_bsp.a(alt_sys_init.o)
 *(.rodata1)
                0x00002bcc                . = ALIGN (0x4)
                0x00002bcc                PROVIDE (__ram_rodata_end, ABSOLUTE (.))
                0x00002b5c                PROVIDE (__flash_rodata_start, LOADADDR (.rodata))

.rwdata         0x00002bcc      0x148 load address 0x00002d14
                0x00002bcc                PROVIDE (__ram_rwdata_start, ABSOLUTE (.))
                0x00002bcc                . = ALIGN (0x4)
 *(.got.plt)
 *(.got)
 *(.data1)
 *(.data .data.* .gnu.linkonce.d.*)
 .data          0x00002bcc        0x0 ../../bsp/task5_2//obj/HAL/src/crt0.o
 .data          0x00002bcc        0x0 obj/default/src_2/cpu_2.o
 .data          0x00002bcc        0x0 obj/default/src_2/delay_asm.o
 .data          0x00002bcc        0x0 /opt/altera/13.0sp1/nios2eds/bin/gnu/H-i686-pc-linux-gnu/bin/../lib/gcc/nios2-elf/4.1.2/mno-hw-mul/libgcc.a(lib2-divmod.o)
 .data          0x00002bcc        0x0 /opt/altera/13.0sp1/nios2eds/bin/gnu/H-i686-pc-linux-gnu/bin/../lib/gcc/nios2-elf/4.1.2/mno-hw-mul/libgcc.a(lib2-mul.o)
 .data          0x00002bcc        0x0 /opt/altera/13.0sp1/nios2eds/bin/gnu/H-i686-pc-linux-gnu/bin/../lib/gcc/nios2-elf/4.1.2/../../../../nios2-elf/lib/mno-hw-mul/libsmallc.a(lib_a-memcpy.o)
 .data          0x00002bcc        0x0 /opt/altera/13.0sp1/nios2eds/bin/gnu/H-i686-pc-linux-gnu/bin/../lib/gcc/nios2-elf/4.1.2/../../../../nios2-elf/lib/mno-hw-mul/libsmallc.a(lib_a-putchar.o)
 .data          0x00002bcc        0x0 /opt/altera/13.0sp1/nios2eds/bin/gnu/H-i686-pc-linux-gnu/bin/../lib/gcc/nios2-elf/4.1.2/../../../../nios2-elf/lib/mno-hw-mul/libsmallc.a(lib_a-puts.o)
 .data          0x00002bcc        0x0 /opt/altera/13.0sp1/nios2eds/bin/gnu/H-i686-pc-linux-gnu/bin/../lib/gcc/nios2-elf/4.1.2/../../../../nios2-elf/lib/mno-hw-mul/libsmallc.a(lib_a-strlen.o)
 .data          0x00002bcc        0x0 /opt/altera/13.0sp1/nios2eds/bin/gnu/H-i686-pc-linux-gnu/bin/../lib/gcc/nios2-elf/4.1.2/../../../../nios2-elf/lib/mno-hw-mul/libsmallc.a(lib_a-fvwrite_small_dev.o)
 .data          0x00002bcc       0xe0 /opt/altera/13.0sp1/nios2eds/bin/gnu/H-i686-pc-linux-gnu/bin/../lib/gcc/nios2-elf/4.1.2/../../../../nios2-elf/lib/mno-hw-mul/libsmallc.a(lib_a-impure.o)
 .data          0x00002cac        0x0 /opt/altera/13.0sp1/nios2eds/bin/gnu/H-i686-pc-linux-gnu/bin/../lib/gcc/nios2-elf/4.1.2/../../../../nios2-elf/lib/mno-hw-mul/libsmallc.a(lib_a-putc.o)
 .data          0x00002cac        0x0 /opt/altera/13.0sp1/nios2eds/bin/gnu/H-i686-pc-linux-gnu/bin/../lib/gcc/nios2-elf/4.1.2/../../../../nios2-elf/lib/mno-hw-mul/libsmallc.a(lib_a-writer.o)
 .data          0x00002cac        0x0 /opt/altera/13.0sp1/nios2eds/bin/gnu/H-i686-pc-linux-gnu/bin/../lib/gcc/nios2-elf/4.1.2/../../../../nios2-elf/lib/mno-hw-mul/libsmallc.a(lib_a-int_errno.o)
 .data          0x00002cac        0x0 ../../bsp/task5_2//libhal_bsp.a(alt_load.o)
 .data          0x00002cac        0x0 ../../bsp/task5_2//libhal_bsp.a(alt_main.o)
 .data          0x00002cac        0x0 ../../bsp/task5_2//libhal_bsp.a(alt_write.o)
 .data          0x00002cac       0x50 ../../bsp/task5_2//libhal_bsp.a(alt_sys_init.o)
 .data          0x00002cfc        0x0 ../../bsp/task5_2//libhal_bsp.a(altera_avalon_jtag_uart_write.o)
 .data          0x00002cfc        0x0 ../../bsp/task5_2//libhal_bsp.a(altera_avalon_mutex.o)
 .data          0x00002cfc        0x0 ../../bsp/task5_2//libhal_bsp.a(alt_dcache_flush_all.o)
 .data          0x00002cfc        0x0 ../../bsp/task5_2//libhal_bsp.a(alt_dev_llist_insert.o)
 .data          0x00002cfc        0x0 ../../bsp/task5_2//libhal_bsp.a(alt_errno.o)
 .data          0x00002cfc        0x0 ../../bsp/task5_2//libhal_bsp.a(alt_find_dev.o)
 .data          0x00002cfc        0x0 ../../bsp/task5_2//libhal_bsp.a(alt_icache_flush_all.o)
 .data          0x00002cfc        0x0 ../../bsp/task5_2//libhal_bsp.a(altera_nios2_qsys_irq.o)
 .data          0x00002cfc        0x0 /opt/altera/13.0sp1/nios2eds/bin/gnu/H-i686-pc-linux-gnu/bin/../lib/gcc/nios2-elf/4.1.2/../../../../nios2-elf/lib/mno-hw-mul/libsmallc.a(lib_a-memcmp.o)
                0x0000acfc                _gp = ABSOLUTE ((. + 0x8000))
                0x0000acfc                PROVIDE (gp, _gp)
 *(.rwdata .rwdata.*)
 *(.sdata .sdata.* .gnu.linkonce.s.*)
 .sdata         0x00002cfc        0x8 /opt/altera/13.0sp1/nios2eds/bin/gnu/H-i686-pc-linux-gnu/bin/../lib/gcc/nios2-elf/4.1.2/../../../../nios2-elf/lib/mno-hw-mul/libsmallc.a(lib_a-impure.o)
                0x00002cfc                _impure_ptr
                0x00002d00                _global_impure_ptr
 .sdata         0x00002d04        0x4 ../../bsp/task5_2//libhal_bsp.a(alt_sys_init.o)
                0x00002d04                jtag_uart_2
 .sdata         0x00002d08        0x8 ../../bsp/task5_2//libhal_bsp.a(altera_avalon_mutex.o)
                0x00002d08                alt_mutex_list
 .sdata         0x00002d10        0x4 ../../bsp/task5_2//libhal_bsp.a(alt_errno.o)
                0x00002d10                alt_errno
 *(.sdata2 .sdata2.* .gnu.linkonce.s2.*)
                0x00002d14                . = ALIGN (0x4)
                0x00002d14                _edata = ABSOLUTE (.)
                0x00002d14                PROVIDE (edata, ABSOLUTE (.))
                0x00002d14                PROVIDE (__ram_rwdata_end, ABSOLUTE (.))
                0x00002d14                PROVIDE (__flash_rwdata_start, LOADADDR (.rwdata))

.bss            0x00002e5c       0x10
                0x00002e5c                __bss_start = ABSOLUTE (.)
                0x00002e5c                PROVIDE (__sbss_start, ABSOLUTE (.))
                0x00002e5c                PROVIDE (___sbss_start, ABSOLUTE (.))
 *(.dynsbss)
 *(.sbss .sbss.* .gnu.linkonce.sb.*)
 .sbss          0x00002e5c        0x4 /opt/altera/13.0sp1/nios2eds/bin/gnu/H-i686-pc-linux-gnu/bin/../lib/gcc/nios2-elf/4.1.2/../../../../nios2-elf/lib/mno-hw-mul/libsmallc.a(lib_a-int_errno.o)
                0x00002e5c                errno
 .sbss          0x00002e60        0xc ../../bsp/task5_2//libhal_bsp.a(alt_main.o)
                0x00002e60                alt_argc
                0x00002e64                alt_argv
                0x00002e68                alt_envp
 *(.sbss2 .sbss2.* .gnu.linkonce.sb2.*)
 *(.scommon)
                0x00002e6c                PROVIDE (__sbss_end, ABSOLUTE (.))
                0x00002e6c                PROVIDE (___sbss_end, ABSOLUTE (.))
 *(.dynbss)
 *(.bss .bss.* .gnu.linkonce.b.*)
 .bss           0x00002e6c        0x0 ../../bsp/task5_2//obj/HAL/src/crt0.o
 .bss           0x00002e6c        0x0 obj/default/src_2/cpu_2.o
 .bss           0x00002e6c        0x0 obj/default/src_2/delay_asm.o
 .bss           0x00002e6c        0x0 /opt/altera/13.0sp1/nios2eds/bin/gnu/H-i686-pc-linux-gnu/bin/../lib/gcc/nios2-elf/4.1.2/mno-hw-mul/libgcc.a(lib2-divmod.o)
 .bss           0x00002e6c        0x0 /opt/altera/13.0sp1/nios2eds/bin/gnu/H-i686-pc-linux-gnu/bin/../lib/gcc/nios2-elf/4.1.2/mno-hw-mul/libgcc.a(lib2-mul.o)
 .bss           0x00002e6c        0x0 /opt/altera/13.0sp1/nios2eds/bin/gnu/H-i686-pc-linux-gnu/bin/../lib/gcc/nios2-elf/4.1.2/../../../../nios2-elf/lib/mno-hw-mul/libsmallc.a(lib_a-memcpy.o)
 .bss           0x00002e6c        0x0 /opt/altera/13.0sp1/nios2eds/bin/gnu/H-i686-pc-linux-gnu/bin/../lib/gcc/nios2-elf/4.1.2/../../../../nios2-elf/lib/mno-hw-mul/libsmallc.a(lib_a-putchar.o)
 .bss           0x00002e6c        0x0 /opt/altera/13.0sp1/nios2eds/bin/gnu/H-i686-pc-linux-gnu/bin/../lib/gcc/nios2-elf/4.1.2/../../../../nios2-elf/lib/mno-hw-mul/libsmallc.a(lib_a-puts.o)
 .bss           0x00002e6c        0x0 /opt/altera/13.0sp1/nios2eds/bin/gnu/H-i686-pc-linux-gnu/bin/../lib/gcc/nios2-elf/4.1.2/../../../../nios2-elf/lib/mno-hw-mul/libsmallc.a(lib_a-strlen.o)
 .bss           0x00002e6c        0x0 /opt/altera/13.0sp1/nios2eds/bin/gnu/H-i686-pc-linux-gnu/bin/../lib/gcc/nios2-elf/4.1.2/../../../../nios2-elf/lib/mno-hw-mul/libsmallc.a(lib_a-fvwrite_small_dev.o)
 .bss           0x00002e6c        0x0 /opt/altera/13.0sp1/nios2eds/bin/gnu/H-i686-pc-linux-gnu/bin/../lib/gcc/nios2-elf/4.1.2/../../../../nios2-elf/lib/mno-hw-mul/libsmallc.a(lib_a-impure.o)
 .bss           0x00002e6c        0x0 /opt/altera/13.0sp1/nios2eds/bin/gnu/H-i686-pc-linux-gnu/bin/../lib/gcc/nios2-elf/4.1.2/../../../../nios2-elf/lib/mno-hw-mul/libsmallc.a(lib_a-putc.o)
 .bss           0x00002e6c        0x0 /opt/altera/13.0sp1/nios2eds/bin/gnu/H-i686-pc-linux-gnu/bin/../lib/gcc/nios2-elf/4.1.2/../../../../nios2-elf/lib/mno-hw-mul/libsmallc.a(lib_a-writer.o)
 .bss           0x00002e6c        0x0 /opt/altera/13.0sp1/nios2eds/bin/gnu/H-i686-pc-linux-gnu/bin/../lib/gcc/nios2-elf/4.1.2/../../../../nios2-elf/lib/mno-hw-mul/libsmallc.a(lib_a-int_errno.o)
 .bss           0x00002e6c        0x0 ../../bsp/task5_2//libhal_bsp.a(alt_load.o)
 .bss           0x00002e6c        0x0 ../../bsp/task5_2//libhal_bsp.a(alt_main.o)
 .bss           0x00002e6c        0x0 ../../bsp/task5_2//libhal_bsp.a(alt_write.o)
 .bss           0x00002e6c        0x0 ../../bsp/task5_2//libhal_bsp.a(alt_sys_init.o)
 .bss           0x00002e6c        0x0 ../../bsp/task5_2//libhal_bsp.a(altera_avalon_jtag_uart_write.o)
 .bss           0x00002e6c        0x0 ../../bsp/task5_2//libhal_bsp.a(altera_avalon_mutex.o)
 .bss           0x00002e6c        0x0 ../../bsp/task5_2//libhal_bsp.a(alt_dcache_flush_all.o)
 .bss           0x00002e6c        0x0 ../../bsp/task5_2//libhal_bsp.a(alt_dev_llist_insert.o)
 .bss           0x00002e6c        0x0 ../../bsp/task5_2//libhal_bsp.a(alt_errno.o)
 .bss           0x00002e6c        0x0 ../../bsp/task5_2//libhal_bsp.a(alt_find_dev.o)
 .bss           0x00002e6c        0x0 ../../bsp/task5_2//libhal_bsp.a(alt_icache_flush_all.o)
 .bss           0x00002e6c        0x0 ../../bsp/task5_2//libhal_bsp.a(altera_nios2_qsys_irq.o)
 .bss           0x00002e6c        0x0 /opt/altera/13.0sp1/nios2eds/bin/gnu/H-i686-pc-linux-gnu/bin/../lib/gcc/nios2-elf/4.1.2/../../../../nios2-elf/lib/mno-hw-mul/libsmallc.a(lib_a-memcmp.o)
 *(COMMON)
                0x00002e6c                . = ALIGN (0x4)
                0x00002e6c                __bss_end = ABSOLUTE (.)

.onchip_2       0x00002e6c        0x0
                0x00002e6c                PROVIDE (_alt_partition_onchip_2_start, ABSOLUTE (.))
 *(.onchip_2. onchip_2.*)
                0x00002e6c                . = ALIGN (0x4)
                0x00002e6c                PROVIDE (_alt_partition_onchip_2_end, ABSOLUTE (.))
                0x00002e6c                _end = ABSOLUTE (.)
                0x00002e6c                end = ABSOLUTE (.)
                0x00002e6c                __alt_stack_base = ABSOLUTE (.)
                0x00002e6c                PROVIDE (_alt_partition_onchip_2_load_addr, LOADADDR (.onchip_2))

.shared_onchip  0x00102000        0x0 load address 0x00002e6c
                0x00102000                PROVIDE (_alt_partition_shared_onchip_start, ABSOLUTE (.))
 *(.shared_onchip. shared_onchip.*)
                0x00102000                . = ALIGN (0x4)
                0x00102000                PROVIDE (_alt_partition_shared_onchip_end, ABSOLUTE (.))
                0x00002e6c                PROVIDE (_alt_partition_shared_onchip_load_addr, LOADADDR (.shared_onchip))

.stab
 *(.stab)

.stabstr
 *(.stabstr)

.stab.excl
 *(.stab.excl)

.stab.exclstr
 *(.stab.exclstr)

.stab.index
 *(.stab.index)

.stab.indexstr
 *(.stab.indexstr)

.comment        0x00000000       0x26
 *(.comment)
 .comment       0x00000000       0x26 obj/default/src_2/cpu_2.o
                                 0x27 (size before relaxing)
 .comment       0x00000000       0x27 /opt/altera/13.0sp1/nios2eds/bin/gnu/H-i686-pc-linux-gnu/bin/../lib/gcc/nios2-elf/4.1.2/mno-hw-mul/libgcc.a(lib2-divmod.o)
 .comment       0x00000000       0x27 /opt/altera/13.0sp1/nios2eds/bin/gnu/H-i686-pc-linux-gnu/bin/../lib/gcc/nios2-elf/4.1.2/mno-hw-mul/libgcc.a(lib2-mul.o)
 .comment       0x00000000       0x27 /opt/altera/13.0sp1/nios2eds/bin/gnu/H-i686-pc-linux-gnu/bin/../lib/gcc/nios2-elf/4.1.2/../../../../nios2-elf/lib/mno-hw-mul/libsmallc.a(lib_a-memcpy.o)
 .comment       0x00000000       0x27 /opt/altera/13.0sp1/nios2eds/bin/gnu/H-i686-pc-linux-gnu/bin/../lib/gcc/nios2-elf/4.1.2/../../../../nios2-elf/lib/mno-hw-mul/libsmallc.a(lib_a-putchar.o)
 .comment       0x00000000       0x27 /opt/altera/13.0sp1/nios2eds/bin/gnu/H-i686-pc-linux-gnu/bin/../lib/gcc/nios2-elf/4.1.2/../../../../nios2-elf/lib/mno-hw-mul/libsmallc.a(lib_a-puts.o)
 .comment       0x00000000       0x27 /opt/altera/13.0sp1/nios2eds/bin/gnu/H-i686-pc-linux-gnu/bin/../lib/gcc/nios2-elf/4.1.2/../../../../nios2-elf/lib/mno-hw-mul/libsmallc.a(lib_a-strlen.o)
 .comment       0x00000000       0x27 /opt/altera/13.0sp1/nios2eds/bin/gnu/H-i686-pc-linux-gnu/bin/../lib/gcc/nios2-elf/4.1.2/../../../../nios2-elf/lib/mno-hw-mul/libsmallc.a(lib_a-fvwrite_small_dev.o)
 .comment       0x00000000       0x27 /opt/altera/13.0sp1/nios2eds/bin/gnu/H-i686-pc-linux-gnu/bin/../lib/gcc/nios2-elf/4.1.2/../../../../nios2-elf/lib/mno-hw-mul/libsmallc.a(lib_a-impure.o)
 .comment       0x00000000       0x27 /opt/altera/13.0sp1/nios2eds/bin/gnu/H-i686-pc-linux-gnu/bin/../lib/gcc/nios2-elf/4.1.2/../../../../nios2-elf/lib/mno-hw-mul/libsmallc.a(lib_a-putc.o)
 .comment       0x00000000       0x27 /opt/altera/13.0sp1/nios2eds/bin/gnu/H-i686-pc-linux-gnu/bin/../lib/gcc/nios2-elf/4.1.2/../../../../nios2-elf/lib/mno-hw-mul/libsmallc.a(lib_a-writer.o)
 .comment       0x00000000       0x27 /opt/altera/13.0sp1/nios2eds/bin/gnu/H-i686-pc-linux-gnu/bin/../lib/gcc/nios2-elf/4.1.2/../../../../nios2-elf/lib/mno-hw-mul/libsmallc.a(lib_a-int_errno.o)
 .comment       0x00000000       0x27 ../../bsp/task5_2//libhal_bsp.a(alt_load.o)
 .comment       0x00000000       0x27 ../../bsp/task5_2//libhal_bsp.a(alt_main.o)
 .comment       0x00000000       0x27 ../../bsp/task5_2//libhal_bsp.a(alt_write.o)
 .comment       0x00000000       0x27 ../../bsp/task5_2//libhal_bsp.a(alt_sys_init.o)
 .comment       0x00000000       0x27 ../../bsp/task5_2//libhal_bsp.a(altera_avalon_jtag_uart_write.o)
 .comment       0x00000000       0x27 ../../bsp/task5_2//libhal_bsp.a(altera_avalon_mutex.o)
 .comment       0x00000000       0x27 ../../bsp/task5_2//libhal_bsp.a(alt_dcache_flush_all.o)
 .comment       0x00000000       0x27 ../../bsp/task5_2//libhal_bsp.a(alt_dev_llist_insert.o)
 .comment       0x00000000       0x27 ../../bsp/task5_2//libhal_bsp.a(alt_errno.o)
 .comment       0x00000000       0x27 ../../bsp/task5_2//libhal_bsp.a(alt_find_dev.o)
 .comment       0x00000000       0x27 ../../bsp/task5_2//libhal_bsp.a(alt_icache_flush_all.o)
 .comment       0x00000000       0x27 ../../bsp/task5_2//libhal_bsp.a(altera_nios2_qsys_irq.o)
 .comment       0x00000000       0x27 /opt/altera/13.0sp1/nios2eds/bin/gnu/H-i686-pc-linux-gnu/bin/../lib/gcc/nios2-elf/4.1.2/../../../../nios2-elf/lib/mno-hw-mul/libsmallc.a(lib_a-memcmp.o)

.debug
 *(.debug)

.line
 *(.line)

.debug_srcinfo
 *(.debug_srcinfo)

.debug_sfnames
 *(.debug_sfnames)

.debug_aranges  0x00000000      0x308
 *(.debug_aranges)
 .debug_aranges
                0x00000000       0x28 ../../bsp/task5_2//obj/HAL/src/crt0.o
 .debug_aranges
                0x00000028       0x20 obj/default/src_2/cpu_2.o
 .debug_aranges
                0x00000048       0x20 obj/default/src_2/delay_asm.o
 .debug_aranges
                0x00000068       0x20 /opt/altera/13.0sp1/nios2eds/bin/gnu/H-i686-pc-linux-gnu/bin/../lib/gcc/nios2-elf/4.1.2/mno-hw-mul/libgcc.a(lib2-divmod.o)
 .debug_aranges
                0x00000088       0x20 /opt/altera/13.0sp1/nios2eds/bin/gnu/H-i686-pc-linux-gnu/bin/../lib/gcc/nios2-elf/4.1.2/mno-hw-mul/libgcc.a(lib2-mul.o)
 .debug_aranges
                0x000000a8       0x20 /opt/altera/13.0sp1/nios2eds/bin/gnu/H-i686-pc-linux-gnu/bin/../lib/gcc/nios2-elf/4.1.2/../../../../nios2-elf/lib/mno-hw-mul/libsmallc.a(lib_a-memcpy.o)
 .debug_aranges
                0x000000c8       0x20 /opt/altera/13.0sp1/nios2eds/bin/gnu/H-i686-pc-linux-gnu/bin/../lib/gcc/nios2-elf/4.1.2/../../../../nios2-elf/lib/mno-hw-mul/libsmallc.a(lib_a-putchar.o)
 .debug_aranges
                0x000000e8       0x20 /opt/altera/13.0sp1/nios2eds/bin/gnu/H-i686-pc-linux-gnu/bin/../lib/gcc/nios2-elf/4.1.2/../../../../nios2-elf/lib/mno-hw-mul/libsmallc.a(lib_a-puts.o)
 .debug_aranges
                0x00000108       0x20 /opt/altera/13.0sp1/nios2eds/bin/gnu/H-i686-pc-linux-gnu/bin/../lib/gcc/nios2-elf/4.1.2/../../../../nios2-elf/lib/mno-hw-mul/libsmallc.a(lib_a-strlen.o)
 .debug_aranges
                0x00000128       0x20 /opt/altera/13.0sp1/nios2eds/bin/gnu/H-i686-pc-linux-gnu/bin/../lib/gcc/nios2-elf/4.1.2/../../../../nios2-elf/lib/mno-hw-mul/libsmallc.a(lib_a-fvwrite_small_dev.o)
 .debug_aranges
                0x00000148       0x20 /opt/altera/13.0sp1/nios2eds/bin/gnu/H-i686-pc-linux-gnu/bin/../lib/gcc/nios2-elf/4.1.2/../../../../nios2-elf/lib/mno-hw-mul/libsmallc.a(lib_a-putc.o)
 .debug_aranges
                0x00000168       0x20 /opt/altera/13.0sp1/nios2eds/bin/gnu/H-i686-pc-linux-gnu/bin/../lib/gcc/nios2-elf/4.1.2/../../../../nios2-elf/lib/mno-hw-mul/libsmallc.a(lib_a-writer.o)
 .debug_aranges
                0x00000188       0x20 ../../bsp/task5_2//libhal_bsp.a(alt_load.o)
 .debug_aranges
                0x000001a8       0x20 ../../bsp/task5_2//libhal_bsp.a(alt_main.o)
 .debug_aranges
                0x000001c8       0x20 ../../bsp/task5_2//libhal_bsp.a(alt_write.o)
 .debug_aranges
                0x000001e8       0x20 ../../bsp/task5_2//libhal_bsp.a(alt_sys_init.o)
 .debug_aranges
                0x00000208       0x20 ../../bsp/task5_2//libhal_bsp.a(altera_avalon_jtag_uart_write.o)
 .debug_aranges
                0x00000228       0x20 ../../bsp/task5_2//libhal_bsp.a(altera_avalon_mutex.o)
 .debug_aranges
                0x00000248       0x20 ../../bsp/task5_2//libhal_bsp.a(alt_dcache_flush_all.o)
 .debug_aranges
                0x00000268       0x20 ../../bsp/task5_2//libhal_bsp.a(alt_dev_llist_insert.o)
 .debug_aranges
                0x00000288       0x20 ../../bsp/task5_2//libhal_bsp.a(alt_find_dev.o)
 .debug_aranges
                0x000002a8       0x20 ../../bsp/task5_2//libhal_bsp.a(alt_icache_flush_all.o)
 .debug_aranges
                0x000002c8       0x20 ../../bsp/task5_2//libhal_bsp.a(altera_nios2_qsys_irq.o)
 .debug_aranges
                0x000002e8       0x20 /opt/altera/13.0sp1/nios2eds/bin/gnu/H-i686-pc-linux-gnu/bin/../lib/gcc/nios2-elf/4.1.2/../../../../nios2-elf/lib/mno-hw-mul/libsmallc.a(lib_a-memcmp.o)

.debug_pubnames
                0x00000000      0x4fe
 *(.debug_pubnames)
 .debug_pubnames
                0x00000000       0x39 obj/default/src_2/cpu_2.o
 .debug_pubnames
                0x00000039       0x48 /opt/altera/13.0sp1/nios2eds/bin/gnu/H-i686-pc-linux-gnu/bin/../lib/gcc/nios2-elf/4.1.2/mno-hw-mul/libgcc.a(lib2-divmod.o)
 .debug_pubnames
                0x00000081       0x1f /opt/altera/13.0sp1/nios2eds/bin/gnu/H-i686-pc-linux-gnu/bin/../lib/gcc/nios2-elf/4.1.2/mno-hw-mul/libgcc.a(lib2-mul.o)
 .debug_pubnames
                0x000000a0       0x1d /opt/altera/13.0sp1/nios2eds/bin/gnu/H-i686-pc-linux-gnu/bin/../lib/gcc/nios2-elf/4.1.2/../../../../nios2-elf/lib/mno-hw-mul/libsmallc.a(lib_a-memcpy.o)
 .debug_pubnames
                0x000000bd       0x2d /opt/altera/13.0sp1/nios2eds/bin/gnu/H-i686-pc-linux-gnu/bin/../lib/gcc/nios2-elf/4.1.2/../../../../nios2-elf/lib/mno-hw-mul/libsmallc.a(lib_a-putchar.o)
 .debug_pubnames
                0x000000ea       0x27 /opt/altera/13.0sp1/nios2eds/bin/gnu/H-i686-pc-linux-gnu/bin/../lib/gcc/nios2-elf/4.1.2/../../../../nios2-elf/lib/mno-hw-mul/libsmallc.a(lib_a-puts.o)
 .debug_pubnames
                0x00000111       0x1d /opt/altera/13.0sp1/nios2eds/bin/gnu/H-i686-pc-linux-gnu/bin/../lib/gcc/nios2-elf/4.1.2/../../../../nios2-elf/lib/mno-hw-mul/libsmallc.a(lib_a-strlen.o)
 .debug_pubnames
                0x0000012e       0x2b /opt/altera/13.0sp1/nios2eds/bin/gnu/H-i686-pc-linux-gnu/bin/../lib/gcc/nios2-elf/4.1.2/../../../../nios2-elf/lib/mno-hw-mul/libsmallc.a(lib_a-fvwrite_small_dev.o)
 .debug_pubnames
                0x00000159       0x39 /opt/altera/13.0sp1/nios2eds/bin/gnu/H-i686-pc-linux-gnu/bin/../lib/gcc/nios2-elf/4.1.2/../../../../nios2-elf/lib/mno-hw-mul/libsmallc.a(lib_a-impure.o)
 .debug_pubnames
                0x00000192       0x27 /opt/altera/13.0sp1/nios2eds/bin/gnu/H-i686-pc-linux-gnu/bin/../lib/gcc/nios2-elf/4.1.2/../../../../nios2-elf/lib/mno-hw-mul/libsmallc.a(lib_a-putc.o)
 .debug_pubnames
                0x000001b9       0x1f /opt/altera/13.0sp1/nios2eds/bin/gnu/H-i686-pc-linux-gnu/bin/../lib/gcc/nios2-elf/4.1.2/../../../../nios2-elf/lib/mno-hw-mul/libsmallc.a(lib_a-writer.o)
 .debug_pubnames
                0x000001d8       0x1c /opt/altera/13.0sp1/nios2eds/bin/gnu/H-i686-pc-linux-gnu/bin/../lib/gcc/nios2-elf/4.1.2/../../../../nios2-elf/lib/mno-hw-mul/libsmallc.a(lib_a-int_errno.o)
 .debug_pubnames
                0x000001f4       0x1f ../../bsp/task5_2//libhal_bsp.a(alt_load.o)
 .debug_pubnames
                0x00000213       0x46 ../../bsp/task5_2//libhal_bsp.a(alt_main.o)
 .debug_pubnames
                0x00000259       0x1c ../../bsp/task5_2//libhal_bsp.a(alt_write.o)
 .debug_pubnames
                0x00000275       0x44 ../../bsp/task5_2//libhal_bsp.a(alt_sys_init.o)
 .debug_pubnames
                0x000002b9       0x34 ../../bsp/task5_2//libhal_bsp.a(altera_avalon_jtag_uart_write.o)
 .debug_pubnames
                0x000002ed       0xff ../../bsp/task5_2//libhal_bsp.a(altera_avalon_mutex.o)
 .debug_pubnames
                0x000003ec       0x2b ../../bsp/task5_2//libhal_bsp.a(alt_dcache_flush_all.o)
 .debug_pubnames
                0x00000417       0x2b ../../bsp/task5_2//libhal_bsp.a(alt_dev_llist_insert.o)
 .debug_pubnames
                0x00000442       0x20 ../../bsp/task5_2//libhal_bsp.a(alt_errno.o)
 .debug_pubnames
                0x00000462       0x23 ../../bsp/task5_2//libhal_bsp.a(alt_find_dev.o)
 .debug_pubnames
                0x00000485       0x2b ../../bsp/task5_2//libhal_bsp.a(alt_icache_flush_all.o)
 .debug_pubnames
                0x000004b0       0x31 ../../bsp/task5_2//libhal_bsp.a(altera_nios2_qsys_irq.o)
 .debug_pubnames
                0x000004e1       0x1d /opt/altera/13.0sp1/nios2eds/bin/gnu/H-i686-pc-linux-gnu/bin/../lib/gcc/nios2-elf/4.1.2/../../../../nios2-elf/lib/mno-hw-mul/libsmallc.a(lib_a-memcmp.o)

.debug_info     0x00000000     0x427e
 *(.debug_info .gnu.linkonce.wi.*)
 .debug_info    0x00000000       0x65 ../../bsp/task5_2//obj/HAL/src/crt0.o
 .debug_info    0x00000065      0x1d1 obj/default/src_2/cpu_2.o
 .debug_info    0x00000236       0x6a obj/default/src_2/delay_asm.o
 .debug_info    0x000002a0      0x21c /opt/altera/13.0sp1/nios2eds/bin/gnu/H-i686-pc-linux-gnu/bin/../lib/gcc/nios2-elf/4.1.2/mno-hw-mul/libgcc.a(lib2-divmod.o)
 .debug_info    0x000004bc       0xf3 /opt/altera/13.0sp1/nios2eds/bin/gnu/H-i686-pc-linux-gnu/bin/../lib/gcc/nios2-elf/4.1.2/mno-hw-mul/libgcc.a(lib2-mul.o)
 .debug_info    0x000005af       0xc2 /opt/altera/13.0sp1/nios2eds/bin/gnu/H-i686-pc-linux-gnu/bin/../lib/gcc/nios2-elf/4.1.2/../../../../nios2-elf/lib/mno-hw-mul/libsmallc.a(lib_a-memcpy.o)
 .debug_info    0x00000671      0x66b /opt/altera/13.0sp1/nios2eds/bin/gnu/H-i686-pc-linux-gnu/bin/../lib/gcc/nios2-elf/4.1.2/../../../../nios2-elf/lib/mno-hw-mul/libsmallc.a(lib_a-putchar.o)
 .debug_info    0x00000cdc      0x685 /opt/altera/13.0sp1/nios2eds/bin/gnu/H-i686-pc-linux-gnu/bin/../lib/gcc/nios2-elf/4.1.2/../../../../nios2-elf/lib/mno-hw-mul/libsmallc.a(lib_a-puts.o)
 .debug_info    0x00001361       0xc2 /opt/altera/13.0sp1/nios2eds/bin/gnu/H-i686-pc-linux-gnu/bin/../lib/gcc/nios2-elf/4.1.2/../../../../nios2-elf/lib/mno-hw-mul/libsmallc.a(lib_a-strlen.o)
 .debug_info    0x00001423      0x68e /opt/altera/13.0sp1/nios2eds/bin/gnu/H-i686-pc-linux-gnu/bin/../lib/gcc/nios2-elf/4.1.2/../../../../nios2-elf/lib/mno-hw-mul/libsmallc.a(lib_a-fvwrite_small_dev.o)
 .debug_info    0x00001ab1      0x636 /opt/altera/13.0sp1/nios2eds/bin/gnu/H-i686-pc-linux-gnu/bin/../lib/gcc/nios2-elf/4.1.2/../../../../nios2-elf/lib/mno-hw-mul/libsmallc.a(lib_a-impure.o)
 .debug_info    0x000020e7      0x6b8 /opt/altera/13.0sp1/nios2eds/bin/gnu/H-i686-pc-linux-gnu/bin/../lib/gcc/nios2-elf/4.1.2/../../../../nios2-elf/lib/mno-hw-mul/libsmallc.a(lib_a-putc.o)
 .debug_info    0x0000279f      0x68c /opt/altera/13.0sp1/nios2eds/bin/gnu/H-i686-pc-linux-gnu/bin/../lib/gcc/nios2-elf/4.1.2/../../../../nios2-elf/lib/mno-hw-mul/libsmallc.a(lib_a-writer.o)
 .debug_info    0x00002e2b       0x8c /opt/altera/13.0sp1/nios2eds/bin/gnu/H-i686-pc-linux-gnu/bin/../lib/gcc/nios2-elf/4.1.2/../../../../nios2-elf/lib/mno-hw-mul/libsmallc.a(lib_a-int_errno.o)
 .debug_info    0x00002eb7      0x12e ../../bsp/task5_2//libhal_bsp.a(alt_load.o)
 .debug_info    0x00002fe5      0x125 ../../bsp/task5_2//libhal_bsp.a(alt_main.o)
 .debug_info    0x0000310a      0x179 ../../bsp/task5_2//libhal_bsp.a(alt_write.o)
 .debug_info    0x00003283      0x2cb ../../bsp/task5_2//libhal_bsp.a(alt_sys_init.o)
 .debug_info    0x0000354e      0x18f ../../bsp/task5_2//libhal_bsp.a(altera_avalon_jtag_uart_write.o)
 .debug_info    0x000036dd      0x399 ../../bsp/task5_2//libhal_bsp.a(altera_avalon_mutex.o)
 .debug_info    0x00003a76       0x8d ../../bsp/task5_2//libhal_bsp.a(alt_dcache_flush_all.o)
 .debug_info    0x00003b03      0x1b7 ../../bsp/task5_2//libhal_bsp.a(alt_dev_llist_insert.o)
 .debug_info    0x00003cba       0xab ../../bsp/task5_2//libhal_bsp.a(alt_errno.o)
 .debug_info    0x00003d65      0x310 ../../bsp/task5_2//libhal_bsp.a(alt_find_dev.o)
 .debug_info    0x00004075       0x8d ../../bsp/task5_2//libhal_bsp.a(alt_icache_flush_all.o)
 .debug_info    0x00004102       0x8d ../../bsp/task5_2//libhal_bsp.a(altera_nios2_qsys_irq.o)
 .debug_info    0x0000418f       0xef /opt/altera/13.0sp1/nios2eds/bin/gnu/H-i686-pc-linux-gnu/bin/../lib/gcc/nios2-elf/4.1.2/../../../../nios2-elf/lib/mno-hw-mul/libsmallc.a(lib_a-memcmp.o)

.debug_abbrev   0x00000000     0x15a0
 *(.debug_abbrev)
 .debug_abbrev  0x00000000       0x12 ../../bsp/task5_2//obj/HAL/src/crt0.o
 .debug_abbrev  0x00000012       0xd6 obj/default/src_2/cpu_2.o
 .debug_abbrev  0x000000e8       0x14 obj/default/src_2/delay_asm.o
 .debug_abbrev  0x000000fc       0xe0 /opt/altera/13.0sp1/nios2eds/bin/gnu/H-i686-pc-linux-gnu/bin/../lib/gcc/nios2-elf/4.1.2/mno-hw-mul/libgcc.a(lib2-divmod.o)
 .debug_abbrev  0x000001dc       0x7b /opt/altera/13.0sp1/nios2eds/bin/gnu/H-i686-pc-linux-gnu/bin/../lib/gcc/nios2-elf/4.1.2/mno-hw-mul/libgcc.a(lib2-mul.o)
 .debug_abbrev  0x00000257       0x9d /opt/altera/13.0sp1/nios2eds/bin/gnu/H-i686-pc-linux-gnu/bin/../lib/gcc/nios2-elf/4.1.2/../../../../nios2-elf/lib/mno-hw-mul/libsmallc.a(lib_a-memcpy.o)
 .debug_abbrev  0x000002f4      0x158 /opt/altera/13.0sp1/nios2eds/bin/gnu/H-i686-pc-linux-gnu/bin/../lib/gcc/nios2-elf/4.1.2/../../../../nios2-elf/lib/mno-hw-mul/libsmallc.a(lib_a-putchar.o)
 .debug_abbrev  0x0000044c      0x180 /opt/altera/13.0sp1/nios2eds/bin/gnu/H-i686-pc-linux-gnu/bin/../lib/gcc/nios2-elf/4.1.2/../../../../nios2-elf/lib/mno-hw-mul/libsmallc.a(lib_a-puts.o)
 .debug_abbrev  0x000005cc       0x7a /opt/altera/13.0sp1/nios2eds/bin/gnu/H-i686-pc-linux-gnu/bin/../lib/gcc/nios2-elf/4.1.2/../../../../nios2-elf/lib/mno-hw-mul/libsmallc.a(lib_a-strlen.o)
 .debug_abbrev  0x00000646      0x179 /opt/altera/13.0sp1/nios2eds/bin/gnu/H-i686-pc-linux-gnu/bin/../lib/gcc/nios2-elf/4.1.2/../../../../nios2-elf/lib/mno-hw-mul/libsmallc.a(lib_a-fvwrite_small_dev.o)
 .debug_abbrev  0x000007bf      0x13f /opt/altera/13.0sp1/nios2eds/bin/gnu/H-i686-pc-linux-gnu/bin/../lib/gcc/nios2-elf/4.1.2/../../../../nios2-elf/lib/mno-hw-mul/libsmallc.a(lib_a-impure.o)
 .debug_abbrev  0x000008fe      0x167 /opt/altera/13.0sp1/nios2eds/bin/gnu/H-i686-pc-linux-gnu/bin/../lib/gcc/nios2-elf/4.1.2/../../../../nios2-elf/lib/mno-hw-mul/libsmallc.a(lib_a-putc.o)
 .debug_abbrev  0x00000a65      0x16c /opt/altera/13.0sp1/nios2eds/bin/gnu/H-i686-pc-linux-gnu/bin/../lib/gcc/nios2-elf/4.1.2/../../../../nios2-elf/lib/mno-hw-mul/libsmallc.a(lib_a-writer.o)
 .debug_abbrev  0x00000bd1       0x3b /opt/altera/13.0sp1/nios2eds/bin/gnu/H-i686-pc-linux-gnu/bin/../lib/gcc/nios2-elf/4.1.2/../../../../nios2-elf/lib/mno-hw-mul/libsmallc.a(lib_a-int_errno.o)
 .debug_abbrev  0x00000c0c       0x97 ../../bsp/task5_2//libhal_bsp.a(alt_load.o)
 .debug_abbrev  0x00000ca3       0xa6 ../../bsp/task5_2//libhal_bsp.a(alt_main.o)
 .debug_abbrev  0x00000d49       0xdd ../../bsp/task5_2//libhal_bsp.a(alt_write.o)
 .debug_abbrev  0x00000e26      0x14d ../../bsp/task5_2//libhal_bsp.a(alt_sys_init.o)
 .debug_abbrev  0x00000f73       0xf0 ../../bsp/task5_2//libhal_bsp.a(altera_avalon_jtag_uart_write.o)
 .debug_abbrev  0x00001063      0x1a2 ../../bsp/task5_2//libhal_bsp.a(altera_avalon_mutex.o)
 .debug_abbrev  0x00001205       0x3f ../../bsp/task5_2//libhal_bsp.a(alt_dcache_flush_all.o)
 .debug_abbrev  0x00001244      0x117 ../../bsp/task5_2//libhal_bsp.a(alt_dev_llist_insert.o)
 .debug_abbrev  0x0000135b       0x5e ../../bsp/task5_2//libhal_bsp.a(alt_errno.o)
 .debug_abbrev  0x000013b9       0xed ../../bsp/task5_2//libhal_bsp.a(alt_find_dev.o)
 .debug_abbrev  0x000014a6       0x3f ../../bsp/task5_2//libhal_bsp.a(alt_icache_flush_all.o)
 .debug_abbrev  0x000014e5       0x3f ../../bsp/task5_2//libhal_bsp.a(altera_nios2_qsys_irq.o)
 .debug_abbrev  0x00001524       0x7c /opt/altera/13.0sp1/nios2eds/bin/gnu/H-i686-pc-linux-gnu/bin/../lib/gcc/nios2-elf/4.1.2/../../../../nios2-elf/lib/mno-hw-mul/libsmallc.a(lib_a-memcmp.o)

.debug_line     0x00000000     0x3c8e
 *(.debug_line)
 .debug_line    0x00000000       0x66 ../../bsp/task5_2//obj/HAL/src/crt0.o
 .debug_line    0x00000066      0x2c6 obj/default/src_2/cpu_2.o
 .debug_line    0x0000032c       0x46 obj/default/src_2/delay_asm.o
 .debug_line    0x00000372      0x2c6 /opt/altera/13.0sp1/nios2eds/bin/gnu/H-i686-pc-linux-gnu/bin/../lib/gcc/nios2-elf/4.1.2/mno-hw-mul/libgcc.a(lib2-divmod.o)
 .debug_line    0x00000638      0x191 /opt/altera/13.0sp1/nios2eds/bin/gnu/H-i686-pc-linux-gnu/bin/../lib/gcc/nios2-elf/4.1.2/mno-hw-mul/libgcc.a(lib2-mul.o)
 .debug_line    0x000007c9      0x145 /opt/altera/13.0sp1/nios2eds/bin/gnu/H-i686-pc-linux-gnu/bin/../lib/gcc/nios2-elf/4.1.2/../../../../nios2-elf/lib/mno-hw-mul/libsmallc.a(lib_a-memcpy.o)
 .debug_line    0x0000090e      0x267 /opt/altera/13.0sp1/nios2eds/bin/gnu/H-i686-pc-linux-gnu/bin/../lib/gcc/nios2-elf/4.1.2/../../../../nios2-elf/lib/mno-hw-mul/libsmallc.a(lib_a-putchar.o)
 .debug_line    0x00000b75      0x2b2 /opt/altera/13.0sp1/nios2eds/bin/gnu/H-i686-pc-linux-gnu/bin/../lib/gcc/nios2-elf/4.1.2/../../../../nios2-elf/lib/mno-hw-mul/libsmallc.a(lib_a-puts.o)
 .debug_line    0x00000e27      0x250 /opt/altera/13.0sp1/nios2eds/bin/gnu/H-i686-pc-linux-gnu/bin/../lib/gcc/nios2-elf/4.1.2/../../../../nios2-elf/lib/mno-hw-mul/libsmallc.a(lib_a-strlen.o)
 .debug_line    0x00001077      0x2a9 /opt/altera/13.0sp1/nios2eds/bin/gnu/H-i686-pc-linux-gnu/bin/../lib/gcc/nios2-elf/4.1.2/../../../../nios2-elf/lib/mno-hw-mul/libsmallc.a(lib_a-fvwrite_small_dev.o)
 .debug_line    0x00001320      0x230 /opt/altera/13.0sp1/nios2eds/bin/gnu/H-i686-pc-linux-gnu/bin/../lib/gcc/nios2-elf/4.1.2/../../../../nios2-elf/lib/mno-hw-mul/libsmallc.a(lib_a-impure.o)
 .debug_line    0x00001550      0x2d2 /opt/altera/13.0sp1/nios2eds/bin/gnu/H-i686-pc-linux-gnu/bin/../lib/gcc/nios2-elf/4.1.2/../../../../nios2-elf/lib/mno-hw-mul/libsmallc.a(lib_a-putc.o)
 .debug_line    0x00001822      0x29d /opt/altera/13.0sp1/nios2eds/bin/gnu/H-i686-pc-linux-gnu/bin/../lib/gcc/nios2-elf/4.1.2/../../../../nios2-elf/lib/mno-hw-mul/libsmallc.a(lib_a-writer.o)
 .debug_line    0x00001abf      0x1e2 /opt/altera/13.0sp1/nios2eds/bin/gnu/H-i686-pc-linux-gnu/bin/../lib/gcc/nios2-elf/4.1.2/../../../../nios2-elf/lib/mno-hw-mul/libsmallc.a(lib_a-int_errno.o)
 .debug_line    0x00001ca1      0x225 ../../bsp/task5_2//libhal_bsp.a(alt_load.o)
 .debug_line    0x00001ec6      0x2d0 ../../bsp/task5_2//libhal_bsp.a(alt_main.o)
 .debug_line    0x00002196      0x2b9 ../../bsp/task5_2//libhal_bsp.a(alt_write.o)
 .debug_line    0x0000244f      0x34c ../../bsp/task5_2//libhal_bsp.a(alt_sys_init.o)
 .debug_line    0x0000279b      0x302 ../../bsp/task5_2//libhal_bsp.a(altera_avalon_jtag_uart_write.o)
 .debug_line    0x00002a9d      0x38e ../../bsp/task5_2//libhal_bsp.a(altera_avalon_mutex.o)
 .debug_line    0x00002e2b      0x1c3 ../../bsp/task5_2//libhal_bsp.a(alt_dcache_flush_all.o)
 .debug_line    0x00002fee      0x26a ../../bsp/task5_2//libhal_bsp.a(alt_dev_llist_insert.o)
 .debug_line    0x00003258      0x1b8 ../../bsp/task5_2//libhal_bsp.a(alt_errno.o)
 .debug_line    0x00003410      0x26f ../../bsp/task5_2//libhal_bsp.a(alt_find_dev.o)
 .debug_line    0x0000367f      0x1c3 ../../bsp/task5_2//libhal_bsp.a(alt_icache_flush_all.o)
 .debug_line    0x00003842      0x1dc ../../bsp/task5_2//libhal_bsp.a(altera_nios2_qsys_irq.o)
 .debug_line    0x00003a1e      0x270 /opt/altera/13.0sp1/nios2eds/bin/gnu/H-i686-pc-linux-gnu/bin/../lib/gcc/nios2-elf/4.1.2/../../../../nios2-elf/lib/mno-hw-mul/libsmallc.a(lib_a-memcmp.o)

.debug_frame    0x00000000      0x4b8
 *(.debug_frame)
 .debug_frame   0x00000000       0x64 obj/default/src_2/cpu_2.o
 .debug_frame   0x00000064       0x70 /opt/altera/13.0sp1/nios2eds/bin/gnu/H-i686-pc-linux-gnu/bin/../lib/gcc/nios2-elf/4.1.2/mno-hw-mul/libgcc.a(lib2-divmod.o)
 .debug_frame   0x000000d4       0x20 /opt/altera/13.0sp1/nios2eds/bin/gnu/H-i686-pc-linux-gnu/bin/../lib/gcc/nios2-elf/4.1.2/mno-hw-mul/libgcc.a(lib2-mul.o)
 .debug_frame   0x000000f4       0x20 /opt/altera/13.0sp1/nios2eds/bin/gnu/H-i686-pc-linux-gnu/bin/../lib/gcc/nios2-elf/4.1.2/../../../../nios2-elf/lib/mno-hw-mul/libsmallc.a(lib_a-memcpy.o)
 .debug_frame   0x00000114       0x30 /opt/altera/13.0sp1/nios2eds/bin/gnu/H-i686-pc-linux-gnu/bin/../lib/gcc/nios2-elf/4.1.2/../../../../nios2-elf/lib/mno-hw-mul/libsmallc.a(lib_a-putchar.o)
 .debug_frame   0x00000144       0x3c /opt/altera/13.0sp1/nios2eds/bin/gnu/H-i686-pc-linux-gnu/bin/../lib/gcc/nios2-elf/4.1.2/../../../../nios2-elf/lib/mno-hw-mul/libsmallc.a(lib_a-puts.o)
 .debug_frame   0x00000180       0x20 /opt/altera/13.0sp1/nios2eds/bin/gnu/H-i686-pc-linux-gnu/bin/../lib/gcc/nios2-elf/4.1.2/../../../../nios2-elf/lib/mno-hw-mul/libsmallc.a(lib_a-strlen.o)
 .debug_frame   0x000001a0       0x30 /opt/altera/13.0sp1/nios2eds/bin/gnu/H-i686-pc-linux-gnu/bin/../lib/gcc/nios2-elf/4.1.2/../../../../nios2-elf/lib/mno-hw-mul/libsmallc.a(lib_a-fvwrite_small_dev.o)
 .debug_frame   0x000001d0       0x48 /opt/altera/13.0sp1/nios2eds/bin/gnu/H-i686-pc-linux-gnu/bin/../lib/gcc/nios2-elf/4.1.2/../../../../nios2-elf/lib/mno-hw-mul/libsmallc.a(lib_a-putc.o)
 .debug_frame   0x00000218       0x2c /opt/altera/13.0sp1/nios2eds/bin/gnu/H-i686-pc-linux-gnu/bin/../lib/gcc/nios2-elf/4.1.2/../../../../nios2-elf/lib/mno-hw-mul/libsmallc.a(lib_a-writer.o)
 .debug_frame   0x00000244       0x38 ../../bsp/task5_2//libhal_bsp.a(alt_load.o)
 .debug_frame   0x0000027c       0x28 ../../bsp/task5_2//libhal_bsp.a(alt_main.o)
 .debug_frame   0x000002a4       0x28 ../../bsp/task5_2//libhal_bsp.a(alt_write.o)
 .debug_frame   0x000002cc       0x50 ../../bsp/task5_2//libhal_bsp.a(alt_sys_init.o)
 .debug_frame   0x0000031c       0x20 ../../bsp/task5_2//libhal_bsp.a(altera_avalon_jtag_uart_write.o)
 .debug_frame   0x0000033c       0xa4 ../../bsp/task5_2//libhal_bsp.a(altera_avalon_mutex.o)
 .debug_frame   0x000003e0       0x20 ../../bsp/task5_2//libhal_bsp.a(alt_dcache_flush_all.o)
 .debug_frame   0x00000400       0x28 ../../bsp/task5_2//libhal_bsp.a(alt_dev_llist_insert.o)
 .debug_frame   0x00000428       0x30 ../../bsp/task5_2//libhal_bsp.a(alt_find_dev.o)
 .debug_frame   0x00000458       0x20 ../../bsp/task5_2//libhal_bsp.a(alt_icache_flush_all.o)
 .debug_frame   0x00000478       0x20 ../../bsp/task5_2//libhal_bsp.a(altera_nios2_qsys_irq.o)
 .debug_frame   0x00000498       0x20 /opt/altera/13.0sp1/nios2eds/bin/gnu/H-i686-pc-linux-gnu/bin/../lib/gcc/nios2-elf/4.1.2/../../../../nios2-elf/lib/mno-hw-mul/libsmallc.a(lib_a-memcmp.o)

.debug_str      0x00000000      0xfdd
 *(.debug_str)
 .debug_str     0x00000000      0x100 obj/default/src_2/cpu_2.o
                                0x150 (size before relaxing)
 .debug_str     0x00000100      0x110 /opt/altera/13.0sp1/nios2eds/bin/gnu/H-i686-pc-linux-gnu/bin/../lib/gcc/nios2-elf/4.1.2/mno-hw-mul/libgcc.a(lib2-divmod.o)
                                0x1b9 (size before relaxing)
 .debug_str     0x00000210       0x37 /opt/altera/13.0sp1/nios2eds/bin/gnu/H-i686-pc-linux-gnu/bin/../lib/gcc/nios2-elf/4.1.2/mno-hw-mul/libgcc.a(lib2-mul.o)
                                0x17a (size before relaxing)
 .debug_str     0x00000247       0xfb /opt/altera/13.0sp1/nios2eds/bin/gnu/H-i686-pc-linux-gnu/bin/../lib/gcc/nios2-elf/4.1.2/../../../../nios2-elf/lib/mno-hw-mul/libsmallc.a(lib_a-memcpy.o)
                                0x12e (size before relaxing)
 .debug_str     0x00000342      0x395 /opt/altera/13.0sp1/nios2eds/bin/gnu/H-i686-pc-linux-gnu/bin/../lib/gcc/nios2-elf/4.1.2/../../../../nios2-elf/lib/mno-hw-mul/libsmallc.a(lib_a-putchar.o)
                                0x457 (size before relaxing)
 .debug_str     0x000006d7       0x48 /opt/altera/13.0sp1/nios2eds/bin/gnu/H-i686-pc-linux-gnu/bin/../lib/gcc/nios2-elf/4.1.2/../../../../nios2-elf/lib/mno-hw-mul/libsmallc.a(lib_a-puts.o)
                                0x455 (size before relaxing)
 .debug_str     0x0000071f       0x45 /opt/altera/13.0sp1/nios2eds/bin/gnu/H-i686-pc-linux-gnu/bin/../lib/gcc/nios2-elf/4.1.2/../../../../nios2-elf/lib/mno-hw-mul/libsmallc.a(lib_a-strlen.o)
                                0x189 (size before relaxing)
 .debug_str     0x00000764       0x70 /opt/altera/13.0sp1/nios2eds/bin/gnu/H-i686-pc-linux-gnu/bin/../lib/gcc/nios2-elf/4.1.2/../../../../nios2-elf/lib/mno-hw-mul/libsmallc.a(lib_a-fvwrite_small_dev.o)
                                0x46f (size before relaxing)
 .debug_str     0x000007d4       0xfd /opt/altera/13.0sp1/nios2eds/bin/gnu/H-i686-pc-linux-gnu/bin/../lib/gcc/nios2-elf/4.1.2/../../../../nios2-elf/lib/mno-hw-mul/libsmallc.a(lib_a-impure.o)
                                0x462 (size before relaxing)
 .debug_str     0x000008d1       0x4f /opt/altera/13.0sp1/nios2eds/bin/gnu/H-i686-pc-linux-gnu/bin/../lib/gcc/nios2-elf/4.1.2/../../../../nios2-elf/lib/mno-hw-mul/libsmallc.a(lib_a-putc.o)
                                0x45a (size before relaxing)
 .debug_str     0x00000920       0x4f /opt/altera/13.0sp1/nios2eds/bin/gnu/H-i686-pc-linux-gnu/bin/../lib/gcc/nios2-elf/4.1.2/../../../../nios2-elf/lib/mno-hw-mul/libsmallc.a(lib_a-writer.o)
                                0x456 (size before relaxing)
 .debug_str     0x0000096f       0x40 /opt/altera/13.0sp1/nios2eds/bin/gnu/H-i686-pc-linux-gnu/bin/../lib/gcc/nios2-elf/4.1.2/../../../../nios2-elf/lib/mno-hw-mul/libsmallc.a(lib_a-int_errno.o)
                                0x17c (size before relaxing)
 .debug_str     0x000009af      0x125 ../../bsp/task5_2//libhal_bsp.a(alt_load.o)
                                0x1ba (size before relaxing)
 .debug_str     0x00000ad4       0x70 ../../bsp/task5_2//libhal_bsp.a(alt_main.o)
                                0x13e (size before relaxing)
 .debug_str     0x00000b44       0x58 ../../bsp/task5_2//libhal_bsp.a(alt_write.o)
                                0x16a (size before relaxing)
 .debug_str     0x00000b9c      0x12b ../../bsp/task5_2//libhal_bsp.a(alt_sys_init.o)
                                0x28f (size before relaxing)
 .debug_str     0x00000cc7       0x4a ../../bsp/task5_2//libhal_bsp.a(altera_avalon_jtag_uart_write.o)
                                0x1b6 (size before relaxing)
 .debug_str     0x00000d11       0xfe ../../bsp/task5_2//libhal_bsp.a(altera_avalon_mutex.o)
                                0x272 (size before relaxing)
 .debug_str     0x00000e0f       0x34 ../../bsp/task5_2//libhal_bsp.a(alt_dcache_flush_all.o)
                                 0xfd (size before relaxing)
 .debug_str     0x00000e43       0x59 ../../bsp/task5_2//libhal_bsp.a(alt_dev_llist_insert.o)
                                0x174 (size before relaxing)
 .debug_str     0x00000e9c       0x14 ../../bsp/task5_2//libhal_bsp.a(alt_errno.o)
                                 0xed (size before relaxing)
 .debug_str     0x00000eb0       0x79 ../../bsp/task5_2//libhal_bsp.a(alt_find_dev.o)
                                0x194 (size before relaxing)
 .debug_str     0x00000f29       0x34 ../../bsp/task5_2//libhal_bsp.a(alt_icache_flush_all.o)
                                 0xfd (size before relaxing)
 .debug_str     0x00000f5d       0x3b ../../bsp/task5_2//libhal_bsp.a(altera_nios2_qsys_irq.o)
                                0x104 (size before relaxing)
 .debug_str     0x00000f98       0x45 /opt/altera/13.0sp1/nios2eds/bin/gnu/H-i686-pc-linux-gnu/bin/../lib/gcc/nios2-elf/4.1.2/../../../../nios2-elf/lib/mno-hw-mul/libsmallc.a(lib_a-memcmp.o)
                                0x183 (size before relaxing)

.debug_loc      0x00000000      0xb28
 *(.debug_loc)
 .debug_loc     0x00000000      0x123 obj/default/src_2/cpu_2.o
 .debug_loc     0x00000123      0x1d2 /opt/altera/13.0sp1/nios2eds/bin/gnu/H-i686-pc-linux-gnu/bin/../lib/gcc/nios2-elf/4.1.2/mno-hw-mul/libgcc.a(lib2-divmod.o)
 .debug_loc     0x000002f5       0x4f /opt/altera/13.0sp1/nios2eds/bin/gnu/H-i686-pc-linux-gnu/bin/../lib/gcc/nios2-elf/4.1.2/mno-hw-mul/libgcc.a(lib2-mul.o)
 .debug_loc     0x00000344       0x1e /opt/altera/13.0sp1/nios2eds/bin/gnu/H-i686-pc-linux-gnu/bin/../lib/gcc/nios2-elf/4.1.2/../../../../nios2-elf/lib/mno-hw-mul/libsmallc.a(lib_a-memcpy.o)
 .debug_loc     0x00000362       0x44 /opt/altera/13.0sp1/nios2eds/bin/gnu/H-i686-pc-linux-gnu/bin/../lib/gcc/nios2-elf/4.1.2/../../../../nios2-elf/lib/mno-hw-mul/libsmallc.a(lib_a-putchar.o)
 .debug_loc     0x000003a6       0xa2 /opt/altera/13.0sp1/nios2eds/bin/gnu/H-i686-pc-linux-gnu/bin/../lib/gcc/nios2-elf/4.1.2/../../../../nios2-elf/lib/mno-hw-mul/libsmallc.a(lib_a-puts.o)
 .debug_loc     0x00000448       0x1e /opt/altera/13.0sp1/nios2eds/bin/gnu/H-i686-pc-linux-gnu/bin/../lib/gcc/nios2-elf/4.1.2/../../../../nios2-elf/lib/mno-hw-mul/libsmallc.a(lib_a-strlen.o)
 .debug_loc     0x00000466      0x162 /opt/altera/13.0sp1/nios2eds/bin/gnu/H-i686-pc-linux-gnu/bin/../lib/gcc/nios2-elf/4.1.2/../../../../nios2-elf/lib/mno-hw-mul/libsmallc.a(lib_a-fvwrite_small_dev.o)
 .debug_loc     0x000005c8       0xd4 /opt/altera/13.0sp1/nios2eds/bin/gnu/H-i686-pc-linux-gnu/bin/../lib/gcc/nios2-elf/4.1.2/../../../../nios2-elf/lib/mno-hw-mul/libsmallc.a(lib_a-putc.o)
 .debug_loc     0x0000069c       0x97 /opt/altera/13.0sp1/nios2eds/bin/gnu/H-i686-pc-linux-gnu/bin/../lib/gcc/nios2-elf/4.1.2/../../../../nios2-elf/lib/mno-hw-mul/libsmallc.a(lib_a-writer.o)
 .debug_loc     0x00000733       0x1f ../../bsp/task5_2//libhal_bsp.a(alt_load.o)
 .debug_loc     0x00000752       0x1f ../../bsp/task5_2//libhal_bsp.a(alt_main.o)
 .debug_loc     0x00000771       0x9a ../../bsp/task5_2//libhal_bsp.a(alt_write.o)
 .debug_loc     0x0000080b       0x64 ../../bsp/task5_2//libhal_bsp.a(alt_sys_init.o)
 .debug_loc     0x0000086f       0x26 ../../bsp/task5_2//libhal_bsp.a(altera_avalon_jtag_uart_write.o)
 .debug_loc     0x00000895       0xd9 ../../bsp/task5_2//libhal_bsp.a(altera_avalon_mutex.o)
 .debug_loc     0x0000096e       0x5b ../../bsp/task5_2//libhal_bsp.a(alt_dev_llist_insert.o)
 .debug_loc     0x000009c9       0xef ../../bsp/task5_2//libhal_bsp.a(alt_find_dev.o)
 .debug_loc     0x00000ab8       0x70 /opt/altera/13.0sp1/nios2eds/bin/gnu/H-i686-pc-linux-gnu/bin/../lib/gcc/nios2-elf/4.1.2/../../../../nios2-elf/lib/mno-hw-mul/libsmallc.a(lib_a-memcmp.o)

.debug_macinfo
 *(.debug_macinfo)

.debug_weaknames
 *(.debug_weaknames)

.debug_funcnames
 *(.debug_funcnames)

.debug_typenames
 *(.debug_typenames)

.debug_varnames
 *(.debug_varnames)

.debug_alt_sim_info
                0x00000000       0x10
 *(.debug_alt_sim_info)
 .debug_alt_sim_info
                0x00000000       0x10 ../../bsp/task5_2//obj/HAL/src/crt0.o
                0x00004000                __alt_data_end = 0x4000
                0x00004000                PROVIDE (__alt_stack_pointer, __alt_data_end)
                0x00002e6c                PROVIDE (__alt_stack_limit, __alt_stack_base)
                0x00002e6c                PROVIDE (__alt_heap_start, end)
                0x00004000                PROVIDE (__alt_heap_limit, 0x4000)
OUTPUT(task5_2.elf elf32-littlenios2)

.debug_ranges   0x00000000       0x50
 .debug_ranges  0x00000000       0x20 ../../bsp/task5_2//obj/HAL/src/crt0.o
 .debug_ranges  0x00000020       0x18 obj/default/src_2/cpu_2.o
 .debug_ranges  0x00000038       0x18 ../../bsp/task5_2//libhal_bsp.a(alt_dev_llist_insert.o)
